Component: ARM Compiler 6.16 Tool: armlink [5dfeaa00]

==============================================================================

Section Cross References

    startup_stm32f407xx.o(STACK) refers (Special) to heapauxi.o(.text) for __use_two_region_memory
    startup_stm32f407xx.o(HEAP) refers (Special) to heapauxi.o(.text) for __use_two_region_memory
    startup_stm32f407xx.o(RESET) refers (Special) to heapauxi.o(.text) for __use_two_region_memory
    startup_stm32f407xx.o(RESET) refers to startup_stm32f407xx.o(STACK) for __initial_sp
    startup_stm32f407xx.o(RESET) refers to startup_stm32f407xx.o(.text) for Reset_Handler
    startup_stm32f407xx.o(RESET) refers to stm32f4xx_it.o(.text.NMI_Handler) for NMI_Handler
    startup_stm32f407xx.o(RESET) refers to stm32f4xx_it.o(.text.HardFault_Handler) for HardFault_Handler
    startup_stm32f407xx.o(RESET) refers to stm32f4xx_it.o(.text.MemManage_Handler) for MemManage_Handler
    startup_stm32f407xx.o(RESET) refers to stm32f4xx_it.o(.text.BusFault_Handler) for BusFault_Handler
    startup_stm32f407xx.o(RESET) refers to stm32f4xx_it.o(.text.UsageFault_Handler) for UsageFault_Handler
    startup_stm32f407xx.o(RESET) refers to port.o(.text.SVC_Handler) for SVC_Handler
    startup_stm32f407xx.o(RESET) refers to stm32f4xx_it.o(.text.DebugMon_Handler) for DebugMon_Handler
    startup_stm32f407xx.o(RESET) refers to port.o(.text.PendSV_Handler) for PendSV_Handler
    startup_stm32f407xx.o(RESET) refers to cmsis_os2.o(.text.SysTick_Handler) for SysTick_Handler
    startup_stm32f407xx.o(RESET) refers to stm32f4xx_it.o(.text.TIM1_UP_TIM10_IRQHandler) for TIM1_UP_TIM10_IRQHandler
    startup_stm32f407xx.o(RESET) refers to stm32f4xx_it.o(.text.UART4_IRQHandler) for UART4_IRQHandler
    startup_stm32f407xx.o(RESET) refers to stm32f4xx_it.o(.text.TIM6_DAC_IRQHandler) for TIM6_DAC_IRQHandler
    startup_stm32f407xx.o(RESET) refers to stm32f4xx_it.o(.text.USART6_IRQHandler) for USART6_IRQHandler
    startup_stm32f407xx.o(.text) refers (Special) to heapauxi.o(.text) for __use_two_region_memory
    startup_stm32f407xx.o(.text) refers to system_stm32f4xx.o(.text.SystemInit) for SystemInit
    startup_stm32f407xx.o(.text) refers to __main.o(!!!main) for __main
    startup_stm32f407xx.o(.text) refers to startup_stm32f407xx.o(HEAP) for Heap_Mem
    startup_stm32f407xx.o(.text) refers to startup_stm32f407xx.o(STACK) for Stack_Mem
    app.o(.text.checkTasksTimeout) refers to app.o(.bss.secondsCounter) for secondsCounter
    app.o(.text.checkTasksTimeout) refers to app.o(.bss.checkFW) for checkFW
    app.o(.text.checkTasksTimeout) refers to app.o(.bss.timeSynchronization) for timeSynchronization
    app.o(.text.checkTasksTimeout) refers to main.o(.bss.sendMsgSemHandle) for sendMsgSemHandle
    app.o(.text.checkTasksTimeout) refers to cmsis_os2.o(.text.osSemaphoreRelease) for osSemaphoreRelease
    app.o(.ARM.exidx.text.checkTasksTimeout) refers to app.o(.text.checkTasksTimeout) for [Anonymous Symbol]
    appinit.o(.text.initApp) refers to main.o(.bss.htim6) for htim6
    appinit.o(.text.initApp) refers to stm32f4xx_hal_tim.o(.text.HAL_TIM_Base_Start_IT) for HAL_TIM_Base_Start_IT
    appinit.o(.ARM.exidx.text.initApp) refers to appinit.o(.text.initApp) for [Anonymous Symbol]
    esp.o(.text.sendMsgToESP) refers to main.o(.bss.sendMsgSemHandle) for sendMsgSemHandle
    esp.o(.text.sendMsgToESP) refers to app.o(.bss.checkFW) for checkFW
    esp.o(.text.sendMsgToESP) refers to esp.o(.bss.currentCmdESP) for currentCmdESP
    esp.o(.text.sendMsgToESP) refers to main.o(.bss.huart4) for huart4
    esp.o(.text.sendMsgToESP) refers to esp.o(.data.versionNum) for versionNum
    esp.o(.text.sendMsgToESP) refers to esp.o(.data.checkFWCmd) for checkFWCmd
    esp.o(.text.sendMsgToESP) refers to stm32f4xx_hal_uart.o(.text.HAL_UART_Transmit_IT) for HAL_UART_Transmit_IT
    esp.o(.text.sendMsgToESP) refers to cmsis_os2.o(.text.osDelay) for osDelay
    esp.o(.text.sendMsgToESP) refers to cmsis_os2.o(.text.osSemaphoreAcquire) for osSemaphoreAcquire
    esp.o(.text.sendMsgToESP) refers to app.o(.bss.timeSynchronization) for timeSynchronization
    esp.o(.text.sendMsgToESP) refers to esp.o(.data.getTimestampCmd) for getTimestampCmd
    esp.o(.ARM.exidx.text.sendMsgToESP) refers to esp.o(.text.sendMsgToESP) for [Anonymous Symbol]
    rfid.o(.ARM.exidx.text.uiCrc16Calc) refers to rfid.o(.text.uiCrc16Calc) for [Anonymous Symbol]
    rfid.o(.text.setCRC16) refers to rfid.o(.text.uiCrc16Calc) for uiCrc16Calc
    rfid.o(.ARM.exidx.text.setCRC16) refers to rfid.o(.text.setCRC16) for [Anonymous Symbol]
    rfid.o(.text.getReaderInfo) refers to rfid.o(.text.setCRC16) for setCRC16
    rfid.o(.ARM.exidx.text.getReaderInfo) refers to rfid.o(.text.getReaderInfo) for [Anonymous Symbol]
    rfid.o(.text.writeCMDToBuf) refers to rfid.o(.bss.deviceAddress) for deviceAddress
    rfid.o(.text.writeCMDToBuf) refers to rfid.o(.text.setCRC16) for setCRC16
[...]
    [Anonymous Symbol]                       0x20004db4   Section        0  tasks.o(.bss.xYieldPending)
    Heap_Mem                                 0x20004db8   Data         512  startup_stm32f407xx.o(HEAP)
    HEAP                                     0x20004db8   Section      512  startup_stm32f407xx.o(HEAP)
    Stack_Mem                                0x20004fb8   Data        1024  startup_stm32f407xx.o(STACK)
    STACK                                    0x20004fb8   Section     1024  startup_stm32f407xx.o(STACK)
    __initial_sp                             0x200053b8   Data           0  startup_stm32f407xx.o(STACK)

    Global Symbols

    Symbol Name                              Value     Ov Type        Size  Object(Section)

    BuildAttributes$$THM_ISAv4$E$P$D$K$B$S$7EM$VFPi3$EXTD16$VFPS$VFMA$PE$A:L22UL41UL21$X:L11$S22US41US21$IEEE1$IW$~IW$USESV6$~STKCKD$USESV7$~SHL$OTIME$ROPI$EBA8$UX$STANDARDLIB$REQ8$PRES8$EABIv2 0x00000000   Number         0  anon$$obj.o ABSOLUTE
    __ARM_exceptions_init                     - Undefined Weak Reference
    __alloca_initialize                       - Undefined Weak Reference
    __arm_preinit_                            - Undefined Weak Reference
    __cpp_initialize__aeabi_                  - Undefined Weak Reference
    __cxa_finalize                            - Undefined Weak Reference
    __rt_locale                               - Undefined Weak Reference
    __sigvec_lookup                           - Undefined Weak Reference
    _atexit_init                              - Undefined Weak Reference
    _call_atexit_fns                          - Undefined Weak Reference
    _clock_init                               - Undefined Weak Reference
    _fp_trap_init                             - Undefined Weak Reference
    _fp_trap_shutdown                         - Undefined Weak Reference
    _get_lc_collate                           - Undefined Weak Reference
    _get_lc_ctype                             - Undefined Weak Reference
    _get_lc_monetary                          - Undefined Weak Reference
    _get_lc_numeric                           - Undefined Weak Reference
    _get_lc_time                              - Undefined Weak Reference
    _getenv_init                              - Undefined Weak Reference
    _handle_redirection                       - Undefined Weak Reference
    _init_alloc                               - Undefined Weak Reference
    _init_user_alloc                          - Undefined Weak Reference
    _initio                                   - Undefined Weak Reference
    _rand_init                                - Undefined Weak Reference
    _signal_finish                            - Undefined Weak Reference
    _signal_init                              - Undefined Weak Reference
    _terminate_alloc                          - Undefined Weak Reference
    _terminate_user_alloc                     - Undefined Weak Reference
    _terminateio                              - Undefined Weak Reference
    __Vectors_Size                           0x00000188   Number         0  startup_stm32f407xx.o ABSOLUTE
    __Vectors                                0x08020000   Data           4  startup_stm32f407xx.o(RESET)
    __Vectors_End                            0x08020188   Data           0  startup_stm32f407xx.o(RESET)
    __main                                   0x08020189   Thumb Code     8  __main.o(!!!main)
    __scatterload                            0x08020191   Thumb Code     0  __scatter.o(!!!scatter)
    __scatterload_rt2                        0x08020191   Thumb Code    44  __scatter.o(!!!scatter)
    __scatterload_rt2_thumb_only             0x08020191   Thumb Code     0  __scatter.o(!!!scatter)
    __scatterload_null                       0x0802019f   Thumb Code     0  __scatter.o(!!!scatter)
    __scatterload_copy                       0x080201c5   Thumb Code    26  __scatter_copy.o(!!handler_copy)
    __scatterload_zeroinit                   0x080201e1   Thumb Code    28  __scatter_zi.o(!!handler_zi)
    __rt_lib_init                            0x080201fd   Thumb Code     0  libinit.o(.ARM.Collect$$libinit$$00000000)
    __rt_lib_init_fp_1                       0x080201ff   Thumb Code     0  libinit2.o(.ARM.Collect$$libinit$$00000001)
    __rt_lib_init_alloca_1                   0x08020203   Thumb Code     0  libinit2.o(.ARM.Collect$$libinit$$0000002E)
    __rt_lib_init_argv_1                     0x08020203   Thumb Code     0  libinit2.o(.ARM.Collect$$libinit$$0000002C)
    __rt_lib_init_atexit_1                   0x08020203   Thumb Code     0  libinit2.o(.ARM.Collect$$libinit$$0000001B)
    __rt_lib_init_clock_1                    0x08020203   Thumb Code     0  libinit2.o(.ARM.Collect$$libinit$$00000021)
    __rt_lib_init_cpp_1                      0x08020203   Thumb Code     0  libinit2.o(.ARM.Collect$$libinit$$00000032)
    __rt_lib_init_exceptions_1               0x08020203   Thumb Code     0  libinit2.o(.ARM.Collect$$libinit$$00000030)
    __rt_lib_init_fp_trap_1                  0x08020203   Thumb Code     0  libinit2.o(.ARM.Collect$$libinit$$0000001F)
    __rt_lib_init_getenv_1                   0x08020203   Thumb Code     0  libinit2.o(.ARM.Collect$$libinit$$00000023)
    __rt_lib_init_heap_1                     0x08020203   Thumb Code     0  libinit2.o(.ARM.Collect$$libinit$$0000000A)
    __rt_lib_init_lc_collate_1               0x08020203   Thumb Code     0  libinit2.o(.ARM.Collect$$libinit$$00000011)
    __rt_lib_init_lc_ctype_1                 0x08020203   Thumb Code     0  libinit2.o(.ARM.Collect$$libinit$$00000013)
    __rt_lib_init_lc_monetary_1              0x08020203   Thumb Code     0  libinit2.o(.ARM.Collect$$libinit$$00000015)
    __rt_lib_init_lc_numeric_1               0x08020203   Thumb Code     0  libinit2.o(.ARM.Collect$$libinit$$00000017)
    __rt_lib_init_lc_time_1                  0x08020203   Thumb Code     0  libinit2.o(.ARM.Collect$$libinit$$00000019)
    __rt_lib_init_preinit_1                  0x08020203   Thumb Code     0  libinit2.o(.ARM.Collect$$libinit$$00000004)
    __rt_lib_init_rand_1                     0x08020203   Thumb Code     0  libinit2.o(.ARM.Collect$$libinit$$0000000E)
    __rt_lib_init_return                     0x08020203   Thumb Code     0  libinit2.o(.ARM.Collect$$libinit$$00000033)
    __rt_lib_init_signal_1                   0x08020203   Thumb Code     0  libinit2.o(.ARM.Collect$$libinit$$0000001D)
    __rt_lib_init_stdio_1                    0x08020203   Thumb Code     0  libinit2.o(.ARM.Collect$$libinit$$00000025)
    __rt_lib_init_user_alloc_1               0x08020203   Thumb Code     0  libinit2.o(.ARM.Collect$$libinit$$0000000C)
    __rt_lib_shutdown                        0x08020205   Thumb Code     0  libshutdown.o(.ARM.Collect$$libshutdown$$00000000)
    __rt_lib_shutdown_cpp_1                  0x08020207   Thumb Code     0  libshutdown2.o(.ARM.Collect$$libshutdown$$00000002)
    __rt_lib_shutdown_fp_trap_1              0x08020207   Thumb Code     0  libshutdown2.o(.ARM.Collect$$libshutdown$$00000007)
    __rt_lib_shutdown_heap_1                 0x08020207   Thumb Code     0  libshutdown2.o(.ARM.Collect$$libshutdown$$0000000F)
    __rt_lib_shutdown_return                 0x08020207   Thumb Code     0  libshutdown2.o(.ARM.Collect$$libshutdown$$00000010)
    __rt_lib_shutdown_signal_1               0x08020207   Thumb Code     0  libshutdown2.o(.ARM.Collect$$libshutdown$$0000000A)
    __rt_lib_shutdown_stdio_1                0x08020207   Thumb Code     0  libshutdown2.o(.ARM.Collect$$libshutdown$$00000004)
    __rt_lib_shutdown_user_alloc_1           0x08020207   Thumb Code     0  libshutdown2.o(.ARM.Collect$$libshutdown$$0000000C)
    __rt_entry                               0x08020209   Thumb Code     0  __rtentry.o(.ARM.Collect$$rtentry$$00000000)
    __rt_entry_presh_1                       0x08020209   Thumb Code     0  __rtentry2.o(.ARM.Collect$$rtentry$$00000002)
    __rt_entry_sh                            0x08020209   Thumb Code     0  __rtentry4.o(.ARM.Collect$$rtentry$$00000004)
    __rt_entry_li                            0x0802020f   Thumb Code     0  __rtentry2.o(.ARM.Collect$$rtentry$$0000000A)
    __rt_entry_postsh_1                      0x0802020f   Thumb Code     0  __rtentry2.o(.ARM.Collect$$rtentry$$00000009)
    __rt_entry_main                          0x08020213   Thumb Code     0  __rtentry2.o(.ARM.Collect$$rtentry$$0000000D)
    __rt_entry_postli_1                      0x08020213   Thumb Code     0  __rtentry2.o(.ARM.Collect$$rtentry$$0000000C)
    __rt_exit                                0x0802021b   Thumb Code     0  rtexit.o(.ARM.Collect$$rtexit$$00000000)
    __rt_exit_ls                             0x0802021d   Thumb Code     0  rtexit2.o(.ARM.Collect$$rtexit$$00000003)
    __rt_exit_prels_1                        0x0802021d   Thumb Code     0  rtexit2.o(.ARM.Collect$$rtexit$$00000002)
    __rt_exit_exit                           0x08020221   Thumb Code     0  rtexit2.o(.ARM.Collect$$rtexit$$00000004)
    Reset_Handler                            0x08020229   Thumb Code     8  startup_stm32f407xx.o(.text)
    ADC_IRQHandler                           0x08020243   Thumb Code     0  startup_stm32f407xx.o(.text)
    CAN1_RX0_IRQHandler                      0x08020243   Thumb Code     0  startup_stm32f407xx.o(.text)
    CAN1_RX1_IRQHandler                      0x08020243   Thumb Code     0  startup_stm32f407xx.o(.text)
    CAN1_SCE_IRQHandler                      0x08020243   Thumb Code     0  startup_stm32f407xx.o(.text)
    CAN1_TX_IRQHandler                       0x08020243   Thumb Code     0  startup_stm32f407xx.o(.text)
    CAN2_RX0_IRQHandler                      0x08020243   Thumb Code     0  startup_stm32f407xx.o(.text)
    CAN2_RX1_IRQHandler                      0x08020243   Thumb Code     0  startup_stm32f407xx.o(.text)
    CAN2_SCE_IRQHandler                      0x08020243   Thumb Code     0  startup_stm32f407xx.o(.text)
    CAN2_TX_IRQHandler                       0x08020243   Thumb Code     0  startup_stm32f407xx.o(.text)
    DCMI_IRQHandler                          0x08020243   Thumb Code     0  startup_stm32f407xx.o(.text)
    DMA1_Stream0_IRQHandler                  0x08020243   Thumb Code     0  startup_stm32f407xx.o(.text)
    DMA1_Stream1_IRQHandler                  0x08020243   Thumb Code     0  startup_stm32f407xx.o(.text)
    DMA1_Stream2_IRQHandler                  0x08020243   Thumb Code     0  startup_stm32f407xx.o(.text)
    DMA1_Stream3_IRQHandler                  0x08020243   Thumb Code     0  startup_stm32f407xx.o(.text)
    DMA1_Stream4_IRQHandler                  0x08020243   Thumb Code     0  startup_stm32f407xx.o(.text)
    DMA1_Stream5_IRQHandler                  0x08020243   Thumb Code     0  startup_stm32f407xx.o(.text)
    DMA1_Stream6_IRQHandler                  0x08020243   Thumb Code     0  startup_stm32f407xx.o(.text)
    DMA1_Stream7_IRQHandler                  0x08020243   Thumb Code     0  startup_stm32f407xx.o(.text)
    DMA2_Stream0_IRQHandler                  0x08020243   Thumb Code     0  startup_stm32f407xx.o(.text)
    DMA2_Stream1_IRQHandler                  0x08020243   Thumb Code     0  startup_stm32f407xx.o(.text)
    DMA2_Stream2_IRQHandler                  0x08020243   Thumb Code     0  startup_stm32f407xx.o(.text)
    DMA2_Stream3_IRQHandler                  0x08020243   Thumb Code     0  startup_stm32f407xx.o(.text)
    DMA2_Stream4_IRQHandler                  0x08020243   Thumb Code     0  startup_stm32f407xx.o(.text)
    DMA2_Stream5_IRQHandler                  0x08020243   Thumb Code     0  startup_stm32f407xx.o(.text)
    DMA2_Stream6_IRQHandler                  0x08020243   Thumb Code     0  startup_stm32f407xx.o(.text)
    DMA2_Stream7_IRQHandler                  0x08020243   Thumb Code     0  startup_stm32f407xx.o(.text)
    ETH_IRQHandler                           0x08020243   Thumb Code     0  startup_stm32f407xx.o(.text)
    ETH_WKUP_IRQHandler                      0x08020243   Thumb Code     0  startup_stm32f407xx.o(.text)
    EXTI0_IRQHandler                         0x08020243   Thumb Code     0  startup_stm32f407xx.o(.text)
    EXTI15_10_IRQHandler                     0x08020243   Thumb Code     0  startup_stm32f407xx.o(.text)
    EXTI1_IRQHandler                         0x08020243   Thumb Code     0  startup_stm32f407xx.o(.text)
    EXTI2_IRQHandler                         0x08020243   Thumb Code     0  startup_stm32f407xx.o(.text)
    EXTI3_IRQHandler                         0x08020243   Thumb Code     0  startup_stm32f407xx.o(.text)
    EXTI4_IRQHandler                         0x08020243   Thumb Code     0  startup_stm32f407xx.o(.text)
    EXTI9_5_IRQHandler                       0x08020243   Thumb Code     0  startup_stm32f407xx.o(.text)
    FLASH_IRQHandler                         0x08020243   Thumb Code     0  startup_stm32f407xx.o(.text)
    FMC_IRQHandler                           0x08020243   Thumb Code     0  startup_stm32f407xx.o(.text)
    FPU_IRQHandler                           0x08020243   Thumb Code     0  startup_stm32f407xx.o(.text)
    HASH_RNG_IRQHandler                      0x08020243   Thumb Code     0  startup_stm32f407xx.o(.text)
    I2C1_ER_IRQHandler                       0x08020243   Thumb Code     0  startup_stm32f407xx.o(.text)
    I2C1_EV_IRQHandler                       0x08020243   Thumb Code     0  startup_stm32f407xx.o(.text)
    I2C2_ER_IRQHandler                       0x08020243   Thumb Code     0  startup_stm32f407xx.o(.text)
    I2C2_EV_IRQHandler                       0x08020243   Thumb Code     0  startup_stm32f407xx.o(.text)
    I2C3_ER_IRQHandler                       0x08020243   Thumb Code     0  startup_stm32f407xx.o(.text)
    I2C3_EV_IRQHandler                       0x08020243   Thumb Code     0  startup_stm32f407xx.o(.text)
    OTG_FS_IRQHandler                        0x08020243   Thumb Code     0  startup_stm32f407xx.o(.text)
    OTG_FS_WKUP_IRQHandler                   0x08020243   Thumb Code     0  startup_stm32f407xx.o(.text)
    OTG_HS_EP1_IN_IRQHandler                 0x08020243   Thumb Code     0  startup_stm32f407xx.o(.text)
    OTG_HS_EP1_OUT_IRQHandler                0x08020243   Thumb Code     0  startup_stm32f407xx.o(.text)
    OTG_HS_IRQHandler                        0x08020243   Thumb Code     0  startup_stm32f407xx.o(.text)
    OTG_HS_WKUP_IRQHandler                   0x08020243   Thumb Code     0  startup_stm32f407xx.o(.text)
    PVD_IRQHandler                           0x08020243   Thumb Code     0  startup_stm32f407xx.o(.text)
    RCC_IRQHandler                           0x08020243   Thumb Code     0  startup_stm32f407xx.o(.text)
    RTC_Alarm_IRQHandler                     0x08020243   Thumb Code     0  startup_stm32f407xx.o(.text)
    RTC_WKUP_IRQHandler                      0x08020243   Thumb Code     0  startup_stm32f407xx.o(.text)
    SDIO_IRQHandler                          0x08020243   Thumb Code     0  startup_stm32f407xx.o(.text)
    SPI1_IRQHandler                          0x08020243   Thumb Code     0  startup_stm32f407xx.o(.text)
    SPI2_IRQHandler                          0x08020243   Thumb Code     0  startup_stm32f407xx.o(.text)
    SPI3_IRQHandler                          0x08020243   Thumb Code     0  startup_stm32f407xx.o(.text)
    TAMP_STAMP_IRQHandler                    0x08020243   Thumb Code     0  startup_stm32f407xx.o(.text)
    TIM1_BRK_TIM9_IRQHandler                 0x08020243   Thumb Code     0  startup_stm32f407xx.o(.text)
    TIM1_CC_IRQHandler                       0x08020243   Thumb Code     0  startup_stm32f407xx.o(.text)
    TIM1_TRG_COM_TIM11_IRQHandler            0x08020243   Thumb Code     0  startup_stm32f407xx.o(.text)
    TIM2_IRQHandler                          0x08020243   Thumb Code     0  startup_stm32f407xx.o(.text)
    TIM3_IRQHandler                          0x08020243   Thumb Code     0  startup_stm32f407xx.o(.text)
    TIM4_IRQHandler                          0x08020243   Thumb Code     0  startup_stm32f407xx.o(.text)
    TIM5_IRQHandler                          0x08020243   Thumb Code     0  startup_stm32f407xx.o(.text)
    TIM7_IRQHandler                          0x08020243   Thumb Code     0  startup_stm32f407xx.o(.text)
    TIM8_BRK_TIM12_IRQHandler                0x08020243   Thumb Code     0  startup_stm32f407xx.o(.text)
    TIM8_CC_IRQHandler                       0x08020243   Thumb Code     0  startup_stm32f407xx.o(.text)
    TIM8_TRG_COM_TIM14_IRQHandler            0x08020243   Thumb Code     0  startup_stm32f407xx.o(.text)
    TIM8_UP_TIM13_IRQHandler                 0x08020243   Thumb Code     0  startup_stm32f407xx.o(.text)
    UART5_IRQHandler                         0x08020243   Thumb Code     0  startup_stm32f407xx.o(.text)
    USART1_IRQHandler                        0x08020243   Thumb Code     0  startup_stm32f407xx.o(.text)
    USART2_IRQHandler                        0x08020243   Thumb Code     0  startup_stm32f407xx.o(.text)
    USART3_IRQHandler                        0x08020243   Thumb Code     0  startup_stm32f407xx.o(.text)
    WWDG_IRQHandler                          0x08020243   Thumb Code     0  startup_stm32f407xx.o(.text)
    __user_initial_stackheap                 0x08020245   Thumb Code     0  startup_stm32f407xx.o(.text)
    __aeabi_uldivmod                         0x08020269   Thumb Code     0  lludivv7m.o(.text)
    _ll_udiv                                 0x08020269   Thumb Code   240  lludivv7m.o(.text)
    __aeabi_ldivmod                          0x08020359   Thumb Code     0  llsdiv.o(.text)
    _ll_sdiv                                 0x08020359   Thumb Code   116  llsdiv.o(.text)
    __aeabi_memcpy                           0x080203cd   Thumb Code     0  rt_memcpy_v6.o(.text)
    __rt_memcpy                              0x080203cd   Thumb Code   138  rt_memcpy_v6.o(.text)
    _memcpy_lastbytes                        0x08020433   Thumb Code     0  rt_memcpy_v6.o(.text)
    __aeabi_memset4                          0x08020457   Thumb Code    16  aeabi_memset4.o(.text)
    __aeabi_memset8                          0x08020457   Thumb Code     0  aeabi_memset4.o(.text)
    __aeabi_memclr4                          0x08020467   Thumb Code     0  rt_memclr_w.o(.text)
    __aeabi_memclr8                          0x08020467   Thumb Code     0  rt_memclr_w.o(.text)
    __rt_memclr_w                            0x08020467   Thumb Code     0  rt_memclr_w.o(.text)
    _memset_w                                0x0802046b   Thumb Code    74  rt_memclr_w.o(.text)
    __use_two_region_memory                  0x080204b5   Thumb Code     2  heapauxi.o(.text)
    __rt_heap_escrow$2region                 0x080204b7   Thumb Code     2  heapauxi.o(.text)
    __rt_heap_expand$2region                 0x080204b9   Thumb Code     2  heapauxi.o(.text)
    __aeabi_memcpy4                          0x080204bb   Thumb Code     0  rt_memcpy_w.o(.text)
    __aeabi_memcpy8                          0x080204bb   Thumb Code     0  rt_memcpy_w.o(.text)
    __rt_memcpy_w                            0x080204bb   Thumb Code   100  rt_memcpy_w.o(.text)
    _memcpy_lastbytes_aligned                0x08020503   Thumb Code     0  rt_memcpy_w.o(.text)
    __user_setup_stackheap                   0x0802051f   Thumb Code    74  sys_stackheap_outer.o(.text)
    exit                                     0x08020569   Thumb Code    18  exit.o(.text)
    __user_libspace                          0x0802057d   Thumb Code     8  libspace.o(.text)
    __user_perproc_libspace                  0x0802057d   Thumb Code     0  libspace.o(.text)
    __user_perthread_libspace                0x0802057d   Thumb Code     0  libspace.o(.text)
    _sys_exit                                0x08020585   Thumb Code     8  sys_exit.o(.text)
    __I$use$semihosting                      0x08020591   Thumb Code     0  use_no_semi.o(.text)
    __use_no_semihosting_swi                 0x08020591   Thumb Code     2  use_no_semi.o(.text)
    __semihosting_library_function           0x08020593   Thumb Code     0  indicate_semi.o(.text)
    BusFault_Handler                         0x08020595   Thumb Code     2  stm32f4xx_it.o(.text.BusFault_Handler)
    DebugMon_Handler                         0x08020599   Thumb Code     2  stm32f4xx_it.o(.text.DebugMon_Handler)
    Error_Handler                            0x0802059d   Thumb Code    10  main.o(.text.Error_Handler)
    HAL_DMA_Abort                            0x080205a9   Thumb Code   128  stm32f4xx_hal_dma.o(.text.HAL_DMA_Abort)
    HAL_DMA_Abort_IT                         0x08020629   Thumb Code    36  stm32f4xx_hal_dma.o(.text.HAL_DMA_Abort_IT)
    HAL_DeInit                               0x0802064d   Thumb Code    44  stm32f4xx_hal.o(.text.HAL_DeInit)
    HAL_GPIO_Init                            0x08020679   Thumb Code   410  stm32f4xx_hal_gpio.o(.text.HAL_GPIO_Init)
    HAL_GPIO_ReadPin                         0x08020815   Thumb Code    10  stm32f4xx_hal_gpio.o(.text.HAL_GPIO_ReadPin)
    HAL_GPIO_TogglePin                       0x08020821   Thumb Code    16  stm32f4xx_hal_gpio.o(.text.HAL_GPIO_TogglePin)
    HAL_GPIO_WritePin                        0x08020831   Thumb Code    10  stm32f4xx_hal_gpio.o(.text.HAL_GPIO_WritePin)
    HAL_GetTick                              0x0802083d   Thumb Code    12  stm32f4xx_hal.o(.text.HAL_GetTick)
    HAL_IWDG_Init                            0x08020849   Thumb Code    88  stm32f4xx_hal_iwdg.o(.text.HAL_IWDG_Init)
    HAL_IWDG_Refresh                         0x080208a1   Thumb Code    12  stm32f4xx_hal_iwdg.o(.text.HAL_IWDG_Refresh)
    HAL_IncTick                              0x080208ad   Thumb Code    26  stm32f4xx_hal.o(.text.HAL_IncTick)
    HAL_Init                                 0x080208c9   Thumb Code    54  stm32f4xx_hal.o(.text.HAL_Init)
    HAL_InitTick                             0x08020901   Thumb Code   162  stm32f4xx_hal_timebase_tim.o(.text.HAL_InitTick)
    HAL_MspDeInit                            0x080209a5   Thumb Code     2  stm32f4xx_hal.o(.text.HAL_MspDeInit)
    HAL_MspInit                              0x080209a9   Thumb Code    70  stm32f4xx_hal_msp.o(.text.HAL_MspInit)
    HAL_NVIC_EnableIRQ                       0x080209f1   Thumb Code     8  stm32f4xx_hal_cortex.o(.text.HAL_NVIC_EnableIRQ)
    HAL_NVIC_SetPriority                     0x080209f9   Thumb Code    30  stm32f4xx_hal_cortex.o(.text.HAL_NVIC_SetPriority)
    HAL_NVIC_SetPriorityGrouping             0x08020a19   Thumb Code     8  stm32f4xx_hal_cortex.o(.text.HAL_NVIC_SetPriorityGrouping)
    HAL_NVIC_SystemReset                     0x08020a21   Thumb Code     4  stm32f4xx_hal_cortex.o(.text.HAL_NVIC_SystemReset)
    HAL_RCC_ClockConfig                      0x08020a25   Thumb Code   352  stm32f4xx_hal_rcc.o(.text.HAL_RCC_ClockConfig)
    HAL_RCC_DeInit                           0x08020b85   Thumb Code   290  stm32f4xx_hal_rcc_ex.o(.text.HAL_RCC_DeInit)
    HAL_RCC_GetClockConfig                   0x08020ca9   Thumb Code    62  stm32f4xx_hal_rcc.o(.text.HAL_RCC_GetClockConfig)
    HAL_RCC_GetHCLKFreq                      0x08020ce9   Thumb Code    12  stm32f4xx_hal_rcc.o(.text.HAL_RCC_GetHCLKFreq)
    HAL_RCC_GetPCLK1Freq                     0x08020cf5   Thumb Code    34  stm32f4xx_hal_rcc.o(.text.HAL_RCC_GetPCLK1Freq)
    HAL_RCC_GetPCLK2Freq                     0x08020d19   Thumb Code    34  stm32f4xx_hal_rcc.o(.text.HAL_RCC_GetPCLK2Freq)
    HAL_RCC_GetSysClockFreq                  0x08020d3d   Thumb Code   106  stm32f4xx_hal_rcc.o(.text.HAL_RCC_GetSysClockFreq)
    HAL_RCC_OscConfig                        0x08020da9   Thumb Code   840  stm32f4xx_hal_rcc.o(.text.HAL_RCC_OscConfig)
    HAL_TIMEx_BreakCallback                  0x080210f1   Thumb Code     2  stm32f4xx_hal_tim_ex.o(.text.HAL_TIMEx_BreakCallback)
    HAL_TIMEx_CommutCallback                 0x080210f5   Thumb Code     2  stm32f4xx_hal_tim_ex.o(.text.HAL_TIMEx_CommutCallback)
    HAL_TIMEx_MasterConfigSynchronization    0x080210f9   Thumb Code   184  stm32f4xx_hal_tim_ex.o(.text.HAL_TIMEx_MasterConfigSynchronization)
    HAL_TIM_Base_Init                        0x080211b1   Thumb Code    90  stm32f4xx_hal_tim.o(.text.HAL_TIM_Base_Init)
    HAL_TIM_Base_MspInit                     0x0802120d   Thumb Code    72  stm32f4xx_hal_msp.o(.text.HAL_TIM_Base_MspInit)
    HAL_TIM_Base_Start_IT                    0x08021255   Thumb Code   168  stm32f4xx_hal_tim.o(.text.HAL_TIM_Base_Start_IT)
    HAL_TIM_IC_CaptureCallback               0x080212fd   Thumb Code     2  stm32f4xx_hal_tim.o(.text.HAL_TIM_IC_CaptureCallback)
    HAL_TIM_IRQHandler                       0x08021301   Thumb Code   362  stm32f4xx_hal_tim.o(.text.HAL_TIM_IRQHandler)
    HAL_TIM_OC_DelayElapsedCallback          0x0802146d   Thumb Code     2  stm32f4xx_hal_tim.o(.text.HAL_TIM_OC_DelayElapsedCallback)
    HAL_TIM_PWM_PulseFinishedCallback        0x08021471   Thumb Code     2  stm32f4xx_hal_tim.o(.text.HAL_TIM_PWM_PulseFinishedCallback)
    HAL_TIM_PeriodElapsedCallback            0x08021475   Thumb Code    38  main.o(.text.HAL_TIM_PeriodElapsedCallback)
    HAL_TIM_TriggerCallback                  0x0802149d   Thumb Code     2  stm32f4xx_hal_tim.o(.text.HAL_TIM_TriggerCallback)
    HAL_UARTEx_RxEventCallback               0x080214a1   Thumb Code     2  stm32f4xx_hal_uart.o(.text.HAL_UARTEx_RxEventCallback)
    HAL_UART_ErrorCallback                   0x080214a5   Thumb Code     2  stm32f4xx_hal_uart.o(.text.HAL_UART_ErrorCallback)
    HAL_UART_IRQHandler                      0x080214a9   Thumb Code   570  stm32f4xx_hal_uart.o(.text.HAL_UART_IRQHandler)
    HAL_UART_Init                            0x080216e5   Thumb Code    94  stm32f4xx_hal_uart.o(.text.HAL_UART_Init)
    HAL_UART_MspInit                         0x08021745   Thumb Code   212  stm32f4xx_hal_msp.o(.text.HAL_UART_MspInit)
    HAL_UART_Receive_IT                      0x08021819   Thumb Code    56  stm32f4xx_hal_uart.o(.text.HAL_UART_Receive_IT)
    HAL_UART_RxCpltCallback                  0x08021851   Thumb Code   144  uartcallback.o(.text.HAL_UART_RxCpltCallback)
    HAL_UART_Transmit_IT                     0x080218e1   Thumb Code    68  stm32f4xx_hal_uart.o(.text.HAL_UART_Transmit_IT)
    HAL_UART_TxCpltCallback                  0x08021925   Thumb Code    88  uartcallback.o(.text.HAL_UART_TxCpltCallback)
    HardFault_Handler                        0x0802197d   Thumb Code     2  stm32f4xx_it.o(.text.HardFault_Handler)
    MemManage_Handler                        0x08021b2d   Thumb Code     2  stm32f4xx_it.o(.text.MemManage_Handler)
    NMI_Handler                              0x08021b31   Thumb Code     2  stm32f4xx_it.o(.text.NMI_Handler)
    PendSV_Handler                           0x08021b61   Thumb Code   100  port.o(.text.PendSV_Handler)
    SVC_Handler                              0x08021bd1   Thumb Code    36  port.o(.text.SVC_Handler)
    SysTick_Handler                          0x08021bfd   Thumb Code    26  cmsis_os2.o(.text.SysTick_Handler)
    SystemClock_Config                       0x08021c19   Thumb Code   138  main.o(.text.SystemClock_Config)
    SystemInit                               0x08021ca5   Thumb Code    26  system_stm32f4xx.o(.text.SystemInit)
    TIM1_UP_TIM10_IRQHandler                 0x08021cc1   Thumb Code    16  stm32f4xx_it.o(.text.TIM1_UP_TIM10_IRQHandler)
    TIM6_DAC_IRQHandler                      0x08021cd1   Thumb Code    16  stm32f4xx_it.o(.text.TIM6_DAC_IRQHandler)
    TIM_Base_SetConfig                       0x08021ce1   Thumb Code   292  stm32f4xx_hal_tim.o(.text.TIM_Base_SetConfig)
    UART4_IRQHandler                         0x08021e05   Thumb Code    16  stm32f4xx_it.o(.text.UART4_IRQHandler)
    UART_Start_Receive_IT                    0x0802202d   Thumb Code    56  stm32f4xx_hal_uart.o(.text.UART_Start_Receive_IT)
    USART6_IRQHandler                        0x080220b9   Thumb Code    16  stm32f4xx_it.o(.text.USART6_IRQHandler)
    UsageFault_Handler                       0x080220c9   Thumb Code     2  stm32f4xx_it.o(.text.UsageFault_Handler)
    checkBufCRC                              0x08022175   Thumb Code    32  rfid.o(.text.checkBufCRC)
    checkTasksTimeout                        0x08022195   Thumb Code   106  app.o(.text.checkTasksTimeout)
    copyTag                                  0x08022201   Thumb Code    26  rfid.o(.text.copyTag)
    hx711_coef_set                           0x0802221d   Thumb Code     6  hx711.o(.text.hx711_coef_set)
    hx711_delay_us                           0x08022225   Thumb Code    18  hx711.o(.text.hx711_delay_us)
    hx711_init                               0x08022239   Thumb Code   140  hx711.o(.text.hx711_init)
    hx711_lock                               0x080222c5   Thumb Code    26  hx711.o(.text.hx711_lock)
    hx711_tare                               0x080222e1   Thumb Code    76  hx711.o(.text.hx711_tare)
    hx711_unlock                             0x0802232d   Thumb Code     6  hx711.o(.text.hx711_unlock)
    hx711_value                              0x08022335   Thumb Code   136  hx711.o(.text.hx711_value)
    hx711_weight                             0x080223bd   Thumb Code   100  hx711.o(.text.hx711_weight)
    initADC                                  0x08022421   Thumb Code    66  adc.o(.text.initADC)
    initApp                                  0x08022465   Thumb Code    16  appinit.o(.text.initApp)
    isTagsEqual                              0x08022475   Thumb Code    40  rfid.o(.text.isTagsEqual)
    main                                     0x0802249d   Thumb Code   274  main.o(.text.main)
    osDelay                                  0x080225b1   Thumb Code    34  cmsis_os2.o(.text.osDelay)
    osKernelInitialize                       0x080225d5   Thumb Code    40  cmsis_os2.o(.text.osKernelInitialize)
    osKernelStart                            0x080225fd   Thumb Code    52  cmsis_os2.o(.text.osKernelStart)
    osSemaphoreAcquire                       0x08022631   Thumb Code   106  cmsis_os2.o(.text.osSemaphoreAcquire)
    osSemaphoreNew                           0x0802269d   Thumb Code   196  cmsis_os2.o(.text.osSemaphoreNew)
    osSemaphoreRelease                       0x08022761   Thumb Code    96  cmsis_os2.o(.text.osSemaphoreRelease)
    osThreadNew                              0x080227c1   Thumb Code   180  cmsis_os2.o(.text.osThreadNew)
    pvPortMalloc                             0x08023215   Thumb Code   330  heap_4.o(.text.pvPortMalloc)
    pvTaskIncrementMutexHeldCount            0x08023361   Thumb Code    24  tasks.o(.text.pvTaskIncrementMutexHeldCount)
    pxPortInitialiseStack                    0x08023379   Thumb Code    40  port.o(.text.pxPortInitialiseStack)
    readEPCData                              0x080233a1   Thumb Code   184  rfid.o(.text.readEPCData)
    readRfid                                 0x08023459   Thumb Code   106  rfid.o(.text.readRfid)
    readRfidResponse                         0x080234c5   Thumb Code    72  rfid.o(.text.readRfidResponse)
    readWeight                               0x0802350d   Thumb Code   136  adc.o(.text.readWeight)
    rfidInit                                 0x08023595   Thumb Code    42  rfid.o(.text.rfidInit)
    rfidReInit                               0x080235c1   Thumb Code    44  rfid.o(.text.rfidReInit)
    sendCmd                                  0x080235ed   Thumb Code    28  rfid.o(.text.sendCmd)
    sendMsgToESP                             0x08023609   Thumb Code   162  esp.o(.text.sendMsgToESP)
    setCRC16                                 0x080236ad   Thumb Code    30  rfid.o(.text.setCRC16)
    uiCrc16Calc                              0x080236cd   Thumb Code    56  rfid.o(.text.uiCrc16Calc)
    uxListRemove                             0x08023705   Thumb Code    36  list.o(.text.uxListRemove)
    vApplicationGetIdleTaskMemory            0x08023729   Thumb Code    26  cmsis_os2.o(.text.vApplicationGetIdleTaskMemory)
    vApplicationGetTimerTaskMemory           0x08023745   Thumb Code    28  cmsis_os2.o(.text.vApplicationGetTimerTaskMemory)
    vListInitialise                          0x08023761   Thumb Code    22  list.o(.text.vListInitialise)
    vListInitialiseItem                      0x08023779   Thumb Code     6  list.o(.text.vListInitialiseItem)
    vListInsert                              0x08023781   Thumb Code    60  list.o(.text.vListInsert)
    vListInsertEnd                           0x080237bd   Thumb Code    28  list.o(.text.vListInsertEnd)
    vPortEnterCritical                       0x080237ed   Thumb Code    70  port.o(.text.vPortEnterCritical)
    vPortExitCritical                        0x08023835   Thumb Code    46  port.o(.text.vPortExitCritical)
    vPortFree                                0x08023865   Thumb Code   138  heap_4.o(.text.vPortFree)
    vPortSetupTimerInterrupt                 0x080238f1   Thumb Code    52  port.o(.text.vPortSetupTimerInterrupt)
    vPortValidateInterruptPriority           0x08023925   Thumb Code    98  port.o(.text.vPortValidateInterruptPriority)
    vQueueAddToRegistry                      0x08023989   Thumb Code    40  queue.o(.text.vQueueAddToRegistry)
    vQueueDelete                             0x080239b1   Thumb Code    46  queue.o(.text.vQueueDelete)
    vQueueUnregisterQueue                    0x080239e1   Thumb Code    42  queue.o(.text.vQueueUnregisterQueue)
    vQueueWaitForMessageRestricted           0x08023a0d   Thumb Code    68  queue.o(.text.vQueueWaitForMessageRestricted)
    vTaskDelay                               0x08023a51   Thumb Code    84  tasks.o(.text.vTaskDelay)
    vTaskInternalSetTimeOutState             0x08023aa5   Thumb Code    26  tasks.o(.text.vTaskInternalSetTimeOutState)
    vTaskMissedYield                         0x08023ac1   Thumb Code    14  tasks.o(.text.vTaskMissedYield)
    vTaskPlaceOnEventList                    0x08023ad1   Thumb Code    50  tasks.o(.text.vTaskPlaceOnEventList)
    vTaskPlaceOnEventListRestricted          0x08023b05   Thumb Code    62  tasks.o(.text.vTaskPlaceOnEventListRestricted)
    vTaskPriorityDisinheritAfterTimeout      0x08023b45   Thumb Code   156  tasks.o(.text.vTaskPriorityDisinheritAfterTimeout)
    vTaskStartScheduler                      0x08023be1   Thumb Code   156  tasks.o(.text.vTaskStartScheduler)
    vTaskSuspendAll                          0x08023c85   Thumb Code    16  tasks.o(.text.vTaskSuspendAll)
    vTaskSwitchContext                       0x08023c95   Thumb Code   154  tasks.o(.text.vTaskSwitchContext)
    writeCMDToBuf                            0x08023d31   Thumb Code    78  rfid.o(.text.writeCMDToBuf)
    xPortStartScheduler                      0x08023d81   Thumb Code   294  port.o(.text.xPortStartScheduler)
    xPortSysTickHandler                      0x08023ea9   Thumb Code    46  port.o(.text.xPortSysTickHandler)
    xQueueCreateCountingSemaphore            0x08023ed9   Thumb Code    66  queue.o(.text.xQueueCreateCountingSemaphore)
    xQueueCreateCountingSemaphoreStatic      0x08023f1d   Thumb Code    78  queue.o(.text.xQueueCreateCountingSemaphoreStatic)
    xQueueGenericCreate                      0x08023f6d   Thumb Code    70  queue.o(.text.xQueueGenericCreate)
    xQueueGenericCreateStatic                0x08023fb5   Thumb Code   150  queue.o(.text.xQueueGenericCreateStatic)
    xQueueGenericReset                       0x0802404d   Thumb Code   126  queue.o(.text.xQueueGenericReset)
    xQueueGenericSend                        0x080240cd   Thumb Code   426  queue.o(.text.xQueueGenericSend)
    xQueueGenericSendFromISR                 0x08024279   Thumb Code   206  queue.o(.text.xQueueGenericSendFromISR)
    xQueueGiveFromISR                        0x08024349   Thumb Code   192  queue.o(.text.xQueueGiveFromISR)
    xQueueReceive                            0x08024409   Thumb Code   392  queue.o(.text.xQueueReceive)
    xQueueReceiveFromISR                     0x08024591   Thumb Code   170  queue.o(.text.xQueueReceiveFromISR)
    xQueueSemaphoreTake                      0x0802463d   Thumb Code   466  queue.o(.text.xQueueSemaphoreTake)
    xTaskCheckForTimeOut                     0x08024811   Thumb Code   142  tasks.o(.text.xTaskCheckForTimeOut)
    xTaskCreate                              0x080248a1   Thumb Code   102  tasks.o(.text.xTaskCreate)
    xTaskCreateStatic                        0x08024909   Thumb Code   118  tasks.o(.text.xTaskCreateStatic)
    xTaskGetSchedulerState                   0x08024981   Thumb Code    38  tasks.o(.text.xTaskGetSchedulerState)
    xTaskGetTickCount                        0x080249a9   Thumb Code    24  tasks.o(.text.xTaskGetTickCount)
    xTaskIncrementTick                       0x080249c1   Thumb Code   354  tasks.o(.text.xTaskIncrementTick)
    xTaskPriorityDisinherit                  0x08024b25   Thumb Code   146  tasks.o(.text.xTaskPriorityDisinherit)
    xTaskPriorityInherit                     0x08024bb9   Thumb Code   140  tasks.o(.text.xTaskPriorityInherit)
    xTaskRemoveFromEventList                 0x08024c45   Thumb Code   142  tasks.o(.text.xTaskRemoveFromEventList)
    xTaskResumeAll                           0x08024cd5   Thumb Code   280  tasks.o(.text.xTaskResumeAll)
    xTimerCreateTimerTask                    0x08024ded   Thumb Code   108  timers.o(.text.xTimerCreateTimerTask)
    xTimerGenericCommand                     0x08024e61   Thumb Code   104  timers.o(.text.xTimerGenericCommand)
    _fp_init                                 0x08024ec9   Thumb Code    26  fpinit.o(x$fpl$fpinit)
    __fplib_config_fpu_vfp                   0x08024ee1   Thumb Code     0  fpinit.o(x$fpl$fpinit)
    __fplib_config_pureend_doubles           0x08024ee1   Thumb Code     0  fpinit.o(x$fpl$fpinit)
    AHBPrescTable                            0x08024ee2   Data          16  system_stm32f4xx.o(.rodata.AHBPrescTable)
    APBPrescTable                            0x08024ef2   Data           8  system_stm32f4xx.o(.rodata.APBPrescTable)
    readRfidTask_attributes                  0x08024efc   Data          36  main.o(.rodata.readRfidTask_attributes)
    readWeightSem_attributes                 0x08024f20   Data          16  main.o(.rodata.readWeightSem_attributes)
    readWeightTask_attributes                0x08024f30   Data          36  main.o(.rodata.readWeightTask_attributes)
    sendMsgSem_attributes                    0x08024f54   Data          16  main.o(.rodata.sendMsgSem_attributes)
    sendMsgTask_attributes                   0x08024f64   Data          36  main.o(.rodata.sendMsgTask_attributes)
    Region$$Table$$Base                      0x08024fcc   Number         0  anon$$obj.o(Region$$Table)
    Region$$Table$$Limit                     0x08024fec   Number         0  anon$$obj.o(Region$$Table)
    SystemCoreClock                          0x20000000   Data           4  system_stm32f4xx.o(.data.SystemCoreClock)
    checkFWCmd                               0x20000004   Data           8  esp.o(.data.checkFWCmd)
    getTimestampCmd                          0x2000000c   Data           8  esp.o(.data.getTimestampCmd)
    rfidInitState                            0x20000014   Data           1  rfid.o(.data.rfidInitState)
    startConversion                          0x20000015   Data           1  adc.o(.data.startConversion)
    uwTickFreq                               0x20000016   Data           1  stm32f4xx_hal.o(.data.uwTickFreq)
    uwTickPrio                               0x20000018   Data           4  stm32f4xx_hal.o(.data.uwTickPrio)
    versionNum                               0x20000020   Data           2  esp.o(.data.versionNum)
    __libspace_start                         0x20000028   Data          96  libspace.o(.bss)
    __temporary_stack_top$libspace           0x20000088   Data           0  libspace.o(.bss)
    adcConversionInProcess                   0x2000008c   Data           1  adc.o(.bss.adcConversionInProcess)
    checkFW                                  0x2000008d   Data           1  app.o(.bss.checkFW)
    currentCmdESP                            0x2000008e   Data           1  esp.o(.bss.currentCmdESP)
    currentCmdRFID                           0x2000008f   Data           1  rfid.o(.bss.currentCmdRFID)
    currentTag                               0x20000090   Data           6  rfid.o(.bss.currentTag)
    deviceAddress                            0x20000096   Data           1  rfid.o(.bss.deviceAddress)
    hiwdg                                    0x20000098   Data          12  main.o(.bss.hiwdg)
    htim1                                    0x200000a4   Data          72  stm32f4xx_hal_timebase_tim.o(.bss.htim1)
    htim6                                    0x200000ec   Data          72  main.o(.bss.htim6)
    huart4                                   0x20000134   Data          68  main.o(.bss.huart4)
    huart6                                   0x20000178   Data          68  main.o(.bss.huart6)
    inputBuffer                              0x200001bc   Data          50  rfid.o(.bss.inputBuffer)
    loadcell                                 0x200001f0   Data          24  adc.o(.bss.loadcell)
    outputBuffer                             0x20000208   Data          50  rfid.o(.bss.outputBuffer)
    pxCurrentTCB                             0x20000330   Data           4  tasks.o(.bss.pxCurrentTCB)
    readRfidTaskHandle                       0x200007a8   Data           4  main.o(.bss.readRfidTaskHandle)
    readWeightSemHandle                      0x200007ac   Data           4  main.o(.bss.readWeightSemHandle)
    readWeightTaskHandle                     0x200007b0   Data           4  main.o(.bss.readWeightTaskHandle)
    receiveBuffer                            0x200007b4   Data         258  uartcallback.o(.bss.receiveBuffer)
    receiveStage                             0x200008b6   Data           1  rfid.o(.bss.receiveStage)
    secondsCounter                           0x200008b8   Data           2  app.o(.bss.secondsCounter)
    sendMsgSemHandle                         0x200008bc   Data           4  main.o(.bss.sendMsgSemHandle)
    sendMsgTaskHandle                        0x200008c0   Data           4  main.o(.bss.sendMsgTaskHandle)
    tagsBuffer                               0x200008c4   Data          30  rfid.o(.bss.tagsBuffer)
    timeSynchronization                      0x200008e2   Data           1  app.o(.bss.timeSynchronization)
    uwTick                                   0x200044e8   Data           4  stm32f4xx_hal.o(.bss.uwTick)
    weightBuffer                             0x20004bb8   Data         240  adc.o(.bss.weightBuffer)
    weightIndex                              0x20004ca8   Data           1  adc.o(.bss.weightIndex)
    xQueueRegistry                           0x20004d34   Data          64  queue.o(.bss.xQueueRegistry)



==============================================================================

Memory Map of the image

  Image Entry point : 0x08020189

  Load Region LR_IROM1 (Base: 0x08020000, Size: 0x00005018, Max: 0x00100000, ABSOLUTE)

    Execution Region ER_IROM1 (Exec base: 0x08020000, Load base: 0x08020000, Size: 0x00004fec, Max: 0x00100000, ABSOLUTE)

    Exec Addr    Load Addr    Size         Type   Attr      Idx    E Section Name        Object

    0x08020000   0x08020000   0x00000188   Data   RO            3    RESET               startup_stm32f407xx.o
    0x08020188   0x08020188   0x00000008   Code   RO         1888  * !!!main             c_w.l(__main.o)
    0x08020190   0x08020190   0x00000034   Code   RO         2063    !!!scatter          c_w.l(__scatter.o)
    0x080201c4   0x080201c4   0x0000001a   Code   RO         2065    !!handler_copy      c_w.l(__scatter_copy.o)
    0x080201de   0x080201de   0x00000002   PAD
    0x080201e0   0x080201e0   0x0000001c   Code   RO         2067    !!handler_zi        c_w.l(__scatter_zi.o)
    0x080201fc   0x080201fc   0x00000002   Code   RO         1927    .ARM.Collect$$libinit$$00000000  c_w.l(libinit.o)
    0x080201fe   0x080201fe   0x00000004   Code   RO         1939    .ARM.Collect$$libinit$$00000001  c_w.l(libinit2.o)
    0x08020202   0x08020202   0x00000000   Code   RO         1942    .ARM.Collect$$libinit$$00000004  c_w.l(libinit2.o)
    0x08020202   0x08020202   0x00000000   Code   RO         1945    .ARM.Collect$$libinit$$0000000A  c_w.l(libinit2.o)
    0x08020202   0x08020202   0x00000000   Code   RO         1947    .ARM.Collect$$libinit$$0000000C  c_w.l(libinit2.o)
    0x08020202   0x08020202   0x00000000   Code   RO         1949    .ARM.Collect$$libinit$$0000000E  c_w.l(libinit2.o)
    0x08020202   0x08020202   0x00000000   Code   RO         1952    .ARM.Collect$$libinit$$00000011  c_w.l(libinit2.o)
    0x08020202   0x08020202   0x00000000   Code   RO         1954    .ARM.Collect$$libinit$$00000013  c_w.l(libinit2.o)
    0x08020202   0x08020202   0x00000000   Code   RO         1956    .ARM.Collect$$libinit$$00000015  c_w.l(libinit2.o)
    0x08020202   0x08020202   0x00000000   Code   RO         1958    .ARM.Collect$$libinit$$00000017  c_w.l(libinit2.o)
    0x08020202   0x08020202   0x00000000   Code   RO         1960    .ARM.Collect$$libinit$$00000019  c_w.l(libinit2.o)
    0x08020202   0x08020202   0x00000000   Code   RO         1962    .ARM.Collect$$libinit$$0000001B  c_w.l(libinit2.o)
    0x08020202   0x08020202   0x00000000   Code   RO         1964    .ARM.Collect$$libinit$$0000001D  c_w.l(libinit2.o)
    0x08020202   0x08020202   0x00000000   Code   RO         1966    .ARM.Collect$$libinit$$0000001F  c_w.l(libinit2.o)
    0x08020202   0x08020202   0x00000000   Code   RO         1968    .ARM.Collect$$libinit$$00000021  c_w.l(libinit2.o)
    0x08020202   0x08020202   0x00000000   Code   RO         1970    .ARM.Collect$$libinit$$00000023  c_w.l(libinit2.o)
    0x08020202   0x08020202   0x00000000   Code   RO         1972    .ARM.Collect$$libinit$$00000025  c_w.l(libinit2.o)
    0x08020202   0x08020202   0x00000000   Code   RO         1976    .ARM.Collect$$libinit$$0000002C  c_w.l(libinit2.o)
    0x08020202   0x08020202   0x00000000   Code   RO         1978    .ARM.Collect$$libinit$$0000002E  c_w.l(libinit2.o)
    0x08020202   0x08020202   0x00000000   Code   RO         1980    .ARM.Collect$$libinit$$00000030  c_w.l(libinit2.o)
    0x08020202   0x08020202   0x00000000   Code   RO         1982    .ARM.Collect$$libinit$$00000032  c_w.l(libinit2.o)
    0x08020202   0x08020202   0x00000002   Code   RO         1983    .ARM.Collect$$libinit$$00000033  c_w.l(libinit2.o)
    0x08020204   0x08020204   0x00000002   Code   RO         2018    .ARM.Collect$$libshutdown$$00000000  c_w.l(libshutdown.o)
    0x08020206   0x08020206   0x00000000   Code   RO         2046    .ARM.Collect$$libshutdown$$00000002  c_w.l(libshutdown2.o)
    0x08020206   0x08020206   0x00000000   Code   RO         2048    .ARM.Collect$$libshutdown$$00000004  c_w.l(libshutdown2.o)
    0x08020206   0x08020206   0x00000000   Code   RO         2051    .ARM.Collect$$libshutdown$$00000007  c_w.l(libshutdown2.o)
    0x08020206   0x08020206   0x00000000   Code   RO         2054    .ARM.Collect$$libshutdown$$0000000A  c_w.l(libshutdown2.o)
    0x08020206   0x08020206   0x00000000   Code   RO         2056    .ARM.Collect$$libshutdown$$0000000C  c_w.l(libshutdown2.o)
    0x08020206   0x08020206   0x00000000   Code   RO         2059    .ARM.Collect$$libshutdown$$0000000F  c_w.l(libshutdown2.o)
    0x08020206   0x08020206   0x00000002   Code   RO         2060    .ARM.Collect$$libshutdown$$00000010  c_w.l(libshutdown2.o)
    0x08020208   0x08020208   0x00000000   Code   RO         1890    .ARM.Collect$$rtentry$$00000000  c_w.l(__rtentry.o)
    0x08020208   0x08020208   0x00000000   Code   RO         1898    .ARM.Collect$$rtentry$$00000002  c_w.l(__rtentry2.o)
    0x08020208   0x08020208   0x00000006   Code   RO         1910    .ARM.Collect$$rtentry$$00000004  c_w.l(__rtentry4.o)
    0x0802020e   0x0802020e   0x00000000   Code   RO         1900    .ARM.Collect$$rtentry$$00000009  c_w.l(__rtentry2.o)
    0x0802020e   0x0802020e   0x00000004   Code   RO         1901    .ARM.Collect$$rtentry$$0000000A  c_w.l(__rtentry2.o)
    0x08020212   0x08020212   0x00000000   Code   RO         1903    .ARM.Collect$$rtentry$$0000000C  c_w.l(__rtentry2.o)
    0x08020212   0x08020212   0x00000008   Code   RO         1904    .ARM.Collect$$rtentry$$0000000D  c_w.l(__rtentry2.o)
    0x0802021a   0x0802021a   0x00000002   Code   RO         1931    .ARM.Collect$$rtexit$$00000000  c_w.l(rtexit.o)
    0x0802021c   0x0802021c   0x00000000   Code   RO         1989    .ARM.Collect$$rtexit$$00000002  c_w.l(rtexit2.o)
    0x0802021c   0x0802021c   0x00000004   Code   RO         1990    .ARM.Collect$$rtexit$$00000003  c_w.l(rtexit2.o)
    0x08020220   0x08020220   0x00000006   Code   RO         1991    .ARM.Collect$$rtexit$$00000004  c_w.l(rtexit2.o)
    0x08020226   0x08020226   0x00000002   PAD
    0x08020228   0x08020228   0x00000040   Code   RO            4    .text               startup_stm32f407xx.o
    0x08020268   0x08020268   0x000000f0   Code   RO         1872    .text               c_w.l(lludivv7m.o)
    0x08020358   0x08020358   0x00000074   Code   RO         1874    .text               c_w.l(llsdiv.o)
    0x080203cc   0x080203cc   0x0000008a   Code   RO         1876    .text               c_w.l(rt_memcpy_v6.o)
    0x08020456   0x08020456   0x00000010   Code   RO         1880    .text               c_w.l(aeabi_memset4.o)
    0x08020466   0x08020466   0x0000004e   Code   RO         1884    .text               c_w.l(rt_memclr_w.o)
    0x080204b4   0x080204b4   0x00000006   Code   RO         1886    .text               c_w.l(heapauxi.o)
    0x080204ba   0x080204ba   0x00000064   Code   RO         1895    .text               c_w.l(rt_memcpy_w.o)
    0x0802051e   0x0802051e   0x0000004a   Code   RO         1914    .text               c_w.l(sys_stackheap_outer.o)
    0x08020568   0x08020568   0x00000012   Code   RO         1916    .text               c_w.l(exit.o)
    0x0802057a   0x0802057a   0x00000002   PAD
    0x0802057c   0x0802057c   0x00000008   Code   RO         1928    .text               c_w.l(libspace.o)
    0x08020584   0x08020584   0x0000000c   Code   RO         1984    .text               c_w.l(sys_exit.o)
    0x08020590   0x08020590   0x00000002   Code   RO         2007    .text               c_w.l(use_no_semi.o)
    0x08020592   0x08020592   0x00000000   Code   RO         2009    .text               c_w.l(indicate_semi.o)
    0x08020592   0x08020592   0x00000002   PAD
    0x08020594   0x08020594   0x00000002   Code   RO          151    .text.BusFault_Handler  stm32f4xx_it.o
    0x08020596   0x08020596   0x00000002   PAD
    0x08020598   0x08020598   0x00000002   Code   RO          155    .text.DebugMon_Handler  stm32f4xx_it.o
    0x0802059a   0x0802059a   0x00000002   PAD
    0x0802059c   0x0802059c   0x0000000a   Code   RO          116    .text.Error_Handler  main.o
    0x080205a6   0x080205a6   0x00000002   PAD
    0x080205a8   0x080205a8   0x00000080   Code   RO          416    .text.HAL_DMA_Abort  stm32f4xx_hal_dma.o
    0x08020628   0x08020628   0x00000024   Code   RO          418    .text.HAL_DMA_Abort_IT  stm32f4xx_hal_dma.o
    0x0802064c   0x0802064c   0x0000002c   Code   RO          580    .text.HAL_DeInit    stm32f4xx_hal.o
    0x08020678   0x08020678   0x0000019a   Code   RO          362    .text.HAL_GPIO_Init  stm32f4xx_hal_gpio.o
    0x08020812   0x08020812   0x00000002   PAD
    0x08020814   0x08020814   0x0000000a   Code   RO          366    .text.HAL_GPIO_ReadPin  stm32f4xx_hal_gpio.o
    0x0802081e   0x0802081e   0x00000002   PAD
    0x08020820   0x08020820   0x00000010   Code   RO          370    .text.HAL_GPIO_TogglePin  stm32f4xx_hal_gpio.o
    0x08020830   0x08020830   0x0000000a   Code   RO          368    .text.HAL_GPIO_WritePin  stm32f4xx_hal_gpio.o
    0x0802083a   0x0802083a   0x00000002   PAD
    0x0802083c   0x0802083c   0x0000000c   Code   RO          586    .text.HAL_GetTick   stm32f4xx_hal.o
    0x08020848   0x08020848   0x00000058   Code   RO          665    .text.HAL_IWDG_Init  stm32f4xx_hal_iwdg.o
    0x080208a0   0x080208a0   0x0000000c   Code   RO          667    .text.HAL_IWDG_Refresh  stm32f4xx_hal_iwdg.o
    0x080208ac   0x080208ac   0x0000001a   Code   RO          584    .text.HAL_IncTick   stm32f4xx_hal.o
    0x080208c6   0x080208c6   0x00000002   PAD
    0x080208c8   0x080208c8   0x00000036   Code   RO          574    .text.HAL_Init      stm32f4xx_hal.o
    0x080208fe   0x080208fe   0x00000002   PAD
    0x08020900   0x08020900   0x000000a2   Code   RO          190    .text.HAL_InitTick  stm32f4xx_hal_timebase_tim.o
    0x080209a2   0x080209a2   0x00000002   PAD
    0x080209a4   0x080209a4   0x00000002   Code   RO          582    .text.HAL_MspDeInit  stm32f4xx_hal.o
    0x080209a6   0x080209a6   0x00000002   PAD
    0x080209a8   0x080209a8   0x00000046   Code   RO          172    .text.HAL_MspInit   stm32f4xx_hal_msp.o
    0x080209ee   0x080209ee   0x00000002   PAD
    0x080209f0   0x080209f0   0x00000008   Code   RO          514    .text.HAL_NVIC_EnableIRQ  stm32f4xx_hal_cortex.o
    0x080209f8   0x080209f8   0x0000001e   Code   RO          506    .text.HAL_NVIC_SetPriority  stm32f4xx_hal_cortex.o
    0x08020a16   0x08020a16   0x00000002   PAD
    0x08020a18   0x08020a18   0x00000008   Code   RO          502    .text.HAL_NVIC_SetPriorityGrouping  stm32f4xx_hal_cortex.o
    0x08020a20   0x08020a20   0x00000004   Code   RO          522    .text.HAL_NVIC_SystemReset  stm32f4xx_hal_cortex.o
    0x08020a24   0x08020a24   0x00000160   Code   RO          226    .text.HAL_RCC_ClockConfig  stm32f4xx_hal_rcc.o
    0x08020b84   0x08020b84   0x00000122   Code   RO          268    .text.HAL_RCC_DeInit  stm32f4xx_hal_rcc_ex.o
    0x08020ca6   0x08020ca6   0x00000002   PAD
    0x08020ca8   0x08020ca8   0x0000003e   Code   RO          244    .text.HAL_RCC_GetClockConfig  stm32f4xx_hal_rcc.o
    0x08020ce6   0x08020ce6   0x00000002   PAD
    0x08020ce8   0x08020ce8   0x0000000c   Code   RO          236    .text.HAL_RCC_GetHCLKFreq  stm32f4xx_hal_rcc.o
    0x08020cf4   0x08020cf4   0x00000022   Code   RO          238    .text.HAL_RCC_GetPCLK1Freq  stm32f4xx_hal_rcc.o
    0x08020d16   0x08020d16   0x00000002   PAD
    0x08020d18   0x08020d18   0x00000022   Code   RO          240    .text.HAL_RCC_GetPCLK2Freq  stm32f4xx_hal_rcc.o
    0x08020d3a   0x08020d3a   0x00000002   PAD
    0x08020d3c   0x08020d3c   0x0000006a   Code   RO          228    .text.HAL_RCC_GetSysClockFreq  stm32f4xx_hal_rcc.o
    0x08020da6   0x08020da6   0x00000002   PAD
    0x08020da8   0x08020da8   0x00000348   Code   RO          224    .text.HAL_RCC_OscConfig  stm32f4xx_hal_rcc.o
    0x080210f0   0x080210f0   0x00000002   Code   RO         1001    .text.HAL_TIMEx_BreakCallback  stm32f4xx_hal_tim_ex.o
    0x080210f2   0x080210f2   0x00000002   PAD
    0x080210f4   0x080210f4   0x00000002   Code   RO          997    .text.HAL_TIMEx_CommutCallback  stm32f4xx_hal_tim_ex.o
    0x080210f6   0x080210f6   0x00000002   PAD
    0x080210f8   0x080210f8   0x000000b8   Code   RO          991    .text.HAL_TIMEx_MasterConfigSynchronization  stm32f4xx_hal_tim_ex.o
    0x080211b0   0x080211b0   0x0000005a   Code   RO          677    .text.HAL_TIM_Base_Init  stm32f4xx_hal_tim.o
    0x0802120a   0x0802120a   0x00000002   PAD
    0x0802120c   0x0802120c   0x00000048   Code   RO          174    .text.HAL_TIM_Base_MspInit  stm32f4xx_hal_msp.o
    0x08021254   0x08021254   0x000000a8   Code   RO          691    .text.HAL_TIM_Base_Start_IT  stm32f4xx_hal_tim.o
    0x080212fc   0x080212fc   0x00000002   Code   RO          813    .text.HAL_TIM_IC_CaptureCallback  stm32f4xx_hal_tim.o
    0x080212fe   0x080212fe   0x00000002   PAD
    0x08021300   0x08021300   0x0000016a   Code   RO          811    .text.HAL_TIM_IRQHandler  stm32f4xx_hal_tim.o
    0x0802146a   0x0802146a   0x00000002   PAD
    0x0802146c   0x0802146c   0x00000002   Code   RO          815    .text.HAL_TIM_OC_DelayElapsedCallback  stm32f4xx_hal_tim.o
    0x0802146e   0x0802146e   0x00000002   PAD
    0x08021470   0x08021470   0x00000002   Code   RO          817    .text.HAL_TIM_PWM_PulseFinishedCallback  stm32f4xx_hal_tim.o
    0x08021472   0x08021472   0x00000002   PAD
    0x08021474   0x08021474   0x00000026   Code   RO          118    .text.HAL_TIM_PeriodElapsedCallback  main.o
    0x0802149a   0x0802149a   0x00000002   PAD
    0x0802149c   0x0802149c   0x00000002   Code   RO          821    .text.HAL_TIM_TriggerCallback  stm32f4xx_hal_tim.o
    0x0802149e   0x0802149e   0x00000002   PAD
    0x080214a0   0x080214a0   0x00000002   Code   RO         1105    .text.HAL_UARTEx_RxEventCallback  stm32f4xx_hal_uart.o
    0x080214a2   0x080214a2   0x00000002   PAD
    0x080214a4   0x080214a4   0x00000002   Code   RO         1103    .text.HAL_UART_ErrorCallback  stm32f4xx_hal_uart.o
    0x080214a6   0x080214a6   0x00000002   PAD
    0x080214a8   0x080214a8   0x0000023a   Code   RO         1097    .text.HAL_UART_IRQHandler  stm32f4xx_hal_uart.o
    0x080216e2   0x080216e2   0x00000002   PAD
    0x080216e4   0x080216e4   0x0000005e   Code   RO         1015    .text.HAL_UART_Init  stm32f4xx_hal_uart.o
    0x08021742   0x08021742   0x00000002   PAD
    0x08021744   0x08021744   0x000000d4   Code   RO          178    .text.HAL_UART_MspInit  stm32f4xx_hal_msp.o
    0x08021818   0x08021818   0x00000038   Code   RO         1039    .text.HAL_UART_Receive_IT  stm32f4xx_hal_uart.o
    0x08021850   0x08021850   0x00000090   Code   RO           89    .text.HAL_UART_RxCpltCallback  uartcallback.o
    0x080218e0   0x080218e0   0x00000044   Code   RO         1037    .text.HAL_UART_Transmit_IT  stm32f4xx_hal_uart.o
    0x08021924   0x08021924   0x00000058   Code   RO           87    .text.HAL_UART_TxCpltCallback  uartcallback.o
    0x0802197c   0x0802197c   0x00000002   Code   RO          147    .text.HardFault_Handler  stm32f4xx_it.o
    0x0802197e   0x0802197e   0x00000002   PAD
    0x08021980   0x08021980   0x000000c0   Code   RO          104    .text.MX_GPIO_Init  main.o
    0x08021a40   0x08021a40   0x0000002a   Code   RO          106    .text.MX_IWDG_Init  main.o
    0x08021a6a   0x08021a6a   0x00000002   PAD
    0x08021a6c   0x08021a6c   0x00000050   Code   RO          110    .text.MX_TIM6_Init  main.o
    0x08021abc   0x08021abc   0x00000038   Code   RO          108    .text.MX_UART4_Init  main.o
    0x08021af4   0x08021af4   0x00000038   Code   RO          112    .text.MX_USART6_UART_Init  main.o
    0x08021b2c   0x08021b2c   0x00000002   Code   RO          149    .text.MemManage_Handler  stm32f4xx_it.o
    0x08021b2e   0x08021b2e   0x00000002   PAD
    0x08021b30   0x08021b30   0x00000002   Code   RO          145    .text.NMI_Handler   stm32f4xx_it.o
    0x08021b32   0x08021b32   0x00000002   PAD
    0x08021b34   0x08021b34   0x0000002c   Code   RO          512    .text.NVIC_EncodePriority  stm32f4xx_hal_cortex.o
    0x08021b60   0x08021b60   0x00000064   Code   RO         1214    .text.PendSV_Handler  port.o
    0x08021bc4   0x08021bc4   0x0000000c   PAD
    0x08021bd0   0x08021bd0   0x00000024   Code   RO         1198    .text.SVC_Handler   port.o
    0x08021bf4   0x08021bf4   0x00000008   Code   RO         1669    .text.SVC_Setup     cmsis_os2.o
    0x08021bfc   0x08021bfc   0x0000001a   Code   RO         1659    .text.SysTick_Handler  cmsis_os2.o
    0x08021c16   0x08021c16   0x00000002   PAD
    0x08021c18   0x08021c18   0x0000008a   Code   RO          102    .text.SystemClock_Config  main.o
    0x08021ca2   0x08021ca2   0x00000002   PAD
    0x08021ca4   0x08021ca4   0x0000001a   Code   RO         1145    .text.SystemInit    system_stm32f4xx.o
    0x08021cbe   0x08021cbe   0x00000002   PAD
    0x08021cc0   0x08021cc0   0x00000010   Code   RO          157    .text.TIM1_UP_TIM10_IRQHandler  stm32f4xx_it.o
    0x08021cd0   0x08021cd0   0x00000010   Code   RO          161    .text.TIM6_DAC_IRQHandler  stm32f4xx_it.o
    0x08021ce0   0x08021ce0   0x00000124   Code   RO          681    .text.TIM_Base_SetConfig  stm32f4xx_hal_tim.o
    0x08021e04   0x08021e04   0x00000010   Code   RO          159    .text.UART4_IRQHandler  stm32f4xx_it.o
    0x08021e14   0x08021e14   0x00000010   Code   RO         1101    .text.UART_DMAAbortOnError  stm32f4xx_hal_uart.o
    0x08021e24   0x08021e24   0x00000050   Code   RO         1063    .text.UART_EndRxTransfer  stm32f4xx_hal_uart.o
    0x08021e74   0x08021e74   0x00000018   Code   RO         1109    .text.UART_EndTransmit_IT  stm32f4xx_hal_uart.o
    0x08021e8c   0x08021e8c   0x000000c4   Code   RO         1099    .text.UART_Receive_IT  stm32f4xx_hal_uart.o
    0x08021f50   0x08021f50   0x000000dc   Code   RO         1019    .text.UART_SetConfig  stm32f4xx_hal_uart.o
    0x0802202c   0x0802202c   0x00000038   Code   RO         1041    .text.UART_Start_Receive_IT  stm32f4xx_hal_uart.o
    0x08022064   0x08022064   0x00000052   Code   RO         1107    .text.UART_Transmit_IT  stm32f4xx_hal_uart.o
    0x080220b6   0x080220b6   0x00000002   PAD
    0x080220b8   0x080220b8   0x00000010   Code   RO          163    .text.USART6_IRQHandler  stm32f4xx_it.o
    0x080220c8   0x080220c8   0x00000002   Code   RO          153    .text.UsageFault_Handler  stm32f4xx_it.o
    0x080220ca   0x080220ca   0x00000002   PAD
    0x080220cc   0x080220cc   0x00000020   Code   RO          516    .text.__NVIC_EnableIRQ  stm32f4xx_hal_cortex.o
    0x080220ec   0x080220ec   0x00000010   Code   RO          508    .text.__NVIC_GetPriorityGrouping  stm32f4xx_hal_cortex.o
    0x080220fc   0x080220fc   0x00000022   Code   RO          510    .text.__NVIC_SetPriority  stm32f4xx_hal_cortex.o
    0x0802211e   0x0802211e   0x00000002   PAD
    0x08022120   0x08022120   0x0000000e   Code   RO         1823    .text.__NVIC_SetPriority  cmsis_os2.o
    0x0802212e   0x0802212e   0x00000002   PAD
    0x08022130   0x08022130   0x00000020   Code   RO          504    .text.__NVIC_SetPriorityGrouping  stm32f4xx_hal_cortex.o
    0x08022150   0x08022150   0x00000024   Code   RO          524    .text.__NVIC_SystemReset  stm32f4xx_hal_cortex.o
    0x08022174   0x08022174   0x00000020   Code   RO           55    .text.checkBufCRC   rfid.o
    0x08022194   0x08022194   0x0000006a   Code   RO           11    .text.checkTasksTimeout  app.o
    0x080221fe   0x080221fe   0x00000002   PAD
    0x08022200   0x08022200   0x0000001a   Code   RO           59    .text.copyTag       rfid.o
    0x0802221a   0x0802221a   0x00000002   PAD
    0x0802221c   0x0802221c   0x00000006   Code   RO         1178    .text.hx711_coef_set  hx711.o
    0x08022222   0x08022222   0x00000002   PAD
    0x08022224   0x08022224   0x00000012   Code   RO         1160    .text.hx711_delay_us  hx711.o
    0x08022236   0x08022236   0x00000002   PAD
    0x08022238   0x08022238   0x0000008c   Code   RO         1166    .text.hx711_init    hx711.o
    0x080222c4   0x080222c4   0x0000001a   Code   RO         1162    .text.hx711_lock    hx711.o
    0x080222de   0x080222de   0x00000002   PAD
    0x080222e0   0x080222e0   0x0000004c   Code   RO         1172    .text.hx711_tare    hx711.o
    0x0802232c   0x0802232c   0x00000006   Code   RO         1164    .text.hx711_unlock  hx711.o
    0x08022332   0x08022332   0x00000002   PAD
    0x08022334   0x08022334   0x00000088   Code   RO         1168    .text.hx711_value   hx711.o
    0x080223bc   0x080223bc   0x00000064   Code   RO         1176    .text.hx711_weight  hx711.o
    0x08022420   0x08022420   0x00000042   Code   RO          205    .text.initADC       adc.o
    0x08022462   0x08022462   0x00000002   PAD
    0x08022464   0x08022464   0x00000010   Code   RO           22    .text.initApp       appinit.o
    0x08022474   0x08022474   0x00000028   Code   RO           57    .text.isTagsEqual   rfid.o
    0x0802249c   0x0802249c   0x00000112   Code   RO          100    .text.main          main.o
    0x080225ae   0x080225ae   0x00000002   PAD
    0x080225b0   0x080225b0   0x00000022   Code   RO         1727    .text.osDelay       cmsis_os2.o
    0x080225d2   0x080225d2   0x00000002   PAD
    0x080225d4   0x080225d4   0x00000028   Code   RO         1661    .text.osKernelInitialize  cmsis_os2.o
    0x080225fc   0x080225fc   0x00000034   Code   RO         1667    .text.osKernelStart  cmsis_os2.o
    0x08022630   0x08022630   0x0000006a   Code   RO         1769    .text.osSemaphoreAcquire  cmsis_os2.o
    0x0802269a   0x0802269a   0x00000002   PAD
    0x0802269c   0x0802269c   0x000000c4   Code   RO         1767    .text.osSemaphoreNew  cmsis_os2.o
    0x08022760   0x08022760   0x00000060   Code   RO         1771    .text.osSemaphoreRelease  cmsis_os2.o
    0x080227c0   0x080227c0   0x000000b4   Code   RO         1691    .text.osThreadNew   cmsis_os2.o
    0x08022874   0x08022874   0x00000088   Code   RO         1453    .text.prvAddCurrentTaskToDelayedList  tasks.o
    0x080228fc   0x080228fc   0x000000ac   Code   RO         1439    .text.prvAddNewTaskToReadyList  tasks.o
    0x080229a8   0x080229a8   0x0000007c   Code   RO         1590    .text.prvCheckForValidListAndQueue  timers.o
    0x08022a24   0x08022a24   0x0000004e   Code   RO         1557    .text.prvCheckTasksWaitingTermination  tasks.o
    0x08022a72   0x08022a72   0x00000002   PAD
    0x08022a74   0x08022a74   0x00000026   Code   RO         1330    .text.prvCopyDataFromQueue  queue.o
    0x08022a9a   0x08022a9a   0x00000002   PAD
    0x08022a9c   0x08022a9c   0x0000007a   Code   RO         1318    .text.prvCopyDataToQueue  queue.o
    0x08022b16   0x08022b16   0x00000002   PAD
    0x08022b18   0x08022b18   0x00000036   Code   RO         1445    .text.prvDeleteTCB  tasks.o
    0x08022b4e   0x08022b4e   0x00000002   PAD
    0x08022b50   0x08022b50   0x00000012   Code   RO         1334    .text.prvGetDisinheritPriorityAfterTimeout  queue.o
    0x08022b62   0x08022b62   0x00000002   PAD
    0x08022b64   0x08022b64   0x00000020   Code   RO         1628    .text.prvGetNextExpireTime  timers.o
    0x08022b84   0x08022b84   0x00000076   Code   RO         1841    .text.prvHeapInit   heap_4.o
    0x08022bfa   0x08022bfa   0x00000002   PAD
    0x08022bfc   0x08022bfc   0x0000002a   Code   RO         1479    .text.prvIdleTask   tasks.o
    0x08022c26   0x08022c26   0x00000002   PAD
    0x08022c28   0x08022c28   0x00000020   Code   RO         1292    .text.prvInitialiseNewQueue  queue.o
    0x08022c48   0x08022c48   0x00000098   Code   RO         1437    .text.prvInitialiseNewTask  tasks.o
    0x08022ce0   0x08022ce0   0x00000070   Code   RO         1555    .text.prvInitialiseTaskLists  tasks.o
    0x08022d50   0x08022d50   0x0000005a   Code   RO         1843    .text.prvInsertBlockIntoFreeList  heap_4.o
    0x08022daa   0x08022daa   0x00000002   PAD
    0x08022dac   0x08022dac   0x00000042   Code   RO         1640    .text.prvInsertTimerInActiveList  timers.o
    0x08022dee   0x08022dee   0x00000002   PAD
    0x08022df0   0x08022df0   0x00000018   Code   RO         1332    .text.prvIsQueueEmpty  queue.o
    0x08022e08   0x08022e08   0x0000001c   Code   RO         1320    .text.prvIsQueueFull  queue.o
    0x08022e24   0x08022e24   0x00000028   Code   RO         1206    .text.prvPortStartFirstTask  port.o
    0x08022e4c   0x08022e4c   0x0000006e   Code   RO         1636    .text.prvProcessExpiredTimer  timers.o
    0x08022eba   0x08022eba   0x00000002   PAD
    0x08022ebc   0x08022ebc   0x0000012e   Code   RO         1632    .text.prvProcessReceivedCommands  timers.o
    0x08022fea   0x08022fea   0x00000002   PAD
    0x08022fec   0x08022fec   0x00000082   Code   RO         1630    .text.prvProcessTimerOrBlockTask  timers.o
    0x0802306e   0x0802306e   0x00000002   PAD
    0x08023070   0x08023070   0x00000028   Code   RO         1447    .text.prvResetNextTaskUnblockTime  tasks.o
    0x08023098   0x08023098   0x0000002a   Code   RO         1634    .text.prvSampleTimeNow  timers.o
    0x080230c2   0x080230c2   0x00000002   PAD
    0x080230c4   0x080230c4   0x0000008e   Code   RO         1638    .text.prvSwitchTimerLists  timers.o
    0x08023152   0x08023152   0x00000002   PAD
    0x08023154   0x08023154   0x00000032   Code   RO         1196    .text.prvTaskExitError  port.o
    0x08023186   0x08023186   0x00000002   PAD
    0x08023188   0x08023188   0x00000016   Code   RO         1592    .text.prvTimerTask  timers.o
    0x0802319e   0x0802319e   0x00000002   PAD
    0x080231a0   0x080231a0   0x00000072   Code   RO         1322    .text.prvUnlockQueue  queue.o
    0x08023212   0x08023212   0x00000002   PAD
    0x08023214   0x08023214   0x0000014a   Code   RO         1839    .text.pvPortMalloc  heap_4.o
    0x0802335e   0x0802335e   0x00000002   PAD
    0x08023360   0x08023360   0x00000018   Code   RO         1539    .text.pvTaskIncrementMutexHeldCount  tasks.o
    0x08023378   0x08023378   0x00000028   Code   RO         1194    .text.pxPortInitialiseStack  port.o
    0x080233a0   0x080233a0   0x000000b8   Code   RO           61    .text.readEPCData   rfid.o
    0x08023458   0x08023458   0x0000006a   Code   RO           67    .text.readRfid      rfid.o
    0x080234c2   0x080234c2   0x00000002   PAD
    0x080234c4   0x080234c4   0x00000048   Code   RO           63    .text.readRfidResponse  rfid.o
    0x0802350c   0x0802350c   0x00000088   Code   RO          207    .text.readWeight    adc.o
    0x08023594   0x08023594   0x0000002a   Code   RO           53    .text.rfidInit      rfid.o
    0x080235be   0x080235be   0x00000002   PAD
    0x080235c0   0x080235c0   0x0000002c   Code   RO           65    .text.rfidReInit    rfid.o
    0x080235ec   0x080235ec   0x0000001c   Code   RO           51    .text.sendCmd       rfid.o
    0x08023608   0x08023608   0x000000a2   Code   RO           30    .text.sendMsgToESP  esp.o
    0x080236aa   0x080236aa   0x00000002   PAD
    0x080236ac   0x080236ac   0x0000001e   Code   RO           45    .text.setCRC16      rfid.o
    0x080236ca   0x080236ca   0x00000002   PAD
    0x080236cc   0x080236cc   0x00000038   Code   RO           43    .text.uiCrc16Calc   rfid.o
    0x08023704   0x08023704   0x00000024   Code   RO         1278    .text.uxListRemove  list.o
    0x08023728   0x08023728   0x0000001a   Code   RO         1819    .text.vApplicationGetIdleTaskMemory  cmsis_os2.o
    0x08023742   0x08023742   0x00000002   PAD
    0x08023744   0x08023744   0x0000001c   Code   RO         1821    .text.vApplicationGetTimerTaskMemory  cmsis_os2.o
    0x08023760   0x08023760   0x00000016   Code   RO         1270    .text.vListInitialise  list.o
    0x08023776   0x08023776   0x00000002   PAD
    0x08023778   0x08023778   0x00000006   Code   RO         1272    .text.vListInitialiseItem  list.o
    0x0802377e   0x0802377e   0x00000002   PAD
    0x08023780   0x08023780   0x0000003c   Code   RO         1276    .text.vListInsert   list.o
    0x080237bc   0x080237bc   0x0000001c   Code   RO         1274    .text.vListInsertEnd  list.o
    0x080237d8   0x080237d8   0x00000014   Code   RO         1204    .text.vPortEnableVFP  port.o
    0x080237ec   0x080237ec   0x00000046   Code   RO         1210    .text.vPortEnterCritical  port.o
    0x08023832   0x08023832   0x00000002   PAD
    0x08023834   0x08023834   0x0000002e   Code   RO         1212    .text.vPortExitCritical  port.o
    0x08023862   0x08023862   0x00000002   PAD
    0x08023864   0x08023864   0x0000008a   Code   RO         1845    .text.vPortFree     heap_4.o
    0x080238ee   0x080238ee   0x00000002   PAD
    0x080238f0   0x080238f0   0x00000034   Code   RO         1202    .text.vPortSetupTimerInterrupt  port.o
    0x08023924   0x08023924   0x00000062   Code   RO         1218    .text.vPortValidateInterruptPriority  port.o
    0x08023986   0x08023986   0x00000002   PAD
    0x08023988   0x08023988   0x00000028   Code   RO         1362    .text.vQueueAddToRegistry  queue.o
    0x080239b0   0x080239b0   0x0000002e   Code   RO         1348    .text.vQueueDelete  queue.o
    0x080239de   0x080239de   0x00000002   PAD
    0x080239e0   0x080239e0   0x0000002a   Code   RO         1350    .text.vQueueUnregisterQueue  queue.o
    0x08023a0a   0x08023a0a   0x00000002   PAD
    0x08023a0c   0x08023a0c   0x00000044   Code   RO         1366    .text.vQueueWaitForMessageRestricted  queue.o
    0x08023a50   0x08023a50   0x00000054   Code   RO         1457    .text.vTaskDelay    tasks.o
    0x08023aa4   0x08023aa4   0x0000001a   Code   RO         1511    .text.vTaskInternalSetTimeOutState  tasks.o
    0x08023abe   0x08023abe   0x00000002   PAD
    0x08023ac0   0x08023ac0   0x0000000e   Code   RO         1515    .text.vTaskMissedYield  tasks.o
    0x08023ace   0x08023ace   0x00000002   PAD
    0x08023ad0   0x08023ad0   0x00000032   Code   RO         1499    .text.vTaskPlaceOnEventList  tasks.o
    0x08023b02   0x08023b02   0x00000002   PAD
    0x08023b04   0x08023b04   0x0000003e   Code   RO         1503    .text.vTaskPlaceOnEventListRestricted  tasks.o
    0x08023b42   0x08023b42   0x00000002   PAD
    0x08023b44   0x08023b44   0x0000009c   Code   RO         1535    .text.vTaskPriorityDisinheritAfterTimeout  tasks.o
    0x08023be0   0x08023be0   0x000000a4   Code   RO         1477    .text.vTaskStartScheduler  tasks.o
    0x08023c84   0x08023c84   0x00000010   Code   RO         1451    .text.vTaskSuspendAll  tasks.o
    0x08023c94   0x08023c94   0x0000009a   Code   RO         1469    .text.vTaskSwitchContext  tasks.o
    0x08023d2e   0x08023d2e   0x00000002   PAD
    0x08023d30   0x08023d30   0x0000004e   Code   RO           49    .text.writeCMDToBuf  rfid.o
    0x08023d7e   0x08023d7e   0x00000002   PAD
    0x08023d80   0x08023d80   0x00000126   Code   RO         1200    .text.xPortStartScheduler  port.o
    0x08023ea6   0x08023ea6   0x00000002   PAD
    0x08023ea8   0x08023ea8   0x0000002e   Code   RO         1216    .text.xPortSysTickHandler  port.o
    0x08023ed6   0x08023ed6   0x00000002   PAD
    0x08023ed8   0x08023ed8   0x00000042   Code   RO         1316    .text.xQueueCreateCountingSemaphore  queue.o
    0x08023f1a   0x08023f1a   0x00000002   PAD
    0x08023f1c   0x08023f1c   0x0000004e   Code   RO         1314    .text.xQueueCreateCountingSemaphoreStatic  queue.o
    0x08023f6a   0x08023f6a   0x00000002   PAD
    0x08023f6c   0x08023f6c   0x00000046   Code   RO         1294    .text.xQueueGenericCreate  queue.o
    0x08023fb2   0x08023fb2   0x00000002   PAD
    0x08023fb4   0x08023fb4   0x00000096   Code   RO         1290    .text.xQueueGenericCreateStatic  queue.o
    0x0802404a   0x0802404a   0x00000002   PAD
    0x0802404c   0x0802404c   0x0000007e   Code   RO         1288    .text.xQueueGenericReset  queue.o
    0x080240ca   0x080240ca   0x00000002   PAD
    0x080240cc   0x080240cc   0x000001aa   Code   RO         1308    .text.xQueueGenericSend  queue.o
    0x08024276   0x08024276   0x00000002   PAD
    0x08024278   0x08024278   0x000000ce   Code   RO         1324    .text.xQueueGenericSendFromISR  queue.o
    0x08024346   0x08024346   0x00000002   PAD
    0x08024348   0x08024348   0x000000c0   Code   RO         1326    .text.xQueueGiveFromISR  queue.o
    0x08024408   0x08024408   0x00000188   Code   RO         1328    .text.xQueueReceive  queue.o
    0x08024590   0x08024590   0x000000aa   Code   RO         1338    .text.xQueueReceiveFromISR  queue.o
    0x0802463a   0x0802463a   0x00000002   PAD
    0x0802463c   0x0802463c   0x000001d2   Code   RO         1312    .text.xQueueSemaphoreTake  queue.o
    0x0802480e   0x0802480e   0x00000002   PAD
    0x08024810   0x08024810   0x0000008e   Code   RO         1513    .text.xTaskCheckForTimeOut  tasks.o
    0x0802489e   0x0802489e   0x00000002   PAD
    0x080248a0   0x080248a0   0x00000066   Code   RO         1441    .text.xTaskCreate   tasks.o
    0x08024906   0x08024906   0x00000002   PAD
    0x08024908   0x08024908   0x00000076   Code   RO         1435    .text.xTaskCreateStatic  tasks.o
    0x0802497e   0x0802497e   0x00000002   PAD
    0x08024980   0x08024980   0x00000026   Code   RO         1529    .text.xTaskGetSchedulerState  tasks.o
    0x080249a6   0x080249a6   0x00000002   PAD
    0x080249a8   0x080249a8   0x00000018   Code   RO         1485    .text.xTaskGetTickCount  tasks.o
    0x080249c0   0x080249c0   0x00000162   Code   RO         1483    .text.xTaskIncrementTick  tasks.o
    0x08024b22   0x08024b22   0x00000002   PAD
    0x08024b24   0x08024b24   0x00000092   Code   RO         1533    .text.xTaskPriorityDisinherit  tasks.o
    0x08024bb6   0x08024bb6   0x00000002   PAD
    0x08024bb8   0x08024bb8   0x0000008c   Code   RO         1531    .text.xTaskPriorityInherit  tasks.o
    0x08024c44   0x08024c44   0x0000008e   Code   RO         1505    .text.xTaskRemoveFromEventList  tasks.o
    0x08024cd2   0x08024cd2   0x00000002   PAD
    0x08024cd4   0x08024cd4   0x00000118   Code   RO         1455    .text.xTaskResumeAll  tasks.o
    0x08024dec   0x08024dec   0x00000074   Code   RO         1588    .text.xTimerCreateTimerTask  timers.o
    0x08024e60   0x08024e60   0x00000068   Code   RO         1600    .text.xTimerGenericCommand  timers.o
    0x08024ec8   0x08024ec8   0x0000001a   Code   RO         2001    x$fpl$fpinit        fz_wm.l(fpinit.o)
    0x08024ee2   0x08024ee2   0x00000010   Data   RO         1150    .rodata.AHBPrescTable  system_stm32f4xx.o
    0x08024ef2   0x08024ef2   0x00000008   Data   RO         1151    .rodata.APBPrescTable  system_stm32f4xx.o
    0x08024efa   0x08024efa   0x00000002   PAD
    0x08024efc   0x08024efc   0x00000024   Data   RO          123    .rodata.readRfidTask_attributes  main.o
    0x08024f20   0x08024f20   0x00000010   Data   RO          125    .rodata.readWeightSem_attributes  main.o
    0x08024f30   0x08024f30   0x00000024   Data   RO          122    .rodata.readWeightTask_attributes  main.o
    0x08024f54   0x08024f54   0x00000010   Data   RO          124    .rodata.sendMsgSem_attributes  main.o
    0x08024f64   0x08024f64   0x00000024   Data   RO          121    .rodata.sendMsgTask_attributes  main.o
    0x08024f88   0x08024f88   0x00000041   Data   RO          120    .rodata.str1.1      main.o
    0x08024fc9   0x08024fc9   0x00000003   PAD
    0x08024fcc   0x08024fcc   0x00000020   Data   RO         2062    Region$$Table       anon$$obj.o


    Execution Region RW_IRAM1 (Exec base: 0x20000000, Load base: 0x08024ff0, Size: 0x000053b8, Max: 0x0001c000, ABSOLUTE)

    Exec Addr    Load Addr    Size         Type   Attr      Idx    E Section Name        Object

    0x20000000   0x08024ff0   0x00000004   Data   RW         1149    .data.SystemCoreClock  system_stm32f4xx.o
    0x20000004   0x08024ff4   0x00000008   Data   RW           32    .data.checkFWCmd    esp.o
    0x2000000c   0x08024ffc   0x00000008   Data   RW           33    .data.getTimestampCmd  esp.o
    0x20000014   0x08025004   0x00000001   Data   RW           74    .data.rfidInitState  rfid.o
    0x20000015   0x08025005   0x00000001   Data   RW          210    .data.startConversion  adc.o
    0x20000016   0x08025006   0x00000001   Data   RW          629    .data.uwTickFreq    stm32f4xx_hal.o
    0x20000017   0x08025007   0x00000001   PAD
    0x20000018   0x08025008   0x00000004   Data   RW          628    .data.uwTickPrio    stm32f4xx_hal.o
    0x2000001c   0x0802500c   0x00000004   Data   RW         1222    .data.uxCriticalNesting  port.o
    0x20000020   0x08025010   0x00000002   Data   RW           34    .data.versionNum    esp.o
    0x20000022   0x08025012   0x00000006   PAD
    0x20000028        -       0x00000060   Zero   RW         1929    .bss                c_w.l(libspace.o)
    0x20000088        -       0x00000004   Zero   RW         1825    .bss.KernelState    cmsis_os2.o
    0x2000008c        -       0x00000001   Zero   RW          211    .bss.adcConversionInProcess  adc.o
    0x2000008d        -       0x00000001   Zero   RW           13    .bss.checkFW        app.o
    0x2000008e        -       0x00000001   Zero   RW           35    .bss.currentCmdESP  esp.o
    0x2000008f        -       0x00000001   Zero   RW           72    .bss.currentCmdRFID  rfid.o
    0x20000090        -       0x00000006   Zero   RW           75    .bss.currentTag     rfid.o
    0x20000096        -       0x00000001   Zero   RW           71    .bss.deviceAddress  rfid.o
    0x20000097   0x08025012   0x00000001   PAD
    0x20000098        -       0x0000000c   Zero   RW          131    .bss.hiwdg          main.o
    0x200000a4        -       0x00000048   Zero   RW          196    .bss.htim1          stm32f4xx_hal_timebase_tim.o
    0x200000ec        -       0x00000048   Zero   RW          132    .bss.htim6          main.o
    0x20000134        -       0x00000044   Zero   RW          133    .bss.huart4         main.o
    0x20000178        -       0x00000044   Zero   RW          134    .bss.huart6         main.o
    0x200001bc        -       0x00000032   Zero   RW           78    .bss.inputBuffer    rfid.o
    0x200001ee   0x08025012   0x00000002   PAD
    0x200001f0        -       0x00000018   Zero   RW          212    .bss.loadcell       adc.o
    0x20000208        -       0x00000032   Zero   RW           76    .bss.outputBuffer   rfid.o
    0x2000023a        -       0x000000a0   Zero   RW         1650    .bss.prvCheckForValidListAndQueue.ucStaticTimerQueueStorage  timers.o
    0x200002da   0x08025012   0x00000002   PAD
    0x200002dc        -       0x00000050   Zero   RW         1649    .bss.prvCheckForValidListAndQueue.xStaticTimerQueue  timers.o
    0x2000032c        -       0x00000002   Zero   RW         1646    .bss.prvSampleTimeNow.xLastTime  timers.o
    0x2000032e   0x08025012   0x00000002   PAD
    0x20000330        -       0x00000004   Zero   RW         1559    .bss.pxCurrentTCB   tasks.o
    0x20000334        -       0x00000004   Zero   RW         1644    .bss.pxCurrentTimerList  timers.o
    0x20000338        -       0x00000004   Zero   RW         1567    .bss.pxDelayedTaskList  tasks.o
    0x2000033c        -       0x00000004   Zero   RW         1855    .bss.pxEnd          heap_4.o
    0x20000340        -       0x00000004   Zero   RW         1568    .bss.pxOverflowDelayedTaskList  tasks.o
    0x20000344        -       0x00000004   Zero   RW         1645    .bss.pxOverflowTimerList  timers.o
    0x20000348        -       0x00000460   Zero   RW         1570    .bss.pxReadyTasksLists  tasks.o
    0x200007a8        -       0x00000004   Zero   RW          130    .bss.readRfidTaskHandle  main.o
    0x200007ac        -       0x00000004   Zero   RW          127    .bss.readWeightSemHandle  main.o
    0x200007b0        -       0x00000004   Zero   RW          129    .bss.readWeightTaskHandle  main.o
    0x200007b4        -       0x00000102   Zero   RW           91    .bss.receiveBuffer  uartcallback.o
    0x200008b6        -       0x00000001   Zero   RW           73    .bss.receiveStage   rfid.o
    0x200008b7   0x08025012   0x00000001   PAD
    0x200008b8        -       0x00000002   Zero   RW           15    .bss.secondsCounter  app.o
    0x200008ba   0x08025012   0x00000002   PAD
    0x200008bc        -       0x00000004   Zero   RW          126    .bss.sendMsgSemHandle  main.o
    0x200008c0        -       0x00000004   Zero   RW          128    .bss.sendMsgTaskHandle  main.o
    0x200008c4        -       0x0000001e   Zero   RW           77    .bss.tagsBuffer     rfid.o
    0x200008e2        -       0x00000001   Zero   RW           14    .bss.timeSynchronization  app.o
    0x200008e3        -       0x00003c00   Zero   RW         1862    .bss.ucHeap         heap_4.o
    0x200044e3        -       0x00000001   Zero   RW         1220    .bss.ucMaxSysCallPriority  port.o
    0x200044e4        -       0x00000004   Zero   RW         1221    .bss.ulMaxPRIGROUPValue  port.o
    0x200044e8        -       0x00000004   Zero   RW          630    .bss.uwTick         stm32f4xx_hal.o
    0x200044ec        -       0x00000004   Zero   RW         1563    .bss.uxCurrentNumberOfTasks  tasks.o
    0x200044f0        -       0x00000004   Zero   RW         1562    .bss.uxDeletedTasksWaitingCleanUp  tasks.o
    0x200044f4        -       0x00000004   Zero   RW         1565    .bss.uxSchedulerSuspended  tasks.o
    0x200044f8        -       0x00000004   Zero   RW         1560    .bss.uxTaskNumber   tasks.o
    0x200044fc        -       0x00000004   Zero   RW         1571    .bss.uxTopReadyPriority  tasks.o
    0x20004500        -       0x00000200   Zero   RW         1828    .bss.vApplicationGetIdleTaskMemory.Idle_Stack  cmsis_os2.o
    0x20004700        -       0x0000005c   Zero   RW         1827    .bss.vApplicationGetIdleTaskMemory.Idle_TCB  cmsis_os2.o
    0x2000475c        -       0x00000400   Zero   RW         1830    .bss.vApplicationGetTimerTaskMemory.Timer_Stack  cmsis_os2.o
    0x20004b5c        -       0x0000005c   Zero   RW         1829    .bss.vApplicationGetTimerTaskMemory.Timer_TCB  cmsis_os2.o
    0x20004bb8        -       0x000000f0   Zero   RW          213    .bss.weightBuffer   adc.o
    0x20004ca8        -       0x00000001   Zero   RW          209    .bss.weightIndex    adc.o
    0x20004ca9   0x08025012   0x00000003   PAD
    0x20004cac        -       0x00000014   Zero   RW         1647    .bss.xActiveTimerList1  timers.o
    0x20004cc0        -       0x00000014   Zero   RW         1648    .bss.xActiveTimerList2  timers.o
    0x20004cd4        -       0x00000001   Zero   RW         1856    .bss.xBlockAllocatedBit  heap_4.o
    0x20004cd5   0x08025012   0x00000003   PAD
    0x20004cd8        -       0x00000014   Zero   RW         1578    .bss.xDelayedTaskList1  tasks.o
    0x20004cec        -       0x00000014   Zero   RW         1579    .bss.xDelayedTaskList2  tasks.o
    0x20004d00        -       0x00000004   Zero   RW         1857    .bss.xFreeBytesRemaining  heap_4.o
    0x20004d04        -       0x00000004   Zero   RW         1573    .bss.xIdleTaskHandle  tasks.o
    0x20004d08        -       0x00000004   Zero   RW         1859    .bss.xMinimumEverFreeBytesRemaining  heap_4.o
    0x20004d0c        -       0x00000002   Zero   RW         1574    .bss.xNextTaskUnblockTime  tasks.o
    0x20004d0e   0x08025012   0x00000002   PAD
    0x20004d10        -       0x00000004   Zero   RW         1577    .bss.xNumOfOverflows  tasks.o
    0x20004d14        -       0x00000004   Zero   RW         1860    .bss.xNumberOfSuccessfulAllocations  heap_4.o
    0x20004d18        -       0x00000004   Zero   RW         1861    .bss.xNumberOfSuccessfulFrees  heap_4.o
    0x20004d1c        -       0x00000002   Zero   RW         1576    .bss.xPendedTicks   tasks.o
    0x20004d1e   0x08025012   0x00000002   PAD
    0x20004d20        -       0x00000014   Zero   RW         1572    .bss.xPendingReadyList  tasks.o
    0x20004d34        -       0x00000040   Zero   RW         1368    .bss.xQueueRegistry  queue.o
    0x20004d74        -       0x00000004   Zero   RW         1564    .bss.xSchedulerRunning  tasks.o
    0x20004d78        -       0x00000008   Zero   RW         1858    .bss.xStart         heap_4.o
    0x20004d80        -       0x00000014   Zero   RW         1569    .bss.xSuspendedTaskList  tasks.o
    0x20004d94        -       0x00000014   Zero   RW         1561    .bss.xTasksWaitingTermination  tasks.o
    0x20004da8        -       0x00000002   Zero   RW         1566    .bss.xTickCount     tasks.o
    0x20004daa   0x08025012   0x00000002   PAD
    0x20004dac        -       0x00000004   Zero   RW         1642    .bss.xTimerQueue    timers.o
    0x20004db0        -       0x00000004   Zero   RW         1643    .bss.xTimerTaskHandle  timers.o
    0x20004db4        -       0x00000004   Zero   RW         1575    .bss.xYieldPending  tasks.o
    0x20004db8        -       0x00000200   Zero   RW            2    HEAP                startup_stm32f407xx.o
    0x20004fb8        -       0x00000400   Zero   RW            1    STACK               startup_stm32f407xx.o


    Execution Region RW_IRAM2 (Exec base: 0x2001c000, Load base: 0x08025018, Size: 0x00000000, Max: 0x00004000, ABSOLUTE)

    **** No section assigned to this execution region ****


==============================================================================

Image component sizes


      Code (inc. data)   RO Data    RW Data    ZI Data      Debug   Object Name

       202          0          0          1        266       1911   adc.o
       106          0          0          0          4        939   app.o
        16          0          0          0          0       1320   appinit.o
       806          0          0          0       1724      42733   cmsis_os2.o
       162          0          0         18          1       1730   esp.o
       676          0          0          0      15389       4759   heap_4.o
       508          0          0          0          0       5308   hx711.o
       152          0          0          0          0       2176   list.o
       886          0        205          0        240      11692   main.o
       892         16          0          4          5       3961   port.o
      2914          0          0          0         64      22719   queue.o
       738          0          0          1        139       5488   rfid.o
        64         26        392          0       1536        808   startup_stm32f407xx.o
       138          0          0          5          4       7252   stm32f4xx_hal.o
       244          0          0          0          0      10699   stm32f4xx_hal_cortex.o
       164          0          0          0          0       9244   stm32f4xx_hal_dma.o
       446          0          0          0          0       5165   stm32f4xx_hal_gpio.o
       100          0          0          0          0       1614   stm32f4xx_hal_iwdg.o
       354          0          0          0          0       8761   stm32f4xx_hal_msp.o
      1440          0          0          0          0       7316   stm32f4xx_hal_rcc.o
       290          0          0          0          0       4354   stm32f4xx_hal_rcc_ex.o
       920          0          0          0          0      44814   stm32f4xx_hal_tim.o
       188          0          0          0          0      19206   stm32f4xx_hal_tim_ex.o
       162          0          0          0         72       7132   stm32f4xx_hal_timebase_tim.o
      1466          0          0          0          0      24705   stm32f4xx_hal_uart.o
        76          0          0          0          0       2310   stm32f4xx_it.o
        26          0         24          4          0       2608   system_stm32f4xx.o
      3022          8          0          0       1274      29963   tasks.o
      1190         26          0          0        298      14653   timers.o
       232          0          0          0        258       3620   uartcallback.o

    ----------------------------------------------------------------------
     18804         88        658         36      21300     308960   Object Totals
         0          0         32          0          0          0   (incl. Generated)
       224         12          5          3         26          0   (incl. Padding)

    ----------------------------------------------------------------------

      Code (inc. data)   RO Data    RW Data    ZI Data      Debug   Library Member Name

         8          0          0          0          0         68   __main.o
         0          0          0          0          0          0   __rtentry.o
        12          0          0          0          0          0   __rtentry2.o
         6          0          0          0          0          0   __rtentry4.o
        52          8          0          0          0          0   __scatter.o
        26          0          0          0          0          0   __scatter_copy.o
        28          0          0          0          0          0   __scatter_zi.o
        16          0          0          0          0         68   aeabi_memset4.o
        18          0          0          0          0         80   exit.o
         6          0          0          0          0        152   heapauxi.o
         0          0          0          0          0          0   indicate_semi.o
         2          0          0          0          0          0   libinit.o
         6          0          0          0          0          0   libinit2.o
         2          0          0          0          0          0   libshutdown.o
         2          0          0          0          0          0   libshutdown2.o
         8          4          0          0         96         68   libspace.o
       116          0          0          0          0         84   llsdiv.o
       240          0          0          0          0        100   lludivv7m.o
        78          0          0          0          0         80   rt_memclr_w.o
       138          0          0          0          0         68   rt_memcpy_v6.o
       100          0          0          0          0         80   rt_memcpy_w.o
         2          0          0          0          0          0   rtexit.o
        10          0          0          0          0          0   rtexit2.o
        12          4          0          0          0         68   sys_exit.o
        74          0          0          0          0         80   sys_stackheap_outer.o
         2          0          0          0          0         68   use_no_semi.o
        26          0          0          0          0        116   fpinit.o

    ----------------------------------------------------------------------
       998         16          0          0         96       1180   Library Totals
         8          0          0          0          0          0   (incl. Padding)

    ----------------------------------------------------------------------

      Code (inc. data)   RO Data    RW Data    ZI Data      Debug   Library Name

       964         16          0          0         96       1064   c_w.l
        26          0          0          0          0        116   fz_wm.l

    ----------------------------------------------------------------------
       998         16          0          0         96       1180   Library Totals

    ----------------------------------------------------------------------

==============================================================================


      Code (inc. data)   RO Data    RW Data    ZI Data      Debug   

     19802        104        658         36      21396     309112   Grand Totals
     19802        104        658         36      21396     309112   ELF Image Totals
     19802        104        658         36          0          0   ROM Totals

==============================================================================

    Total RO  Size (Code + RO Data)                20460 (  19.98kB)
    Total RW  Size (RW Data + ZI Data)             21432 (  20.93kB)
    Total ROM Size (Code + RO Data + RW Data)      20496 (  20.02kB)

==============================================================================

