Component: ARM Compiler 6.16 Tool: armlink [5dfeaa00]

==============================================================================

Section Cross References

    startup_stm32f407xx.o(STACK) refers (Special) to heapauxi.o(.text) for __use_two_region_memory
    startup_stm32f407xx.o(HEAP) refers (Special) to heapauxi.o(.text) for __use_two_region_memory
    startup_stm32f407xx.o(RESET) refers (Special) to heapauxi.o(.text) for __use_two_region_memory
    startup_stm32f407xx.o(RESET) refers to startup_stm32f407xx.o(STACK) for __initial_sp
    startup_stm32f407xx.o(RESET) refers to startup_stm32f407xx.o(.text) for Reset_Handler
    startup_stm32f407xx.o(RESET) refers to stm32f4xx_it.o(.text.NMI_Handler) for NMI_Handler
    startup_stm32f407xx.o(RESET) refers to stm32f4xx_it.o(.text.HardFault_Handler) for HardFault_Handler
    startup_stm32f407xx.o(RESET) refers to stm32f4xx_it.o(.text.MemManage_Handler) for MemManage_Handler
    startup_stm32f407xx.o(RESET) refers to stm32f4xx_it.o(.text.BusFault_Handler) for BusFault_Handler
    startup_stm32f407xx.o(RESET) refers to stm32f4xx_it.o(.text.UsageFault_Handler) for UsageFault_Handler
    startup_stm32f407xx.o(RESET) refers to port.o(.text.SVC_Handler) for SVC_Handler
    startup_stm32f407xx.o(RESET) refers to stm32f4xx_it.o(.text.DebugMon_Handler) for DebugMon_Handler
    startup_stm32f407xx.o(RESET) refers to port.o(.text.PendSV_Handler) for PendSV_Handler
    startup_stm32f407xx.o(RESET) refers to cmsis_os2.o(.text.SysTick_Handler) for SysTick_Handler
    startup_stm32f407xx.o(RESET) refers to stm32f4xx_it.o(.text.TIM1_UP_TIM10_IRQHandler) for TIM1_UP_TIM10_IRQHandler
    startup_stm32f407xx.o(RESET) refers to stm32f4xx_it.o(.text.UART4_IRQHandler) for UART4_IRQHandler
    startup_stm32f407xx.o(RESET) refers to stm32f4xx_it.o(.text.TIM6_DAC_IRQHandler) for TIM6_DAC_IRQHandler
    startup_stm32f407xx.o(RESET) refers to stm32f4xx_it.o(.text.USART6_IRQHandler) for USART6_IRQHandler
    startup_stm32f407xx.o(.text) refers (Special) to heapauxi.o(.text) for __use_two_region_memory
    startup_stm32f407xx.o(.text) refers to system_stm32f4xx.o(.text.SystemInit) for SystemInit
    startup_stm32f407xx.o(.text) refers to __main.o(!!!main) for __main
    startup_stm32f407xx.o(.text) refers to startup_stm32f407xx.o(HEAP) for Heap_Mem
    startup_stm32f407xx.o(.text) refers to startup_stm32f407xx.o(STACK) for Stack_Mem
    app.o(.text.checkTasksTimeout) refers to app.o(.bss.secondsCounter) for secondsCounter
    app.o(.text.checkTasksTimeout) refers to app.o(.bss.timestamp) for timestamp
    app.o(.text.checkTasksTimeout) refers to app.o(.bss.checkFW) for checkFW
    app.o(.text.checkTasksTimeout) refers to app.o(.bss.timeSynchronization) for timeSynchronization
    app.o(.text.checkTasksTimeout) refers to main.o(.bss.sendMsgSemHandle) for sendMsgSemHandle
    app.o(.text.checkTasksTimeout) refers to cmsis_os2.o(.text.osSemaphoreRelease) for osSemaphoreRelease
    app.o(.ARM.exidx.text.checkTasksTimeout) refers to app.o(.text.checkTasksTimeout) for [Anonymous Symbol]
    appinit.o(.text.initApp) refers to main.o(.bss.htim6) for htim6
    appinit.o(.text.initApp) refers to stm32f4xx_hal_tim.o(.text.HAL_TIM_Base_Start_IT) for HAL_TIM_Base_Start_IT
    appinit.o(.ARM.exidx.text.initApp) refers to appinit.o(.text.initApp) for [Anonymous Symbol]
    esp.o(.text.sendMsgToESP) refers to main.o(.bss.sendMsgSemHandle) for sendMsgSemHandle
    esp.o(.text.sendMsgToESP) refers to adc.o(.bss.weightBufferReady) for weightBufferReady
    esp.o(.text.sendMsgToESP) refers to app.o(.bss.checkFW) for checkFW
    esp.o(.text.sendMsgToESP) refers to esp.o(.bss.currentCmdESP) for currentCmdESP
    esp.o(.text.sendMsgToESP) refers to main.o(.bss.huart4) for huart4
    esp.o(.text.sendMsgToESP) refers to esp.o(.data.checkFWCmd) for checkFWCmd
    esp.o(.text.sendMsgToESP) refers to esp.o(.data.sendWeightPrepareCmd) for sendWeightPrepareCmd
    esp.o(.text.sendMsgToESP) refers to stm32f4xx_hal_uart.o(.text.HAL_UART_Transmit_IT) for HAL_UART_Transmit_IT
    esp.o(.text.sendMsgToESP) refers to cmsis_os2.o(.text.osDelay) for osDelay
    esp.o(.text.sendMsgToESP) refers to cmsis_os2.o(.text.osSemaphoreAcquire) for osSemaphoreAcquire
    esp.o(.text.sendMsgToESP) refers to esp.o(.data.versionNum) for versionNum
    esp.o(.text.sendMsgToESP) refers to app.o(.bss.timeSynchronization) for timeSynchronization
    esp.o(.text.sendMsgToESP) refers to esp.o(.data.getTimestampCmd) for getTimestampCmd
    esp.o(.ARM.exidx.text.sendMsgToESP) refers to esp.o(.text.sendMsgToESP) for [Anonymous Symbol]
    esp.o(.ARM.exidx.text.isBufEqual) refers to esp.o(.text.isBufEqual) for [Anonymous Symbol]
    esp.o(.text.checkResponse) refers to esp.o(.data.sendWeightPrepareOK) for sendWeightPrepareOK
    esp.o(.text.checkResponse) refers to esp.o(.text.isBufEqual) for isBufEqual
    esp.o(.text.checkResponse) refers to esp.o(.data.sendWeightRspOK) for sendWeightRspOK
[...]
    __rt_lib_init_argv_1                     0x08020203   Thumb Code     0  libinit2.o(.ARM.Collect$$libinit$$0000002C)
    __rt_lib_init_atexit_1                   0x08020203   Thumb Code     0  libinit2.o(.ARM.Collect$$libinit$$0000001B)
    __rt_lib_init_clock_1                    0x08020203   Thumb Code     0  libinit2.o(.ARM.Collect$$libinit$$00000021)
    __rt_lib_init_cpp_1                      0x08020203   Thumb Code     0  libinit2.o(.ARM.Collect$$libinit$$00000032)
    __rt_lib_init_exceptions_1               0x08020203   Thumb Code     0  libinit2.o(.ARM.Collect$$libinit$$00000030)
    __rt_lib_init_fp_trap_1                  0x08020203   Thumb Code     0  libinit2.o(.ARM.Collect$$libinit$$0000001F)
    __rt_lib_init_getenv_1                   0x08020203   Thumb Code     0  libinit2.o(.ARM.Collect$$libinit$$00000023)
    __rt_lib_init_heap_1                     0x08020203   Thumb Code     0  libinit2.o(.ARM.Collect$$libinit$$0000000A)
    __rt_lib_init_lc_collate_1               0x08020203   Thumb Code     0  libinit2.o(.ARM.Collect$$libinit$$00000011)
    __rt_lib_init_lc_ctype_1                 0x08020203   Thumb Code     0  libinit2.o(.ARM.Collect$$libinit$$00000013)
    __rt_lib_init_lc_monetary_1              0x08020203   Thumb Code     0  libinit2.o(.ARM.Collect$$libinit$$00000015)
    __rt_lib_init_lc_numeric_1               0x08020203   Thumb Code     0  libinit2.o(.ARM.Collect$$libinit$$00000017)
    __rt_lib_init_lc_time_1                  0x08020203   Thumb Code     0  libinit2.o(.ARM.Collect$$libinit$$00000019)
    __rt_lib_init_preinit_1                  0x08020203   Thumb Code     0  libinit2.o(.ARM.Collect$$libinit$$00000004)
    __rt_lib_init_rand_1                     0x08020203   Thumb Code     0  libinit2.o(.ARM.Collect$$libinit$$0000000E)
    __rt_lib_init_return                     0x08020203   Thumb Code     0  libinit2.o(.ARM.Collect$$libinit$$00000033)
    __rt_lib_init_signal_1                   0x08020203   Thumb Code     0  libinit2.o(.ARM.Collect$$libinit$$0000001D)
    __rt_lib_init_stdio_1                    0x08020203   Thumb Code     0  libinit2.o(.ARM.Collect$$libinit$$00000025)
    __rt_lib_init_user_alloc_1               0x08020203   Thumb Code     0  libinit2.o(.ARM.Collect$$libinit$$0000000C)
    __rt_lib_shutdown                        0x08020205   Thumb Code     0  libshutdown.o(.ARM.Collect$$libshutdown$$00000000)
    __rt_lib_shutdown_cpp_1                  0x08020207   Thumb Code     0  libshutdown2.o(.ARM.Collect$$libshutdown$$00000002)
    __rt_lib_shutdown_fp_trap_1              0x08020207   Thumb Code     0  libshutdown2.o(.ARM.Collect$$libshutdown$$00000007)
    __rt_lib_shutdown_heap_1                 0x08020207   Thumb Code     0  libshutdown2.o(.ARM.Collect$$libshutdown$$0000000F)
    __rt_lib_shutdown_return                 0x08020207   Thumb Code     0  libshutdown2.o(.ARM.Collect$$libshutdown$$00000010)
    __rt_lib_shutdown_signal_1               0x08020207   Thumb Code     0  libshutdown2.o(.ARM.Collect$$libshutdown$$0000000A)
    __rt_lib_shutdown_stdio_1                0x08020207   Thumb Code     0  libshutdown2.o(.ARM.Collect$$libshutdown$$00000004)
    __rt_lib_shutdown_user_alloc_1           0x08020207   Thumb Code     0  libshutdown2.o(.ARM.Collect$$libshutdown$$0000000C)
    __rt_entry                               0x08020209   Thumb Code     0  __rtentry.o(.ARM.Collect$$rtentry$$00000000)
    __rt_entry_presh_1                       0x08020209   Thumb Code     0  __rtentry2.o(.ARM.Collect$$rtentry$$00000002)
    __rt_entry_sh                            0x08020209   Thumb Code     0  __rtentry4.o(.ARM.Collect$$rtentry$$00000004)
    __rt_entry_li                            0x0802020f   Thumb Code     0  __rtentry2.o(.ARM.Collect$$rtentry$$0000000A)
    __rt_entry_postsh_1                      0x0802020f   Thumb Code     0  __rtentry2.o(.ARM.Collect$$rtentry$$00000009)
    __rt_entry_main                          0x08020213   Thumb Code     0  __rtentry2.o(.ARM.Collect$$rtentry$$0000000D)
    __rt_entry_postli_1                      0x08020213   Thumb Code     0  __rtentry2.o(.ARM.Collect$$rtentry$$0000000C)
    __rt_exit                                0x0802021b   Thumb Code     0  rtexit.o(.ARM.Collect$$rtexit$$00000000)
    __rt_exit_ls                             0x0802021d   Thumb Code     0  rtexit2.o(.ARM.Collect$$rtexit$$00000003)
    __rt_exit_prels_1                        0x0802021d   Thumb Code     0  rtexit2.o(.ARM.Collect$$rtexit$$00000002)
    __rt_exit_exit                           0x08020221   Thumb Code     0  rtexit2.o(.ARM.Collect$$rtexit$$00000004)
    Reset_Handler                            0x08020229   Thumb Code     8  startup_stm32f407xx.o(.text)
    ADC_IRQHandler                           0x08020243   Thumb Code     0  startup_stm32f407xx.o(.text)
    CAN1_RX0_IRQHandler                      0x08020243   Thumb Code     0  startup_stm32f407xx.o(.text)
    CAN1_RX1_IRQHandler                      0x08020243   Thumb Code     0  startup_stm32f407xx.o(.text)
    CAN1_SCE_IRQHandler                      0x08020243   Thumb Code     0  startup_stm32f407xx.o(.text)
    CAN1_TX_IRQHandler                       0x08020243   Thumb Code     0  startup_stm32f407xx.o(.text)
    CAN2_RX0_IRQHandler                      0x08020243   Thumb Code     0  startup_stm32f407xx.o(.text)
    CAN2_RX1_IRQHandler                      0x08020243   Thumb Code     0  startup_stm32f407xx.o(.text)
    CAN2_SCE_IRQHandler                      0x08020243   Thumb Code     0  startup_stm32f407xx.o(.text)
    CAN2_TX_IRQHandler                       0x08020243   Thumb Code     0  startup_stm32f407xx.o(.text)
    DCMI_IRQHandler                          0x08020243   Thumb Code     0  startup_stm32f407xx.o(.text)
    DMA1_Stream0_IRQHandler                  0x08020243   Thumb Code     0  startup_stm32f407xx.o(.text)
    DMA1_Stream1_IRQHandler                  0x08020243   Thumb Code     0  startup_stm32f407xx.o(.text)
    DMA1_Stream2_IRQHandler                  0x08020243   Thumb Code     0  startup_stm32f407xx.o(.text)
    DMA1_Stream3_IRQHandler                  0x08020243   Thumb Code     0  startup_stm32f407xx.o(.text)
    DMA1_Stream4_IRQHandler                  0x08020243   Thumb Code     0  startup_stm32f407xx.o(.text)
    DMA1_Stream5_IRQHandler                  0x08020243   Thumb Code     0  startup_stm32f407xx.o(.text)
    DMA1_Stream6_IRQHandler                  0x08020243   Thumb Code     0  startup_stm32f407xx.o(.text)
    DMA1_Stream7_IRQHandler                  0x08020243   Thumb Code     0  startup_stm32f407xx.o(.text)
    DMA2_Stream0_IRQHandler                  0x08020243   Thumb Code     0  startup_stm32f407xx.o(.text)
    DMA2_Stream1_IRQHandler                  0x08020243   Thumb Code     0  startup_stm32f407xx.o(.text)
    DMA2_Stream2_IRQHandler                  0x08020243   Thumb Code     0  startup_stm32f407xx.o(.text)
    DMA2_Stream3_IRQHandler                  0x08020243   Thumb Code     0  startup_stm32f407xx.o(.text)
    DMA2_Stream4_IRQHandler                  0x08020243   Thumb Code     0  startup_stm32f407xx.o(.text)
    DMA2_Stream5_IRQHandler                  0x08020243   Thumb Code     0  startup_stm32f407xx.o(.text)
    DMA2_Stream6_IRQHandler                  0x08020243   Thumb Code     0  startup_stm32f407xx.o(.text)
    DMA2_Stream7_IRQHandler                  0x08020243   Thumb Code     0  startup_stm32f407xx.o(.text)
    ETH_IRQHandler                           0x08020243   Thumb Code     0  startup_stm32f407xx.o(.text)
    ETH_WKUP_IRQHandler                      0x08020243   Thumb Code     0  startup_stm32f407xx.o(.text)
    EXTI0_IRQHandler                         0x08020243   Thumb Code     0  startup_stm32f407xx.o(.text)
    EXTI15_10_IRQHandler                     0x08020243   Thumb Code     0  startup_stm32f407xx.o(.text)
    EXTI1_IRQHandler                         0x08020243   Thumb Code     0  startup_stm32f407xx.o(.text)
    EXTI2_IRQHandler                         0x08020243   Thumb Code     0  startup_stm32f407xx.o(.text)
    EXTI3_IRQHandler                         0x08020243   Thumb Code     0  startup_stm32f407xx.o(.text)
    EXTI4_IRQHandler                         0x08020243   Thumb Code     0  startup_stm32f407xx.o(.text)
    EXTI9_5_IRQHandler                       0x08020243   Thumb Code     0  startup_stm32f407xx.o(.text)
    FLASH_IRQHandler                         0x08020243   Thumb Code     0  startup_stm32f407xx.o(.text)
    FMC_IRQHandler                           0x08020243   Thumb Code     0  startup_stm32f407xx.o(.text)
    FPU_IRQHandler                           0x08020243   Thumb Code     0  startup_stm32f407xx.o(.text)
    HASH_RNG_IRQHandler                      0x08020243   Thumb Code     0  startup_stm32f407xx.o(.text)
    I2C1_ER_IRQHandler                       0x08020243   Thumb Code     0  startup_stm32f407xx.o(.text)
    I2C1_EV_IRQHandler                       0x08020243   Thumb Code     0  startup_stm32f407xx.o(.text)
    I2C2_ER_IRQHandler                       0x08020243   Thumb Code     0  startup_stm32f407xx.o(.text)
    I2C2_EV_IRQHandler                       0x08020243   Thumb Code     0  startup_stm32f407xx.o(.text)
    I2C3_ER_IRQHandler                       0x08020243   Thumb Code     0  startup_stm32f407xx.o(.text)
    I2C3_EV_IRQHandler                       0x08020243   Thumb Code     0  startup_stm32f407xx.o(.text)
    OTG_FS_IRQHandler                        0x08020243   Thumb Code     0  startup_stm32f407xx.o(.text)
    OTG_FS_WKUP_IRQHandler                   0x08020243   Thumb Code     0  startup_stm32f407xx.o(.text)
    OTG_HS_EP1_IN_IRQHandler                 0x08020243   Thumb Code     0  startup_stm32f407xx.o(.text)
    OTG_HS_EP1_OUT_IRQHandler                0x08020243   Thumb Code     0  startup_stm32f407xx.o(.text)
    OTG_HS_IRQHandler                        0x08020243   Thumb Code     0  startup_stm32f407xx.o(.text)
    OTG_HS_WKUP_IRQHandler                   0x08020243   Thumb Code     0  startup_stm32f407xx.o(.text)
    PVD_IRQHandler                           0x08020243   Thumb Code     0  startup_stm32f407xx.o(.text)
    RCC_IRQHandler                           0x08020243   Thumb Code     0  startup_stm32f407xx.o(.text)
    RTC_Alarm_IRQHandler                     0x08020243   Thumb Code     0  startup_stm32f407xx.o(.text)
    RTC_WKUP_IRQHandler                      0x08020243   Thumb Code     0  startup_stm32f407xx.o(.text)
    SDIO_IRQHandler                          0x08020243   Thumb Code     0  startup_stm32f407xx.o(.text)
    SPI1_IRQHandler                          0x08020243   Thumb Code     0  startup_stm32f407xx.o(.text)
    SPI2_IRQHandler                          0x08020243   Thumb Code     0  startup_stm32f407xx.o(.text)
    SPI3_IRQHandler                          0x08020243   Thumb Code     0  startup_stm32f407xx.o(.text)
    TAMP_STAMP_IRQHandler                    0x08020243   Thumb Code     0  startup_stm32f407xx.o(.text)
    TIM1_BRK_TIM9_IRQHandler                 0x08020243   Thumb Code     0  startup_stm32f407xx.o(.text)
    TIM1_CC_IRQHandler                       0x08020243   Thumb Code     0  startup_stm32f407xx.o(.text)
    TIM1_TRG_COM_TIM11_IRQHandler            0x08020243   Thumb Code     0  startup_stm32f407xx.o(.text)
    TIM2_IRQHandler                          0x08020243   Thumb Code     0  startup_stm32f407xx.o(.text)
    TIM3_IRQHandler                          0x08020243   Thumb Code     0  startup_stm32f407xx.o(.text)
    TIM4_IRQHandler                          0x08020243   Thumb Code     0  startup_stm32f407xx.o(.text)
    TIM5_IRQHandler                          0x08020243   Thumb Code     0  startup_stm32f407xx.o(.text)
    TIM7_IRQHandler                          0x08020243   Thumb Code     0  startup_stm32f407xx.o(.text)
    TIM8_BRK_TIM12_IRQHandler                0x08020243   Thumb Code     0  startup_stm32f407xx.o(.text)
    TIM8_CC_IRQHandler                       0x08020243   Thumb Code     0  startup_stm32f407xx.o(.text)
    TIM8_TRG_COM_TIM14_IRQHandler            0x08020243   Thumb Code     0  startup_stm32f407xx.o(.text)
    TIM8_UP_TIM13_IRQHandler                 0x08020243   Thumb Code     0  startup_stm32f407xx.o(.text)
    UART5_IRQHandler                         0x08020243   Thumb Code     0  startup_stm32f407xx.o(.text)
    USART1_IRQHandler                        0x08020243   Thumb Code     0  startup_stm32f407xx.o(.text)
    USART2_IRQHandler                        0x08020243   Thumb Code     0  startup_stm32f407xx.o(.text)
    USART3_IRQHandler                        0x08020243   Thumb Code     0  startup_stm32f407xx.o(.text)
    WWDG_IRQHandler                          0x08020243   Thumb Code     0  startup_stm32f407xx.o(.text)
    __user_initial_stackheap                 0x08020245   Thumb Code     0  startup_stm32f407xx.o(.text)
    __aeabi_uldivmod                         0x08020269   Thumb Code     0  lludivv7m.o(.text)
    _ll_udiv                                 0x08020269   Thumb Code   240  lludivv7m.o(.text)
    __aeabi_ldivmod                          0x08020359   Thumb Code     0  llsdiv.o(.text)
    _ll_sdiv                                 0x08020359   Thumb Code   116  llsdiv.o(.text)
    __aeabi_memcpy                           0x080203cd   Thumb Code     0  rt_memcpy_v6.o(.text)
    __rt_memcpy                              0x080203cd   Thumb Code   138  rt_memcpy_v6.o(.text)
    _memcpy_lastbytes                        0x08020433   Thumb Code     0  rt_memcpy_v6.o(.text)
    __aeabi_memset4                          0x08020457   Thumb Code    16  aeabi_memset4.o(.text)
    __aeabi_memset8                          0x08020457   Thumb Code     0  aeabi_memset4.o(.text)
    __aeabi_memclr4                          0x08020467   Thumb Code     0  rt_memclr_w.o(.text)
    __aeabi_memclr8                          0x08020467   Thumb Code     0  rt_memclr_w.o(.text)
    __rt_memclr_w                            0x08020467   Thumb Code     0  rt_memclr_w.o(.text)
    _memset_w                                0x0802046b   Thumb Code    74  rt_memclr_w.o(.text)
    __use_two_region_memory                  0x080204b5   Thumb Code     2  heapauxi.o(.text)
    __rt_heap_escrow$2region                 0x080204b7   Thumb Code     2  heapauxi.o(.text)
    __rt_heap_expand$2region                 0x080204b9   Thumb Code     2  heapauxi.o(.text)
    __aeabi_memcpy4                          0x080204bb   Thumb Code     0  rt_memcpy_w.o(.text)
    __aeabi_memcpy8                          0x080204bb   Thumb Code     0  rt_memcpy_w.o(.text)
    __rt_memcpy_w                            0x080204bb   Thumb Code   100  rt_memcpy_w.o(.text)
    _memcpy_lastbytes_aligned                0x08020503   Thumb Code     0  rt_memcpy_w.o(.text)
    __user_setup_stackheap                   0x0802051f   Thumb Code    74  sys_stackheap_outer.o(.text)
    exit                                     0x08020569   Thumb Code    18  exit.o(.text)
    __user_libspace                          0x0802057d   Thumb Code     8  libspace.o(.text)
    __user_perproc_libspace                  0x0802057d   Thumb Code     0  libspace.o(.text)
    __user_perthread_libspace                0x0802057d   Thumb Code     0  libspace.o(.text)
    _sys_exit                                0x08020585   Thumb Code     8  sys_exit.o(.text)
    __I$use$semihosting                      0x08020591   Thumb Code     0  use_no_semi.o(.text)
    __use_no_semihosting_swi                 0x08020591   Thumb Code     2  use_no_semi.o(.text)
    __semihosting_library_function           0x08020593   Thumb Code     0  indicate_semi.o(.text)
    BusFault_Handler                         0x08020595   Thumb Code     2  stm32f4xx_it.o(.text.BusFault_Handler)
    DebugMon_Handler                         0x08020599   Thumb Code     2  stm32f4xx_it.o(.text.DebugMon_Handler)
    Error_Handler                            0x0802059d   Thumb Code    10  main.o(.text.Error_Handler)
    HAL_DMA_Abort                            0x080205a9   Thumb Code   128  stm32f4xx_hal_dma.o(.text.HAL_DMA_Abort)
    HAL_DMA_Abort_IT                         0x08020629   Thumb Code    36  stm32f4xx_hal_dma.o(.text.HAL_DMA_Abort_IT)
    HAL_DeInit                               0x0802064d   Thumb Code    44  stm32f4xx_hal.o(.text.HAL_DeInit)
    HAL_GPIO_Init                            0x08020679   Thumb Code   410  stm32f4xx_hal_gpio.o(.text.HAL_GPIO_Init)
    HAL_GPIO_ReadPin                         0x08020815   Thumb Code    10  stm32f4xx_hal_gpio.o(.text.HAL_GPIO_ReadPin)
    HAL_GPIO_TogglePin                       0x08020821   Thumb Code    16  stm32f4xx_hal_gpio.o(.text.HAL_GPIO_TogglePin)
    HAL_GPIO_WritePin                        0x08020831   Thumb Code    10  stm32f4xx_hal_gpio.o(.text.HAL_GPIO_WritePin)
    HAL_GetTick                              0x0802083d   Thumb Code    12  stm32f4xx_hal.o(.text.HAL_GetTick)
    HAL_IWDG_Init                            0x08020849   Thumb Code    88  stm32f4xx_hal_iwdg.o(.text.HAL_IWDG_Init)
    HAL_IWDG_Refresh                         0x080208a1   Thumb Code    12  stm32f4xx_hal_iwdg.o(.text.HAL_IWDG_Refresh)
    HAL_IncTick                              0x080208ad   Thumb Code    26  stm32f4xx_hal.o(.text.HAL_IncTick)
    HAL_Init                                 0x080208c9   Thumb Code    54  stm32f4xx_hal.o(.text.HAL_Init)
    HAL_InitTick                             0x08020901   Thumb Code   162  stm32f4xx_hal_timebase_tim.o(.text.HAL_InitTick)
    HAL_MspDeInit                            0x080209a5   Thumb Code     2  stm32f4xx_hal.o(.text.HAL_MspDeInit)
    HAL_MspInit                              0x080209a9   Thumb Code    70  stm32f4xx_hal_msp.o(.text.HAL_MspInit)
    HAL_NVIC_EnableIRQ                       0x080209f1   Thumb Code     8  stm32f4xx_hal_cortex.o(.text.HAL_NVIC_EnableIRQ)
    HAL_NVIC_SetPriority                     0x080209f9   Thumb Code    30  stm32f4xx_hal_cortex.o(.text.HAL_NVIC_SetPriority)
    HAL_NVIC_SetPriorityGrouping             0x08020a19   Thumb Code     8  stm32f4xx_hal_cortex.o(.text.HAL_NVIC_SetPriorityGrouping)
    HAL_NVIC_SystemReset                     0x08020a21   Thumb Code     4  stm32f4xx_hal_cortex.o(.text.HAL_NVIC_SystemReset)
    HAL_RCC_ClockConfig                      0x08020a25   Thumb Code   352  stm32f4xx_hal_rcc.o(.text.HAL_RCC_ClockConfig)
    HAL_RCC_DeInit                           0x08020b85   Thumb Code   290  stm32f4xx_hal_rcc_ex.o(.text.HAL_RCC_DeInit)
    HAL_RCC_GetClockConfig                   0x08020ca9   Thumb Code    62  stm32f4xx_hal_rcc.o(.text.HAL_RCC_GetClockConfig)
    HAL_RCC_GetHCLKFreq                      0x08020ce9   Thumb Code    12  stm32f4xx_hal_rcc.o(.text.HAL_RCC_GetHCLKFreq)
    HAL_RCC_GetPCLK1Freq                     0x08020cf5   Thumb Code    34  stm32f4xx_hal_rcc.o(.text.HAL_RCC_GetPCLK1Freq)
    HAL_RCC_GetPCLK2Freq                     0x08020d19   Thumb Code    34  stm32f4xx_hal_rcc.o(.text.HAL_RCC_GetPCLK2Freq)
    HAL_RCC_GetSysClockFreq                  0x08020d3d   Thumb Code   106  stm32f4xx_hal_rcc.o(.text.HAL_RCC_GetSysClockFreq)
    HAL_RCC_OscConfig                        0x08020da9   Thumb Code   840  stm32f4xx_hal_rcc.o(.text.HAL_RCC_OscConfig)
    HAL_TIMEx_BreakCallback                  0x080210f1   Thumb Code     2  stm32f4xx_hal_tim_ex.o(.text.HAL_TIMEx_BreakCallback)
    HAL_TIMEx_CommutCallback                 0x080210f5   Thumb Code     2  stm32f4xx_hal_tim_ex.o(.text.HAL_TIMEx_CommutCallback)
    HAL_TIMEx_MasterConfigSynchronization    0x080210f9   Thumb Code   184  stm32f4xx_hal_tim_ex.o(.text.HAL_TIMEx_MasterConfigSynchronization)
    HAL_TIM_Base_Init                        0x080211b1   Thumb Code    90  stm32f4xx_hal_tim.o(.text.HAL_TIM_Base_Init)
    HAL_TIM_Base_MspInit                     0x0802120d   Thumb Code    72  stm32f4xx_hal_msp.o(.text.HAL_TIM_Base_MspInit)
    HAL_TIM_Base_Start_IT                    0x08021255   Thumb Code   168  stm32f4xx_hal_tim.o(.text.HAL_TIM_Base_Start_IT)
    HAL_TIM_IC_CaptureCallback               0x080212fd   Thumb Code     2  stm32f4xx_hal_tim.o(.text.HAL_TIM_IC_CaptureCallback)
    HAL_TIM_IRQHandler                       0x08021301   Thumb Code   362  stm32f4xx_hal_tim.o(.text.HAL_TIM_IRQHandler)
    HAL_TIM_OC_DelayElapsedCallback          0x0802146d   Thumb Code     2  stm32f4xx_hal_tim.o(.text.HAL_TIM_OC_DelayElapsedCallback)
    HAL_TIM_PWM_PulseFinishedCallback        0x08021471   Thumb Code     2  stm32f4xx_hal_tim.o(.text.HAL_TIM_PWM_PulseFinishedCallback)
    HAL_TIM_PeriodElapsedCallback            0x08021475   Thumb Code    38  main.o(.text.HAL_TIM_PeriodElapsedCallback)
    HAL_TIM_TriggerCallback                  0x0802149d   Thumb Code     2  stm32f4xx_hal_tim.o(.text.HAL_TIM_TriggerCallback)
    HAL_UARTEx_RxEventCallback               0x080214a1   Thumb Code     2  stm32f4xx_hal_uart.o(.text.HAL_UARTEx_RxEventCallback)
    HAL_UART_ErrorCallback                   0x080214a5   Thumb Code     2  stm32f4xx_hal_uart.o(.text.HAL_UART_ErrorCallback)
    HAL_UART_IRQHandler                      0x080214a9   Thumb Code   570  stm32f4xx_hal_uart.o(.text.HAL_UART_IRQHandler)
    HAL_UART_Init                            0x080216e5   Thumb Code    94  stm32f4xx_hal_uart.o(.text.HAL_UART_Init)
    HAL_UART_MspInit                         0x08021745   Thumb Code   212  stm32f4xx_hal_msp.o(.text.HAL_UART_MspInit)
    HAL_UART_Receive_IT                      0x08021819   Thumb Code    56  stm32f4xx_hal_uart.o(.text.HAL_UART_Receive_IT)
    HAL_UART_RxCpltCallback                  0x08021851   Thumb Code   174  uartcallback.o(.text.HAL_UART_RxCpltCallback)
    HAL_UART_Transmit_IT                     0x08021901   Thumb Code    68  stm32f4xx_hal_uart.o(.text.HAL_UART_Transmit_IT)
    HAL_UART_TxCpltCallback                  0x08021945   Thumb Code    88  uartcallback.o(.text.HAL_UART_TxCpltCallback)
    HardFault_Handler                        0x0802199d   Thumb Code     2  stm32f4xx_it.o(.text.HardFault_Handler)
    MemManage_Handler                        0x08021b4d   Thumb Code     2  stm32f4xx_it.o(.text.MemManage_Handler)
    NMI_Handler                              0x08021b51   Thumb Code     2  stm32f4xx_it.o(.text.NMI_Handler)
    PendSV_Handler                           0x08021b81   Thumb Code   100  port.o(.text.PendSV_Handler)
    SVC_Handler                              0x08021bf1   Thumb Code    36  port.o(.text.SVC_Handler)
    SysTick_Handler                          0x08021c1d   Thumb Code    26  cmsis_os2.o(.text.SysTick_Handler)
    SystemClock_Config                       0x08021c39   Thumb Code   138  main.o(.text.SystemClock_Config)
    SystemInit                               0x08021cc5   Thumb Code    26  system_stm32f4xx.o(.text.SystemInit)
    TIM1_UP_TIM10_IRQHandler                 0x08021ce1   Thumb Code    16  stm32f4xx_it.o(.text.TIM1_UP_TIM10_IRQHandler)
    TIM6_DAC_IRQHandler                      0x08021cf1   Thumb Code    16  stm32f4xx_it.o(.text.TIM6_DAC_IRQHandler)
    TIM_Base_SetConfig                       0x08021d01   Thumb Code   292  stm32f4xx_hal_tim.o(.text.TIM_Base_SetConfig)
    UART4_IRQHandler                         0x08021e25   Thumb Code    16  stm32f4xx_it.o(.text.UART4_IRQHandler)
    UART_Start_Receive_IT                    0x0802204d   Thumb Code    56  stm32f4xx_hal_uart.o(.text.UART_Start_Receive_IT)
    USART6_IRQHandler                        0x080220d9   Thumb Code    16  stm32f4xx_it.o(.text.USART6_IRQHandler)
    UsageFault_Handler                       0x080220e9   Thumb Code     2  stm32f4xx_it.o(.text.UsageFault_Handler)
    checkBufCRC                              0x08022195   Thumb Code    32  rfid.o(.text.checkBufCRC)
    checkResponse                            0x080221b5   Thumb Code   122  esp.o(.text.checkResponse)
    checkTasksTimeout                        0x08022231   Thumb Code   120  app.o(.text.checkTasksTimeout)
    copyTag                                  0x080222a9   Thumb Code    26  rfid.o(.text.copyTag)
    hx711_coef_set                           0x080222c5   Thumb Code     6  hx711.o(.text.hx711_coef_set)
    hx711_delay_us                           0x080222cd   Thumb Code    18  hx711.o(.text.hx711_delay_us)
    hx711_init                               0x080222e1   Thumb Code   140  hx711.o(.text.hx711_init)
    hx711_lock                               0x0802236d   Thumb Code    26  hx711.o(.text.hx711_lock)
    hx711_tare                               0x08022389   Thumb Code    76  hx711.o(.text.hx711_tare)
    hx711_unlock                             0x080223d5   Thumb Code     6  hx711.o(.text.hx711_unlock)
    hx711_value                              0x080223dd   Thumb Code   136  hx711.o(.text.hx711_value)
    hx711_weight                             0x08022465   Thumb Code   100  hx711.o(.text.hx711_weight)
    initADC                                  0x080224c9   Thumb Code    66  adc.o(.text.initADC)
    initApp                                  0x0802250d   Thumb Code    16  appinit.o(.text.initApp)
    isBufEqual                               0x0802251d   Thumb Code    40  esp.o(.text.isBufEqual)
    isTagsEqual                              0x08022545   Thumb Code    40  rfid.o(.text.isTagsEqual)
    main                                     0x0802256d   Thumb Code   330  main.o(.text.main)
    osDelay                                  0x080226b9   Thumb Code    34  cmsis_os2.o(.text.osDelay)
    osKernelInitialize                       0x080226dd   Thumb Code    40  cmsis_os2.o(.text.osKernelInitialize)
    osKernelStart                            0x08022705   Thumb Code    52  cmsis_os2.o(.text.osKernelStart)
    osSemaphoreAcquire                       0x08022739   Thumb Code   106  cmsis_os2.o(.text.osSemaphoreAcquire)
    osSemaphoreNew                           0x080227a5   Thumb Code   196  cmsis_os2.o(.text.osSemaphoreNew)
    osSemaphoreRelease                       0x08022869   Thumb Code    96  cmsis_os2.o(.text.osSemaphoreRelease)
    osThreadNew                              0x080228c9   Thumb Code   180  cmsis_os2.o(.text.osThreadNew)
    prepareSendBuffer                        0x0802297d   Thumb Code   136  esp.o(.text.prepareSendBuffer)
    pvPortMalloc                             0x080233a5   Thumb Code   330  heap_4.o(.text.pvPortMalloc)
    pvTaskIncrementMutexHeldCount            0x080234f1   Thumb Code    24  tasks.o(.text.pvTaskIncrementMutexHeldCount)
    pxPortInitialiseStack                    0x08023509   Thumb Code    40  port.o(.text.pxPortInitialiseStack)
    readEPCData                              0x08023531   Thumb Code   184  rfid.o(.text.readEPCData)
    readEspResponse                          0x080235e9   Thumb Code    62  esp.o(.text.readEspResponse)
    readRfid                                 0x08023629   Thumb Code   106  rfid.o(.text.readRfid)
    readRfidResponse                         0x08023695   Thumb Code    84  rfid.o(.text.readRfidResponse)
    readUart                                 0x080236e9   Thumb Code    82  uartcallback.o(.text.readUart)
    readWeight                               0x0802373d   Thumb Code   160  adc.o(.text.readWeight)
    rfidInit                                 0x080237dd   Thumb Code    42  rfid.o(.text.rfidInit)
    rfidReInit                               0x08023809   Thumb Code    44  rfid.o(.text.rfidReInit)
    sendCmd                                  0x08023835   Thumb Code    28  rfid.o(.text.sendCmd)
    sendMsgToESP                             0x08023851   Thumb Code   198  esp.o(.text.sendMsgToESP)
    setCRC16                                 0x08023919   Thumb Code    30  rfid.o(.text.setCRC16)
    uiCrc16Calc                              0x08023939   Thumb Code    56  rfid.o(.text.uiCrc16Calc)
    uxListRemove                             0x08023971   Thumb Code    36  list.o(.text.uxListRemove)
    vApplicationGetIdleTaskMemory            0x08023995   Thumb Code    26  cmsis_os2.o(.text.vApplicationGetIdleTaskMemory)
    vApplicationGetTimerTaskMemory           0x080239b1   Thumb Code    28  cmsis_os2.o(.text.vApplicationGetTimerTaskMemory)
    vListInitialise                          0x080239cd   Thumb Code    22  list.o(.text.vListInitialise)
    vListInitialiseItem                      0x080239e5   Thumb Code     6  list.o(.text.vListInitialiseItem)
    vListInsert                              0x080239ed   Thumb Code    60  list.o(.text.vListInsert)
    vListInsertEnd                           0x08023a29   Thumb Code    28  list.o(.text.vListInsertEnd)
    vPortEnterCritical                       0x08023a59   Thumb Code    70  port.o(.text.vPortEnterCritical)
    vPortExitCritical                        0x08023aa1   Thumb Code    46  port.o(.text.vPortExitCritical)
    vPortFree                                0x08023ad1   Thumb Code   138  heap_4.o(.text.vPortFree)
    vPortSetupTimerInterrupt                 0x08023b5d   Thumb Code    52  port.o(.text.vPortSetupTimerInterrupt)
    vPortValidateInterruptPriority           0x08023b91   Thumb Code    98  port.o(.text.vPortValidateInterruptPriority)
    vQueueAddToRegistry                      0x08023bf5   Thumb Code    40  queue.o(.text.vQueueAddToRegistry)
    vQueueDelete                             0x08023c1d   Thumb Code    46  queue.o(.text.vQueueDelete)
    vQueueUnregisterQueue                    0x08023c4d   Thumb Code    42  queue.o(.text.vQueueUnregisterQueue)
    vQueueWaitForMessageRestricted           0x08023c79   Thumb Code    68  queue.o(.text.vQueueWaitForMessageRestricted)
    vTaskDelay                               0x08023cbd   Thumb Code    84  tasks.o(.text.vTaskDelay)
    vTaskInternalSetTimeOutState             0x08023d11   Thumb Code    26  tasks.o(.text.vTaskInternalSetTimeOutState)
    vTaskMissedYield                         0x08023d2d   Thumb Code    14  tasks.o(.text.vTaskMissedYield)
    vTaskPlaceOnEventList                    0x08023d3d   Thumb Code    50  tasks.o(.text.vTaskPlaceOnEventList)
    vTaskPlaceOnEventListRestricted          0x08023d71   Thumb Code    62  tasks.o(.text.vTaskPlaceOnEventListRestricted)
    vTaskPriorityDisinheritAfterTimeout      0x08023db1   Thumb Code   156  tasks.o(.text.vTaskPriorityDisinheritAfterTimeout)
    vTaskStartScheduler                      0x08023e4d   Thumb Code   156  tasks.o(.text.vTaskStartScheduler)
    vTaskSuspendAll                          0x08023ef1   Thumb Code    16  tasks.o(.text.vTaskSuspendAll)
    vTaskSwitchContext                       0x08023f01   Thumb Code   154  tasks.o(.text.vTaskSwitchContext)
    writeCMDToBuf                            0x08023f9d   Thumb Code    78  rfid.o(.text.writeCMDToBuf)
    xPortStartScheduler                      0x08023fed   Thumb Code   294  port.o(.text.xPortStartScheduler)
    xPortSysTickHandler                      0x08024115   Thumb Code    46  port.o(.text.xPortSysTickHandler)
    xQueueCreateCountingSemaphore            0x08024145   Thumb Code    66  queue.o(.text.xQueueCreateCountingSemaphore)
    xQueueCreateCountingSemaphoreStatic      0x08024189   Thumb Code    78  queue.o(.text.xQueueCreateCountingSemaphoreStatic)
    xQueueGenericCreate                      0x080241d9   Thumb Code    70  queue.o(.text.xQueueGenericCreate)
    xQueueGenericCreateStatic                0x08024221   Thumb Code   150  queue.o(.text.xQueueGenericCreateStatic)
    xQueueGenericReset                       0x080242b9   Thumb Code   126  queue.o(.text.xQueueGenericReset)
    xQueueGenericSend                        0x08024339   Thumb Code   426  queue.o(.text.xQueueGenericSend)
    xQueueGenericSendFromISR                 0x080244e5   Thumb Code   206  queue.o(.text.xQueueGenericSendFromISR)
    xQueueGiveFromISR                        0x080245b5   Thumb Code   192  queue.o(.text.xQueueGiveFromISR)
    xQueueReceive                            0x08024675   Thumb Code   392  queue.o(.text.xQueueReceive)
    xQueueReceiveFromISR                     0x080247fd   Thumb Code   170  queue.o(.text.xQueueReceiveFromISR)
    xQueueSemaphoreTake                      0x080248a9   Thumb Code   466  queue.o(.text.xQueueSemaphoreTake)
    xTaskCheckForTimeOut                     0x08024a7d   Thumb Code   142  tasks.o(.text.xTaskCheckForTimeOut)
    xTaskCreate                              0x08024b0d   Thumb Code   102  tasks.o(.text.xTaskCreate)
    xTaskCreateStatic                        0x08024b75   Thumb Code   118  tasks.o(.text.xTaskCreateStatic)
    xTaskGetSchedulerState                   0x08024bed   Thumb Code    38  tasks.o(.text.xTaskGetSchedulerState)
    xTaskGetTickCount                        0x08024c15   Thumb Code    24  tasks.o(.text.xTaskGetTickCount)
    xTaskIncrementTick                       0x08024c2d   Thumb Code   354  tasks.o(.text.xTaskIncrementTick)
    xTaskPriorityDisinherit                  0x08024d91   Thumb Code   146  tasks.o(.text.xTaskPriorityDisinherit)
    xTaskPriorityInherit                     0x08024e25   Thumb Code   140  tasks.o(.text.xTaskPriorityInherit)
    xTaskRemoveFromEventList                 0x08024eb1   Thumb Code   142  tasks.o(.text.xTaskRemoveFromEventList)
    xTaskResumeAll                           0x08024f41   Thumb Code   280  tasks.o(.text.xTaskResumeAll)
    xTimerCreateTimerTask                    0x08025059   Thumb Code   108  timers.o(.text.xTimerCreateTimerTask)
    xTimerGenericCommand                     0x080250cd   Thumb Code   104  timers.o(.text.xTimerGenericCommand)
    _fp_init                                 0x08025135   Thumb Code    26  fpinit.o(x$fpl$fpinit)
    __fplib_config_fpu_vfp                   0x0802514d   Thumb Code     0  fpinit.o(x$fpl$fpinit)
    __fplib_config_pureend_doubles           0x0802514d   Thumb Code     0  fpinit.o(x$fpl$fpinit)
    AHBPrescTable                            0x0802514e   Data          16  system_stm32f4xx.o(.rodata.AHBPrescTable)
    APBPrescTable                            0x0802515e   Data           8  system_stm32f4xx.o(.rodata.APBPrescTable)
    readRfidTask_attributes                  0x08025168   Data          36  main.o(.rodata.readRfidTask_attributes)
    readUartSem_attributes                   0x0802518c   Data          16  main.o(.rodata.readUartSem_attributes)
    readUartTask_attributes                  0x0802519c   Data          36  main.o(.rodata.readUartTask_attributes)
    readWeightSem_attributes                 0x080251c0   Data          16  main.o(.rodata.readWeightSem_attributes)
    readWeightTask_attributes                0x080251d0   Data          36  main.o(.rodata.readWeightTask_attributes)
    sendMsgSem_attributes                    0x080251f4   Data          16  main.o(.rodata.sendMsgSem_attributes)
    sendMsgTask_attributes                   0x08025204   Data          36  main.o(.rodata.sendMsgTask_attributes)
    Region$$Table$$Base                      0x08025284   Number         0  anon$$obj.o(Region$$Table)
    Region$$Table$$Limit                     0x080252a4   Number         0  anon$$obj.o(Region$$Table)
    SystemCoreClock                          0x20000000   Data           4  system_stm32f4xx.o(.data.SystemCoreClock)
    checkFWCmd                               0x20000004   Data           8  esp.o(.data.checkFWCmd)
    getTimestampCmd                          0x2000000c   Data           8  esp.o(.data.getTimestampCmd)
    getTimestampErr                          0x20000014   Data           8  esp.o(.data.getTimestampErr)
    getTimestampOK                           0x2000001c   Data           1  esp.o(.data.getTimestampOK)
    rfidInitState                            0x2000001d   Data           1  rfid.o(.data.rfidInitState)
    sendWeightPrepareCmd                     0x2000001e   Data           8  esp.o(.data.sendWeightPrepareCmd)
    sendWeightPrepareOK                      0x20000026   Data           8  esp.o(.data.sendWeightPrepareOK)
    sendWeightRspOK                          0x2000002e   Data           8  esp.o(.data.sendWeightRspOK)
    sendWeightWifiErr                        0x20000036   Data           8  esp.o(.data.sendWeightWifiErr)
    startConversion                          0x2000003e   Data           1  adc.o(.data.startConversion)
    uwTickFreq                               0x2000003f   Data           1  stm32f4xx_hal.o(.data.uwTickFreq)
    uwTickPrio                               0x20000040   Data           4  stm32f4xx_hal.o(.data.uwTickPrio)
    versionNum                               0x20000048   Data           2  esp.o(.data.versionNum)
    __libspace_start                         0x20000050   Data          96  libspace.o(.bss)
    __temporary_stack_top$libspace           0x200000b0   Data           0  libspace.o(.bss)
    adcConversionInProcess                   0x200000b4   Data           1  adc.o(.bss.adcConversionInProcess)
    checkFW                                  0x200000b5   Data           1  app.o(.bss.checkFW)
    currentCmdESP                            0x200000b6   Data           1  esp.o(.bss.currentCmdESP)
    currentCmdRFID                           0x200000b7   Data           1  rfid.o(.bss.currentCmdRFID)
    currentTag                               0x200000b8   Data           6  rfid.o(.bss.currentTag)
    deviceAddress                            0x200000be   Data           1  rfid.o(.bss.deviceAddress)
    espMsgReceived                           0x200000bf   Data           1  uartcallback.o(.bss.espMsgReceived)
    hiwdg                                    0x200000c0   Data          12  main.o(.bss.hiwdg)
    htim1                                    0x200000cc   Data          72  stm32f4xx_hal_timebase_tim.o(.bss.htim1)
    htim6                                    0x20000114   Data          72  main.o(.bss.htim6)
    huart4                                   0x2000015c   Data          68  main.o(.bss.huart4)
    huart6                                   0x200001a0   Data          68  main.o(.bss.huart6)
    inputBuffer                              0x200001e4   Data          50  rfid.o(.bss.inputBuffer)
    loadcell                                 0x20000218   Data          24  adc.o(.bss.loadcell)
    outputBuffer                             0x20000230   Data          50  rfid.o(.bss.outputBuffer)
    pxCurrentTCB                             0x20000358   Data           4  tasks.o(.bss.pxCurrentTCB)
    readRfidTaskHandle                       0x200007d0   Data           4  main.o(.bss.readRfidTaskHandle)
    readUartSemHandle                        0x200007d4   Data           4  main.o(.bss.readUartSemHandle)
    readUartTaskHandle                       0x200007d8   Data           4  main.o(.bss.readUartTaskHandle)
    readWeightSemHandle                      0x200007dc   Data           4  main.o(.bss.readWeightSemHandle)
    readWeightTaskHandle                     0x200007e0   Data           4  main.o(.bss.readWeightTaskHandle)
    receiveBuffer                            0x200007e4   Data           8  uartcallback.o(.bss.receiveBuffer)
    receiveStage                             0x200007ec   Data           1  rfid.o(.bss.receiveStage)
    rfidMsgReceived                          0x200007ed   Data           1  uartcallback.o(.bss.rfidMsgReceived)
    secondsCounter                           0x200007ee   Data           2  app.o(.bss.secondsCounter)
    sendBuffer                               0x200007f0   Data         251  esp.o(.bss.sendBuffer)
    sendMsgSemHandle                         0x200008ec   Data           4  main.o(.bss.sendMsgSemHandle)
    sendMsgTaskHandle                        0x200008f0   Data           4  main.o(.bss.sendMsgTaskHandle)
    tagsBuffer                               0x200008f4   Data          30  rfid.o(.bss.tagsBuffer)
    timeSynchronization                      0x20000912   Data           1  app.o(.bss.timeSynchronization)
    timestamp                                0x20000914   Data           4  app.o(.bss.timestamp)
    uwTick                                   0x20004520   Data           4  stm32f4xx_hal.o(.bss.uwTick)
    weight                                   0x20004bf0   Data           4  esp.o(.bss.weight)
    weightBuffer                             0x20004bf4   Data         240  adc.o(.bss.weightBuffer)
    weightBufferReady                        0x20004ce4   Data           1  adc.o(.bss.weightBufferReady)
    weightIndex                              0x20004ce5   Data           1  adc.o(.bss.weightIndex)
    xQueueRegistry                           0x20004d70   Data          64  queue.o(.bss.xQueueRegistry)



==============================================================================

Memory Map of the image

  Image Entry point : 0x08020189

  Load Region LR_IROM1 (Base: 0x08020000, Size: 0x000052f8, Max: 0x00100000, ABSOLUTE)

    Execution Region ER_IROM1 (Exec base: 0x08020000, Load base: 0x08020000, Size: 0x000052a4, Max: 0x00100000, ABSOLUTE)

    Exec Addr    Load Addr    Size         Type   Attr      Idx    E Section Name        Object

    0x08020000   0x08020000   0x00000188   Data   RO            3    RESET               startup_stm32f407xx.o
    0x08020188   0x08020188   0x00000008   Code   RO         1915  * !!!main             c_w.l(__main.o)
    0x08020190   0x08020190   0x00000034   Code   RO         2090    !!!scatter          c_w.l(__scatter.o)
    0x080201c4   0x080201c4   0x0000001a   Code   RO         2092    !!handler_copy      c_w.l(__scatter_copy.o)
    0x080201de   0x080201de   0x00000002   PAD
    0x080201e0   0x080201e0   0x0000001c   Code   RO         2094    !!handler_zi        c_w.l(__scatter_zi.o)
    0x080201fc   0x080201fc   0x00000002   Code   RO         1954    .ARM.Collect$$libinit$$00000000  c_w.l(libinit.o)
    0x080201fe   0x080201fe   0x00000004   Code   RO         1966    .ARM.Collect$$libinit$$00000001  c_w.l(libinit2.o)
    0x08020202   0x08020202   0x00000000   Code   RO         1969    .ARM.Collect$$libinit$$00000004  c_w.l(libinit2.o)
    0x08020202   0x08020202   0x00000000   Code   RO         1972    .ARM.Collect$$libinit$$0000000A  c_w.l(libinit2.o)
    0x08020202   0x08020202   0x00000000   Code   RO         1974    .ARM.Collect$$libinit$$0000000C  c_w.l(libinit2.o)
    0x08020202   0x08020202   0x00000000   Code   RO         1976    .ARM.Collect$$libinit$$0000000E  c_w.l(libinit2.o)
    0x08020202   0x08020202   0x00000000   Code   RO         1979    .ARM.Collect$$libinit$$00000011  c_w.l(libinit2.o)
    0x08020202   0x08020202   0x00000000   Code   RO         1981    .ARM.Collect$$libinit$$00000013  c_w.l(libinit2.o)
    0x08020202   0x08020202   0x00000000   Code   RO         1983    .ARM.Collect$$libinit$$00000015  c_w.l(libinit2.o)
    0x08020202   0x08020202   0x00000000   Code   RO         1985    .ARM.Collect$$libinit$$00000017  c_w.l(libinit2.o)
    0x08020202   0x08020202   0x00000000   Code   RO         1987    .ARM.Collect$$libinit$$00000019  c_w.l(libinit2.o)
    0x08020202   0x08020202   0x00000000   Code   RO         1989    .ARM.Collect$$libinit$$0000001B  c_w.l(libinit2.o)
    0x08020202   0x08020202   0x00000000   Code   RO         1991    .ARM.Collect$$libinit$$0000001D  c_w.l(libinit2.o)
    0x08020202   0x08020202   0x00000000   Code   RO         1993    .ARM.Collect$$libinit$$0000001F  c_w.l(libinit2.o)
    0x08020202   0x08020202   0x00000000   Code   RO         1995    .ARM.Collect$$libinit$$00000021  c_w.l(libinit2.o)
    0x08020202   0x08020202   0x00000000   Code   RO         1997    .ARM.Collect$$libinit$$00000023  c_w.l(libinit2.o)
    0x08020202   0x08020202   0x00000000   Code   RO         1999    .ARM.Collect$$libinit$$00000025  c_w.l(libinit2.o)
    0x08020202   0x08020202   0x00000000   Code   RO         2003    .ARM.Collect$$libinit$$0000002C  c_w.l(libinit2.o)
    0x08020202   0x08020202   0x00000000   Code   RO         2005    .ARM.Collect$$libinit$$0000002E  c_w.l(libinit2.o)
    0x08020202   0x08020202   0x00000000   Code   RO         2007    .ARM.Collect$$libinit$$00000030  c_w.l(libinit2.o)
    0x08020202   0x08020202   0x00000000   Code   RO         2009    .ARM.Collect$$libinit$$00000032  c_w.l(libinit2.o)
    0x08020202   0x08020202   0x00000002   Code   RO         2010    .ARM.Collect$$libinit$$00000033  c_w.l(libinit2.o)
    0x08020204   0x08020204   0x00000002   Code   RO         2045    .ARM.Collect$$libshutdown$$00000000  c_w.l(libshutdown.o)
    0x08020206   0x08020206   0x00000000   Code   RO         2073    .ARM.Collect$$libshutdown$$00000002  c_w.l(libshutdown2.o)
    0x08020206   0x08020206   0x00000000   Code   RO         2075    .ARM.Collect$$libshutdown$$00000004  c_w.l(libshutdown2.o)
    0x08020206   0x08020206   0x00000000   Code   RO         2078    .ARM.Collect$$libshutdown$$00000007  c_w.l(libshutdown2.o)
    0x08020206   0x08020206   0x00000000   Code   RO         2081    .ARM.Collect$$libshutdown$$0000000A  c_w.l(libshutdown2.o)
    0x08020206   0x08020206   0x00000000   Code   RO         2083    .ARM.Collect$$libshutdown$$0000000C  c_w.l(libshutdown2.o)
    0x08020206   0x08020206   0x00000000   Code   RO         2086    .ARM.Collect$$libshutdown$$0000000F  c_w.l(libshutdown2.o)
    0x08020206   0x08020206   0x00000002   Code   RO         2087    .ARM.Collect$$libshutdown$$00000010  c_w.l(libshutdown2.o)
    0x08020208   0x08020208   0x00000000   Code   RO         1917    .ARM.Collect$$rtentry$$00000000  c_w.l(__rtentry.o)
    0x08020208   0x08020208   0x00000000   Code   RO         1925    .ARM.Collect$$rtentry$$00000002  c_w.l(__rtentry2.o)
    0x08020208   0x08020208   0x00000006   Code   RO         1937    .ARM.Collect$$rtentry$$00000004  c_w.l(__rtentry4.o)
    0x0802020e   0x0802020e   0x00000000   Code   RO         1927    .ARM.Collect$$rtentry$$00000009  c_w.l(__rtentry2.o)
    0x0802020e   0x0802020e   0x00000004   Code   RO         1928    .ARM.Collect$$rtentry$$0000000A  c_w.l(__rtentry2.o)
    0x08020212   0x08020212   0x00000000   Code   RO         1930    .ARM.Collect$$rtentry$$0000000C  c_w.l(__rtentry2.o)
    0x08020212   0x08020212   0x00000008   Code   RO         1931    .ARM.Collect$$rtentry$$0000000D  c_w.l(__rtentry2.o)
    0x0802021a   0x0802021a   0x00000002   Code   RO         1958    .ARM.Collect$$rtexit$$00000000  c_w.l(rtexit.o)
    0x0802021c   0x0802021c   0x00000000   Code   RO         2016    .ARM.Collect$$rtexit$$00000002  c_w.l(rtexit2.o)
    0x0802021c   0x0802021c   0x00000004   Code   RO         2017    .ARM.Collect$$rtexit$$00000003  c_w.l(rtexit2.o)
    0x08020220   0x08020220   0x00000006   Code   RO         2018    .ARM.Collect$$rtexit$$00000004  c_w.l(rtexit2.o)
    0x08020226   0x08020226   0x00000002   PAD
    0x08020228   0x08020228   0x00000040   Code   RO            4    .text               startup_stm32f407xx.o
    0x08020268   0x08020268   0x000000f0   Code   RO         1899    .text               c_w.l(lludivv7m.o)
    0x08020358   0x08020358   0x00000074   Code   RO         1901    .text               c_w.l(llsdiv.o)
    0x080203cc   0x080203cc   0x0000008a   Code   RO         1903    .text               c_w.l(rt_memcpy_v6.o)
    0x08020456   0x08020456   0x00000010   Code   RO         1907    .text               c_w.l(aeabi_memset4.o)
    0x08020466   0x08020466   0x0000004e   Code   RO         1911    .text               c_w.l(rt_memclr_w.o)
    0x080204b4   0x080204b4   0x00000006   Code   RO         1913    .text               c_w.l(heapauxi.o)
    0x080204ba   0x080204ba   0x00000064   Code   RO         1922    .text               c_w.l(rt_memcpy_w.o)
    0x0802051e   0x0802051e   0x0000004a   Code   RO         1941    .text               c_w.l(sys_stackheap_outer.o)
    0x08020568   0x08020568   0x00000012   Code   RO         1943    .text               c_w.l(exit.o)
    0x0802057a   0x0802057a   0x00000002   PAD
    0x0802057c   0x0802057c   0x00000008   Code   RO         1955    .text               c_w.l(libspace.o)
    0x08020584   0x08020584   0x0000000c   Code   RO         2011    .text               c_w.l(sys_exit.o)
    0x08020590   0x08020590   0x00000002   Code   RO         2034    .text               c_w.l(use_no_semi.o)
    0x08020592   0x08020592   0x00000000   Code   RO         2036    .text               c_w.l(indicate_semi.o)
    0x08020592   0x08020592   0x00000002   PAD
    0x08020594   0x08020594   0x00000002   Code   RO          195    .text.BusFault_Handler  stm32f4xx_it.o
    0x08020596   0x08020596   0x00000002   PAD
    0x08020598   0x08020598   0x00000002   Code   RO          199    .text.DebugMon_Handler  stm32f4xx_it.o
    0x0802059a   0x0802059a   0x00000002   PAD
    0x0802059c   0x0802059c   0x0000000a   Code   RO          156    .text.Error_Handler  main.o
    0x080205a6   0x080205a6   0x00000002   PAD
    0x080205a8   0x080205a8   0x00000080   Code   RO          443    .text.HAL_DMA_Abort  stm32f4xx_hal_dma.o
    0x08020628   0x08020628   0x00000024   Code   RO          445    .text.HAL_DMA_Abort_IT  stm32f4xx_hal_dma.o
    0x0802064c   0x0802064c   0x0000002c   Code   RO          607    .text.HAL_DeInit    stm32f4xx_hal.o
    0x08020678   0x08020678   0x0000019a   Code   RO          389    .text.HAL_GPIO_Init  stm32f4xx_hal_gpio.o
    0x08020812   0x08020812   0x00000002   PAD
    0x08020814   0x08020814   0x0000000a   Code   RO          393    .text.HAL_GPIO_ReadPin  stm32f4xx_hal_gpio.o
    0x0802081e   0x0802081e   0x00000002   PAD
    0x08020820   0x08020820   0x00000010   Code   RO          397    .text.HAL_GPIO_TogglePin  stm32f4xx_hal_gpio.o
    0x08020830   0x08020830   0x0000000a   Code   RO          395    .text.HAL_GPIO_WritePin  stm32f4xx_hal_gpio.o
    0x0802083a   0x0802083a   0x00000002   PAD
    0x0802083c   0x0802083c   0x0000000c   Code   RO          613    .text.HAL_GetTick   stm32f4xx_hal.o
    0x08020848   0x08020848   0x00000058   Code   RO          692    .text.HAL_IWDG_Init  stm32f4xx_hal_iwdg.o
    0x080208a0   0x080208a0   0x0000000c   Code   RO          694    .text.HAL_IWDG_Refresh  stm32f4xx_hal_iwdg.o
    0x080208ac   0x080208ac   0x0000001a   Code   RO          611    .text.HAL_IncTick   stm32f4xx_hal.o
    0x080208c6   0x080208c6   0x00000002   PAD
    0x080208c8   0x080208c8   0x00000036   Code   RO          601    .text.HAL_Init      stm32f4xx_hal.o
    0x080208fe   0x080208fe   0x00000002   PAD
    0x08020900   0x08020900   0x000000a2   Code   RO          234    .text.HAL_InitTick  stm32f4xx_hal_timebase_tim.o
    0x080209a2   0x080209a2   0x00000002   PAD
    0x080209a4   0x080209a4   0x00000002   Code   RO          609    .text.HAL_MspDeInit  stm32f4xx_hal.o
    0x080209a6   0x080209a6   0x00000002   PAD
    0x080209a8   0x080209a8   0x00000046   Code   RO          216    .text.HAL_MspInit   stm32f4xx_hal_msp.o
    0x080209ee   0x080209ee   0x00000002   PAD
    0x080209f0   0x080209f0   0x00000008   Code   RO          541    .text.HAL_NVIC_EnableIRQ  stm32f4xx_hal_cortex.o
    0x080209f8   0x080209f8   0x0000001e   Code   RO          533    .text.HAL_NVIC_SetPriority  stm32f4xx_hal_cortex.o
    0x08020a16   0x08020a16   0x00000002   PAD
    0x08020a18   0x08020a18   0x00000008   Code   RO          529    .text.HAL_NVIC_SetPriorityGrouping  stm32f4xx_hal_cortex.o
    0x08020a20   0x08020a20   0x00000004   Code   RO          549    .text.HAL_NVIC_SystemReset  stm32f4xx_hal_cortex.o
    0x08020a24   0x08020a24   0x00000160   Code   RO          253    .text.HAL_RCC_ClockConfig  stm32f4xx_hal_rcc.o
    0x08020b84   0x08020b84   0x00000122   Code   RO          295    .text.HAL_RCC_DeInit  stm32f4xx_hal_rcc_ex.o
    0x08020ca6   0x08020ca6   0x00000002   PAD
    0x08020ca8   0x08020ca8   0x0000003e   Code   RO          271    .text.HAL_RCC_GetClockConfig  stm32f4xx_hal_rcc.o
    0x08020ce6   0x08020ce6   0x00000002   PAD
    0x08020ce8   0x08020ce8   0x0000000c   Code   RO          263    .text.HAL_RCC_GetHCLKFreq  stm32f4xx_hal_rcc.o
    0x08020cf4   0x08020cf4   0x00000022   Code   RO          265    .text.HAL_RCC_GetPCLK1Freq  stm32f4xx_hal_rcc.o
    0x08020d16   0x08020d16   0x00000002   PAD
    0x08020d18   0x08020d18   0x00000022   Code   RO          267    .text.HAL_RCC_GetPCLK2Freq  stm32f4xx_hal_rcc.o
    0x08020d3a   0x08020d3a   0x00000002   PAD
    0x08020d3c   0x08020d3c   0x0000006a   Code   RO          255    .text.HAL_RCC_GetSysClockFreq  stm32f4xx_hal_rcc.o
    0x08020da6   0x08020da6   0x00000002   PAD
    0x08020da8   0x08020da8   0x00000348   Code   RO          251    .text.HAL_RCC_OscConfig  stm32f4xx_hal_rcc.o
    0x080210f0   0x080210f0   0x00000002   Code   RO         1028    .text.HAL_TIMEx_BreakCallback  stm32f4xx_hal_tim_ex.o
    0x080210f2   0x080210f2   0x00000002   PAD
    0x080210f4   0x080210f4   0x00000002   Code   RO         1024    .text.HAL_TIMEx_CommutCallback  stm32f4xx_hal_tim_ex.o
    0x080210f6   0x080210f6   0x00000002   PAD
    0x080210f8   0x080210f8   0x000000b8   Code   RO         1018    .text.HAL_TIMEx_MasterConfigSynchronization  stm32f4xx_hal_tim_ex.o
    0x080211b0   0x080211b0   0x0000005a   Code   RO          704    .text.HAL_TIM_Base_Init  stm32f4xx_hal_tim.o
    0x0802120a   0x0802120a   0x00000002   PAD
    0x0802120c   0x0802120c   0x00000048   Code   RO          218    .text.HAL_TIM_Base_MspInit  stm32f4xx_hal_msp.o
    0x08021254   0x08021254   0x000000a8   Code   RO          718    .text.HAL_TIM_Base_Start_IT  stm32f4xx_hal_tim.o
    0x080212fc   0x080212fc   0x00000002   Code   RO          840    .text.HAL_TIM_IC_CaptureCallback  stm32f4xx_hal_tim.o
    0x080212fe   0x080212fe   0x00000002   PAD
    0x08021300   0x08021300   0x0000016a   Code   RO          838    .text.HAL_TIM_IRQHandler  stm32f4xx_hal_tim.o
    0x0802146a   0x0802146a   0x00000002   PAD
    0x0802146c   0x0802146c   0x00000002   Code   RO          842    .text.HAL_TIM_OC_DelayElapsedCallback  stm32f4xx_hal_tim.o
    0x0802146e   0x0802146e   0x00000002   PAD
    0x08021470   0x08021470   0x00000002   Code   RO          844    .text.HAL_TIM_PWM_PulseFinishedCallback  stm32f4xx_hal_tim.o
    0x08021472   0x08021472   0x00000002   PAD
    0x08021474   0x08021474   0x00000026   Code   RO          158    .text.HAL_TIM_PeriodElapsedCallback  main.o
    0x0802149a   0x0802149a   0x00000002   PAD
    0x0802149c   0x0802149c   0x00000002   Code   RO          848    .text.HAL_TIM_TriggerCallback  stm32f4xx_hal_tim.o
    0x0802149e   0x0802149e   0x00000002   PAD
    0x080214a0   0x080214a0   0x00000002   Code   RO         1132    .text.HAL_UARTEx_RxEventCallback  stm32f4xx_hal_uart.o
    0x080214a2   0x080214a2   0x00000002   PAD
    0x080214a4   0x080214a4   0x00000002   Code   RO         1130    .text.HAL_UART_ErrorCallback  stm32f4xx_hal_uart.o
    0x080214a6   0x080214a6   0x00000002   PAD
    0x080214a8   0x080214a8   0x0000023a   Code   RO         1124    .text.HAL_UART_IRQHandler  stm32f4xx_hal_uart.o
    0x080216e2   0x080216e2   0x00000002   PAD
    0x080216e4   0x080216e4   0x0000005e   Code   RO         1042    .text.HAL_UART_Init  stm32f4xx_hal_uart.o
    0x08021742   0x08021742   0x00000002   PAD
    0x08021744   0x08021744   0x000000d4   Code   RO          222    .text.HAL_UART_MspInit  stm32f4xx_hal_msp.o
    0x08021818   0x08021818   0x00000038   Code   RO         1066    .text.HAL_UART_Receive_IT  stm32f4xx_hal_uart.o
    0x08021850   0x08021850   0x000000ae   Code   RO          107    .text.HAL_UART_RxCpltCallback  uartcallback.o
    0x080218fe   0x080218fe   0x00000002   PAD
    0x08021900   0x08021900   0x00000044   Code   RO         1064    .text.HAL_UART_Transmit_IT  stm32f4xx_hal_uart.o
    0x08021944   0x08021944   0x00000058   Code   RO          105    .text.HAL_UART_TxCpltCallback  uartcallback.o
    0x0802199c   0x0802199c   0x00000002   Code   RO          191    .text.HardFault_Handler  stm32f4xx_it.o
    0x0802199e   0x0802199e   0x00000002   PAD
    0x080219a0   0x080219a0   0x000000c0   Code   RO          144    .text.MX_GPIO_Init  main.o
    0x08021a60   0x08021a60   0x0000002a   Code   RO          146    .text.MX_IWDG_Init  main.o
    0x08021a8a   0x08021a8a   0x00000002   PAD
    0x08021a8c   0x08021a8c   0x00000050   Code   RO          150    .text.MX_TIM6_Init  main.o
    0x08021adc   0x08021adc   0x00000038   Code   RO          148    .text.MX_UART4_Init  main.o
    0x08021b14   0x08021b14   0x00000038   Code   RO          152    .text.MX_USART6_UART_Init  main.o
    0x08021b4c   0x08021b4c   0x00000002   Code   RO          193    .text.MemManage_Handler  stm32f4xx_it.o
    0x08021b4e   0x08021b4e   0x00000002   PAD
    0x08021b50   0x08021b50   0x00000002   Code   RO          189    .text.NMI_Handler   stm32f4xx_it.o
    0x08021b52   0x08021b52   0x00000002   PAD
    0x08021b54   0x08021b54   0x0000002c   Code   RO          539    .text.NVIC_EncodePriority  stm32f4xx_hal_cortex.o
    0x08021b80   0x08021b80   0x00000064   Code   RO         1241    .text.PendSV_Handler  port.o
    0x08021be4   0x08021be4   0x0000000c   PAD
    0x08021bf0   0x08021bf0   0x00000024   Code   RO         1225    .text.SVC_Handler   port.o
    0x08021c14   0x08021c14   0x00000008   Code   RO         1696    .text.SVC_Setup     cmsis_os2.o
    0x08021c1c   0x08021c1c   0x0000001a   Code   RO         1686    .text.SysTick_Handler  cmsis_os2.o
    0x08021c36   0x08021c36   0x00000002   PAD
    0x08021c38   0x08021c38   0x0000008a   Code   RO          142    .text.SystemClock_Config  main.o
    0x08021cc2   0x08021cc2   0x00000002   PAD
    0x08021cc4   0x08021cc4   0x0000001a   Code   RO         1172    .text.SystemInit    system_stm32f4xx.o
    0x08021cde   0x08021cde   0x00000002   PAD
    0x08021ce0   0x08021ce0   0x00000010   Code   RO          201    .text.TIM1_UP_TIM10_IRQHandler  stm32f4xx_it.o
    0x08021cf0   0x08021cf0   0x00000010   Code   RO          205    .text.TIM6_DAC_IRQHandler  stm32f4xx_it.o
    0x08021d00   0x08021d00   0x00000124   Code   RO          708    .text.TIM_Base_SetConfig  stm32f4xx_hal_tim.o
    0x08021e24   0x08021e24   0x00000010   Code   RO          203    .text.UART4_IRQHandler  stm32f4xx_it.o
    0x08021e34   0x08021e34   0x00000010   Code   RO         1128    .text.UART_DMAAbortOnError  stm32f4xx_hal_uart.o
    0x08021e44   0x08021e44   0x00000050   Code   RO         1090    .text.UART_EndRxTransfer  stm32f4xx_hal_uart.o
    0x08021e94   0x08021e94   0x00000018   Code   RO         1136    .text.UART_EndTransmit_IT  stm32f4xx_hal_uart.o
    0x08021eac   0x08021eac   0x000000c4   Code   RO         1126    .text.UART_Receive_IT  stm32f4xx_hal_uart.o
    0x08021f70   0x08021f70   0x000000dc   Code   RO         1046    .text.UART_SetConfig  stm32f4xx_hal_uart.o
    0x0802204c   0x0802204c   0x00000038   Code   RO         1068    .text.UART_Start_Receive_IT  stm32f4xx_hal_uart.o
    0x08022084   0x08022084   0x00000052   Code   RO         1134    .text.UART_Transmit_IT  stm32f4xx_hal_uart.o
    0x080220d6   0x080220d6   0x00000002   PAD
    0x080220d8   0x080220d8   0x00000010   Code   RO          207    .text.USART6_IRQHandler  stm32f4xx_it.o
    0x080220e8   0x080220e8   0x00000002   Code   RO          197    .text.UsageFault_Handler  stm32f4xx_it.o
    0x080220ea   0x080220ea   0x00000002   PAD
    0x080220ec   0x080220ec   0x00000020   Code   RO          543    .text.__NVIC_EnableIRQ  stm32f4xx_hal_cortex.o
    0x0802210c   0x0802210c   0x00000010   Code   RO          535    .text.__NVIC_GetPriorityGrouping  stm32f4xx_hal_cortex.o
    0x0802211c   0x0802211c   0x00000022   Code   RO          537    .text.__NVIC_SetPriority  stm32f4xx_hal_cortex.o
    0x0802213e   0x0802213e   0x00000002   PAD
    0x08022140   0x08022140   0x0000000e   Code   RO         1850    .text.__NVIC_SetPriority  cmsis_os2.o
    0x0802214e   0x0802214e   0x00000002   PAD
    0x08022150   0x08022150   0x00000020   Code   RO          531    .text.__NVIC_SetPriorityGrouping  stm32f4xx_hal_cortex.o
    0x08022170   0x08022170   0x00000024   Code   RO          551    .text.__NVIC_SystemReset  stm32f4xx_hal_cortex.o
    0x08022194   0x08022194   0x00000020   Code   RO           73    .text.checkBufCRC   rfid.o
    0x080221b4   0x080221b4   0x0000007a   Code   RO           35    .text.checkResponse  esp.o
    0x0802222e   0x0802222e   0x00000002   PAD
    0x08022230   0x08022230   0x00000078   Code   RO           11    .text.checkTasksTimeout  app.o
    0x080222a8   0x080222a8   0x0000001a   Code   RO           77    .text.copyTag       rfid.o
    0x080222c2   0x080222c2   0x00000002   PAD
    0x080222c4   0x080222c4   0x00000006   Code   RO         1205    .text.hx711_coef_set  hx711.o
    0x080222ca   0x080222ca   0x00000002   PAD
    0x080222cc   0x080222cc   0x00000012   Code   RO         1187    .text.hx711_delay_us  hx711.o
    0x080222de   0x080222de   0x00000002   PAD
    0x080222e0   0x080222e0   0x0000008c   Code   RO         1193    .text.hx711_init    hx711.o
    0x0802236c   0x0802236c   0x0000001a   Code   RO         1189    .text.hx711_lock    hx711.o
    0x08022386   0x08022386   0x00000002   PAD
    0x08022388   0x08022388   0x0000004c   Code   RO         1199    .text.hx711_tare    hx711.o
    0x080223d4   0x080223d4   0x00000006   Code   RO         1191    .text.hx711_unlock  hx711.o
    0x080223da   0x080223da   0x00000002   PAD
    0x080223dc   0x080223dc   0x00000088   Code   RO         1195    .text.hx711_value   hx711.o
    0x08022464   0x08022464   0x00000064   Code   RO         1203    .text.hx711_weight  hx711.o
    0x080224c8   0x080224c8   0x00000042   Code   RO          122    .text.initADC       adc.o
    0x0802250a   0x0802250a   0x00000002   PAD
    0x0802250c   0x0802250c   0x00000010   Code   RO           23    .text.initApp       appinit.o
    0x0802251c   0x0802251c   0x00000028   Code   RO           33    .text.isBufEqual    esp.o
    0x08022544   0x08022544   0x00000028   Code   RO           75    .text.isTagsEqual   rfid.o
    0x0802256c   0x0802256c   0x0000014a   Code   RO          140    .text.main          main.o
    0x080226b6   0x080226b6   0x00000002   PAD
    0x080226b8   0x080226b8   0x00000022   Code   RO         1754    .text.osDelay       cmsis_os2.o
    0x080226da   0x080226da   0x00000002   PAD
    0x080226dc   0x080226dc   0x00000028   Code   RO         1688    .text.osKernelInitialize  cmsis_os2.o
    0x08022704   0x08022704   0x00000034   Code   RO         1694    .text.osKernelStart  cmsis_os2.o
    0x08022738   0x08022738   0x0000006a   Code   RO         1796    .text.osSemaphoreAcquire  cmsis_os2.o
    0x080227a2   0x080227a2   0x00000002   PAD
    0x080227a4   0x080227a4   0x000000c4   Code   RO         1794    .text.osSemaphoreNew  cmsis_os2.o
    0x08022868   0x08022868   0x00000060   Code   RO         1798    .text.osSemaphoreRelease  cmsis_os2.o
    0x080228c8   0x080228c8   0x000000b4   Code   RO         1718    .text.osThreadNew   cmsis_os2.o
    0x0802297c   0x0802297c   0x00000088   Code   RO           37    .text.prepareSendBuffer  esp.o
    0x08022a04   0x08022a04   0x00000088   Code   RO         1480    .text.prvAddCurrentTaskToDelayedList  tasks.o
    0x08022a8c   0x08022a8c   0x000000ac   Code   RO         1466    .text.prvAddNewTaskToReadyList  tasks.o
    0x08022b38   0x08022b38   0x0000007c   Code   RO         1617    .text.prvCheckForValidListAndQueue  timers.o
    0x08022bb4   0x08022bb4   0x0000004e   Code   RO         1584    .text.prvCheckTasksWaitingTermination  tasks.o
    0x08022c02   0x08022c02   0x00000002   PAD
    0x08022c04   0x08022c04   0x00000026   Code   RO         1357    .text.prvCopyDataFromQueue  queue.o
    0x08022c2a   0x08022c2a   0x00000002   PAD
    0x08022c2c   0x08022c2c   0x0000007a   Code   RO         1345    .text.prvCopyDataToQueue  queue.o
    0x08022ca6   0x08022ca6   0x00000002   PAD
    0x08022ca8   0x08022ca8   0x00000036   Code   RO         1472    .text.prvDeleteTCB  tasks.o
    0x08022cde   0x08022cde   0x00000002   PAD
    0x08022ce0   0x08022ce0   0x00000012   Code   RO         1361    .text.prvGetDisinheritPriorityAfterTimeout  queue.o
    0x08022cf2   0x08022cf2   0x00000002   PAD
    0x08022cf4   0x08022cf4   0x00000020   Code   RO         1655    .text.prvGetNextExpireTime  timers.o
    0x08022d14   0x08022d14   0x00000076   Code   RO         1868    .text.prvHeapInit   heap_4.o
    0x08022d8a   0x08022d8a   0x00000002   PAD
    0x08022d8c   0x08022d8c   0x0000002a   Code   RO         1506    .text.prvIdleTask   tasks.o
    0x08022db6   0x08022db6   0x00000002   PAD
    0x08022db8   0x08022db8   0x00000020   Code   RO         1319    .text.prvInitialiseNewQueue  queue.o
    0x08022dd8   0x08022dd8   0x00000098   Code   RO         1464    .text.prvInitialiseNewTask  tasks.o
    0x08022e70   0x08022e70   0x00000070   Code   RO         1582    .text.prvInitialiseTaskLists  tasks.o
    0x08022ee0   0x08022ee0   0x0000005a   Code   RO         1870    .text.prvInsertBlockIntoFreeList  heap_4.o
    0x08022f3a   0x08022f3a   0x00000002   PAD
    0x08022f3c   0x08022f3c   0x00000042   Code   RO         1667    .text.prvInsertTimerInActiveList  timers.o
    0x08022f7e   0x08022f7e   0x00000002   PAD
    0x08022f80   0x08022f80   0x00000018   Code   RO         1359    .text.prvIsQueueEmpty  queue.o
    0x08022f98   0x08022f98   0x0000001c   Code   RO         1347    .text.prvIsQueueFull  queue.o
    0x08022fb4   0x08022fb4   0x00000028   Code   RO         1233    .text.prvPortStartFirstTask  port.o
    0x08022fdc   0x08022fdc   0x0000006e   Code   RO         1663    .text.prvProcessExpiredTimer  timers.o
    0x0802304a   0x0802304a   0x00000002   PAD
    0x0802304c   0x0802304c   0x0000012e   Code   RO         1659    .text.prvProcessReceivedCommands  timers.o
    0x0802317a   0x0802317a   0x00000002   PAD
    0x0802317c   0x0802317c   0x00000082   Code   RO         1657    .text.prvProcessTimerOrBlockTask  timers.o
    0x080231fe   0x080231fe   0x00000002   PAD
    0x08023200   0x08023200   0x00000028   Code   RO         1474    .text.prvResetNextTaskUnblockTime  tasks.o
    0x08023228   0x08023228   0x0000002a   Code   RO         1661    .text.prvSampleTimeNow  timers.o
    0x08023252   0x08023252   0x00000002   PAD
    0x08023254   0x08023254   0x0000008e   Code   RO         1665    .text.prvSwitchTimerLists  timers.o
    0x080232e2   0x080232e2   0x00000002   PAD
    0x080232e4   0x080232e4   0x00000032   Code   RO         1223    .text.prvTaskExitError  port.o
    0x08023316   0x08023316   0x00000002   PAD
    0x08023318   0x08023318   0x00000016   Code   RO         1619    .text.prvTimerTask  timers.o
    0x0802332e   0x0802332e   0x00000002   PAD
    0x08023330   0x08023330   0x00000072   Code   RO         1349    .text.prvUnlockQueue  queue.o
    0x080233a2   0x080233a2   0x00000002   PAD
    0x080233a4   0x080233a4   0x0000014a   Code   RO         1866    .text.pvPortMalloc  heap_4.o
    0x080234ee   0x080234ee   0x00000002   PAD
    0x080234f0   0x080234f0   0x00000018   Code   RO         1566    .text.pvTaskIncrementMutexHeldCount  tasks.o
    0x08023508   0x08023508   0x00000028   Code   RO         1221    .text.pxPortInitialiseStack  port.o
    0x08023530   0x08023530   0x000000b8   Code   RO           79    .text.readEPCData   rfid.o
    0x080235e8   0x080235e8   0x0000003e   Code   RO           39    .text.readEspResponse  esp.o
    0x08023626   0x08023626   0x00000002   PAD
    0x08023628   0x08023628   0x0000006a   Code   RO           85    .text.readRfid      rfid.o
    0x08023692   0x08023692   0x00000002   PAD
    0x08023694   0x08023694   0x00000054   Code   RO           81    .text.readRfidResponse  rfid.o
    0x080236e8   0x080236e8   0x00000052   Code   RO          109    .text.readUart      uartcallback.o
    0x0802373a   0x0802373a   0x00000002   PAD
    0x0802373c   0x0802373c   0x000000a0   Code   RO          124    .text.readWeight    adc.o
    0x080237dc   0x080237dc   0x0000002a   Code   RO           71    .text.rfidInit      rfid.o
    0x08023806   0x08023806   0x00000002   PAD
    0x08023808   0x08023808   0x0000002c   Code   RO           83    .text.rfidReInit    rfid.o
    0x08023834   0x08023834   0x0000001c   Code   RO           69    .text.sendCmd       rfid.o
    0x08023850   0x08023850   0x000000c6   Code   RO           31    .text.sendMsgToESP  esp.o
    0x08023916   0x08023916   0x00000002   PAD
    0x08023918   0x08023918   0x0000001e   Code   RO           63    .text.setCRC16      rfid.o
    0x08023936   0x08023936   0x00000002   PAD
    0x08023938   0x08023938   0x00000038   Code   RO           61    .text.uiCrc16Calc   rfid.o
    0x08023970   0x08023970   0x00000024   Code   RO         1305    .text.uxListRemove  list.o
    0x08023994   0x08023994   0x0000001a   Code   RO         1846    .text.vApplicationGetIdleTaskMemory  cmsis_os2.o
    0x080239ae   0x080239ae   0x00000002   PAD
    0x080239b0   0x080239b0   0x0000001c   Code   RO         1848    .text.vApplicationGetTimerTaskMemory  cmsis_os2.o
    0x080239cc   0x080239cc   0x00000016   Code   RO         1297    .text.vListInitialise  list.o
    0x080239e2   0x080239e2   0x00000002   PAD
    0x080239e4   0x080239e4   0x00000006   Code   RO         1299    .text.vListInitialiseItem  list.o
    0x080239ea   0x080239ea   0x00000002   PAD
    0x080239ec   0x080239ec   0x0000003c   Code   RO         1303    .text.vListInsert   list.o
    0x08023a28   0x08023a28   0x0000001c   Code   RO         1301    .text.vListInsertEnd  list.o
    0x08023a44   0x08023a44   0x00000014   Code   RO         1231    .text.vPortEnableVFP  port.o
    0x08023a58   0x08023a58   0x00000046   Code   RO         1237    .text.vPortEnterCritical  port.o
    0x08023a9e   0x08023a9e   0x00000002   PAD
    0x08023aa0   0x08023aa0   0x0000002e   Code   RO         1239    .text.vPortExitCritical  port.o
    0x08023ace   0x08023ace   0x00000002   PAD
    0x08023ad0   0x08023ad0   0x0000008a   Code   RO         1872    .text.vPortFree     heap_4.o
    0x08023b5a   0x08023b5a   0x00000002   PAD
    0x08023b5c   0x08023b5c   0x00000034   Code   RO         1229    .text.vPortSetupTimerInterrupt  port.o
    0x08023b90   0x08023b90   0x00000062   Code   RO         1245    .text.vPortValidateInterruptPriority  port.o
    0x08023bf2   0x08023bf2   0x00000002   PAD
    0x08023bf4   0x08023bf4   0x00000028   Code   RO         1389    .text.vQueueAddToRegistry  queue.o
    0x08023c1c   0x08023c1c   0x0000002e   Code   RO         1375    .text.vQueueDelete  queue.o
    0x08023c4a   0x08023c4a   0x00000002   PAD
    0x08023c4c   0x08023c4c   0x0000002a   Code   RO         1377    .text.vQueueUnregisterQueue  queue.o
    0x08023c76   0x08023c76   0x00000002   PAD
    0x08023c78   0x08023c78   0x00000044   Code   RO         1393    .text.vQueueWaitForMessageRestricted  queue.o
    0x08023cbc   0x08023cbc   0x00000054   Code   RO         1484    .text.vTaskDelay    tasks.o
    0x08023d10   0x08023d10   0x0000001a   Code   RO         1538    .text.vTaskInternalSetTimeOutState  tasks.o
    0x08023d2a   0x08023d2a   0x00000002   PAD
    0x08023d2c   0x08023d2c   0x0000000e   Code   RO         1542    .text.vTaskMissedYield  tasks.o
    0x08023d3a   0x08023d3a   0x00000002   PAD
    0x08023d3c   0x08023d3c   0x00000032   Code   RO         1526    .text.vTaskPlaceOnEventList  tasks.o
    0x08023d6e   0x08023d6e   0x00000002   PAD
    0x08023d70   0x08023d70   0x0000003e   Code   RO         1530    .text.vTaskPlaceOnEventListRestricted  tasks.o
    0x08023dae   0x08023dae   0x00000002   PAD
    0x08023db0   0x08023db0   0x0000009c   Code   RO         1562    .text.vTaskPriorityDisinheritAfterTimeout  tasks.o
    0x08023e4c   0x08023e4c   0x000000a4   Code   RO         1504    .text.vTaskStartScheduler  tasks.o
    0x08023ef0   0x08023ef0   0x00000010   Code   RO         1478    .text.vTaskSuspendAll  tasks.o
    0x08023f00   0x08023f00   0x0000009a   Code   RO         1496    .text.vTaskSwitchContext  tasks.o
    0x08023f9a   0x08023f9a   0x00000002   PAD
    0x08023f9c   0x08023f9c   0x0000004e   Code   RO           67    .text.writeCMDToBuf  rfid.o
    0x08023fea   0x08023fea   0x00000002   PAD
    0x08023fec   0x08023fec   0x00000126   Code   RO         1227    .text.xPortStartScheduler  port.o
    0x08024112   0x08024112   0x00000002   PAD
    0x08024114   0x08024114   0x0000002e   Code   RO         1243    .text.xPortSysTickHandler  port.o
    0x08024142   0x08024142   0x00000002   PAD
    0x08024144   0x08024144   0x00000042   Code   RO         1343    .text.xQueueCreateCountingSemaphore  queue.o
    0x08024186   0x08024186   0x00000002   PAD
    0x08024188   0x08024188   0x0000004e   Code   RO         1341    .text.xQueueCreateCountingSemaphoreStatic  queue.o
    0x080241d6   0x080241d6   0x00000002   PAD
    0x080241d8   0x080241d8   0x00000046   Code   RO         1321    .text.xQueueGenericCreate  queue.o
    0x0802421e   0x0802421e   0x00000002   PAD
    0x08024220   0x08024220   0x00000096   Code   RO         1317    .text.xQueueGenericCreateStatic  queue.o
    0x080242b6   0x080242b6   0x00000002   PAD
    0x080242b8   0x080242b8   0x0000007e   Code   RO         1315    .text.xQueueGenericReset  queue.o
    0x08024336   0x08024336   0x00000002   PAD
    0x08024338   0x08024338   0x000001aa   Code   RO         1335    .text.xQueueGenericSend  queue.o
    0x080244e2   0x080244e2   0x00000002   PAD
    0x080244e4   0x080244e4   0x000000ce   Code   RO         1351    .text.xQueueGenericSendFromISR  queue.o
    0x080245b2   0x080245b2   0x00000002   PAD
    0x080245b4   0x080245b4   0x000000c0   Code   RO         1353    .text.xQueueGiveFromISR  queue.o
    0x08024674   0x08024674   0x00000188   Code   RO         1355    .text.xQueueReceive  queue.o
    0x080247fc   0x080247fc   0x000000aa   Code   RO         1365    .text.xQueueReceiveFromISR  queue.o
    0x080248a6   0x080248a6   0x00000002   PAD
    0x080248a8   0x080248a8   0x000001d2   Code   RO         1339    .text.xQueueSemaphoreTake  queue.o
    0x08024a7a   0x08024a7a   0x00000002   PAD
    0x08024a7c   0x08024a7c   0x0000008e   Code   RO         1540    .text.xTaskCheckForTimeOut  tasks.o
    0x08024b0a   0x08024b0a   0x00000002   PAD
    0x08024b0c   0x08024b0c   0x00000066   Code   RO         1468    .text.xTaskCreate   tasks.o
    0x08024b72   0x08024b72   0x00000002   PAD
    0x08024b74   0x08024b74   0x00000076   Code   RO         1462    .text.xTaskCreateStatic  tasks.o
    0x08024bea   0x08024bea   0x00000002   PAD
    0x08024bec   0x08024bec   0x00000026   Code   RO         1556    .text.xTaskGetSchedulerState  tasks.o
    0x08024c12   0x08024c12   0x00000002   PAD
    0x08024c14   0x08024c14   0x00000018   Code   RO         1512    .text.xTaskGetTickCount  tasks.o
    0x08024c2c   0x08024c2c   0x00000162   Code   RO         1510    .text.xTaskIncrementTick  tasks.o
    0x08024d8e   0x08024d8e   0x00000002   PAD
    0x08024d90   0x08024d90   0x00000092   Code   RO         1560    .text.xTaskPriorityDisinherit  tasks.o
    0x08024e22   0x08024e22   0x00000002   PAD
    0x08024e24   0x08024e24   0x0000008c   Code   RO         1558    .text.xTaskPriorityInherit  tasks.o
    0x08024eb0   0x08024eb0   0x0000008e   Code   RO         1532    .text.xTaskRemoveFromEventList  tasks.o
    0x08024f3e   0x08024f3e   0x00000002   PAD
    0x08024f40   0x08024f40   0x00000118   Code   RO         1482    .text.xTaskResumeAll  tasks.o
    0x08025058   0x08025058   0x00000074   Code   RO         1615    .text.xTimerCreateTimerTask  timers.o
    0x080250cc   0x080250cc   0x00000068   Code   RO         1627    .text.xTimerGenericCommand  timers.o
    0x08025134   0x08025134   0x0000001a   Code   RO         2028    x$fpl$fpinit        fz_wm.l(fpinit.o)
    0x0802514e   0x0802514e   0x00000010   Data   RO         1177    .rodata.AHBPrescTable  system_stm32f4xx.o
    0x0802515e   0x0802515e   0x00000008   Data   RO         1178    .rodata.APBPrescTable  system_stm32f4xx.o
    0x08025166   0x08025166   0x00000002   PAD
    0x08025168   0x08025168   0x00000024   Data   RO          163    .rodata.readRfidTask_attributes  main.o
    0x0802518c   0x0802518c   0x00000010   Data   RO          167    .rodata.readUartSem_attributes  main.o
    0x0802519c   0x0802519c   0x00000024   Data   RO          164    .rodata.readUartTask_attributes  main.o
    0x080251c0   0x080251c0   0x00000010   Data   RO          166    .rodata.readWeightSem_attributes  main.o
    0x080251d0   0x080251d0   0x00000024   Data   RO          162    .rodata.readWeightTask_attributes  main.o
    0x080251f4   0x080251f4   0x00000010   Data   RO          165    .rodata.sendMsgSem_attributes  main.o
    0x08025204   0x08025204   0x00000024   Data   RO          161    .rodata.sendMsgTask_attributes  main.o
    0x08025228   0x08025228   0x0000005a   Data   RO          160    .rodata.str1.1      main.o
    0x08025282   0x08025282   0x00000002   PAD
    0x08025284   0x08025284   0x00000020   Data   RO         2089    Region$$Table       anon$$obj.o


    Execution Region RW_IRAM1 (Exec base: 0x20000000, Load base: 0x080252a8, Size: 0x000053f8, Max: 0x0001c000, ABSOLUTE)

    Exec Addr    Load Addr    Size         Type   Attr      Idx    E Section Name        Object

    0x20000000   0x080252a8   0x00000004   Data   RW         1176    .data.SystemCoreClock  system_stm32f4xx.o
    0x20000004   0x080252ac   0x00000008   Data   RW           41    .data.checkFWCmd    esp.o
    0x2000000c   0x080252b4   0x00000008   Data   RW           42    .data.getTimestampCmd  esp.o
    0x20000014   0x080252bc   0x00000008   Data   RW           47    .data.getTimestampErr  esp.o
    0x2000001c   0x080252c4   0x00000001   Data   RW           48    .data.getTimestampOK  esp.o
    0x2000001d   0x080252c5   0x00000001   Data   RW           92    .data.rfidInitState  rfid.o
    0x2000001e   0x080252c6   0x00000008   Data   RW           43    .data.sendWeightPrepareCmd  esp.o
    0x20000026   0x080252ce   0x00000008   Data   RW           44    .data.sendWeightPrepareOK  esp.o
    0x2000002e   0x080252d6   0x00000008   Data   RW           45    .data.sendWeightRspOK  esp.o
    0x20000036   0x080252de   0x00000008   Data   RW           46    .data.sendWeightWifiErr  esp.o
    0x2000003e   0x080252e6   0x00000001   Data   RW          127    .data.startConversion  adc.o
    0x2000003f   0x080252e7   0x00000001   Data   RW          656    .data.uwTickFreq    stm32f4xx_hal.o
    0x20000040   0x080252e8   0x00000004   Data   RW          655    .data.uwTickPrio    stm32f4xx_hal.o
    0x20000044   0x080252ec   0x00000004   Data   RW         1249    .data.uxCriticalNesting  port.o
    0x20000048   0x080252f0   0x00000002   Data   RW           49    .data.versionNum    esp.o
    0x2000004a   0x080252f2   0x00000006   PAD
    0x20000050        -       0x00000060   Zero   RW         1956    .bss                c_w.l(libspace.o)
    0x200000b0        -       0x00000004   Zero   RW         1852    .bss.KernelState    cmsis_os2.o
    0x200000b4        -       0x00000001   Zero   RW          128    .bss.adcConversionInProcess  adc.o
    0x200000b5        -       0x00000001   Zero   RW           13    .bss.checkFW        app.o
    0x200000b6        -       0x00000001   Zero   RW           50    .bss.currentCmdESP  esp.o
    0x200000b7        -       0x00000001   Zero   RW           90    .bss.currentCmdRFID  rfid.o
    0x200000b8        -       0x00000006   Zero   RW           93    .bss.currentTag     rfid.o
    0x200000be        -       0x00000001   Zero   RW           89    .bss.deviceAddress  rfid.o
    0x200000bf        -       0x00000001   Zero   RW          112    .bss.espMsgReceived  uartcallback.o
    0x200000c0        -       0x0000000c   Zero   RW          175    .bss.hiwdg          main.o
    0x200000cc        -       0x00000048   Zero   RW          240    .bss.htim1          stm32f4xx_hal_timebase_tim.o
    0x20000114        -       0x00000048   Zero   RW          176    .bss.htim6          main.o
    0x2000015c        -       0x00000044   Zero   RW          177    .bss.huart4         main.o
    0x200001a0        -       0x00000044   Zero   RW          178    .bss.huart6         main.o
    0x200001e4        -       0x00000032   Zero   RW           96    .bss.inputBuffer    rfid.o
    0x20000216   0x080252f2   0x00000002   PAD
    0x20000218        -       0x00000018   Zero   RW          130    .bss.loadcell       adc.o
    0x20000230        -       0x00000032   Zero   RW           94    .bss.outputBuffer   rfid.o
    0x20000262        -       0x000000a0   Zero   RW         1677    .bss.prvCheckForValidListAndQueue.ucStaticTimerQueueStorage  timers.o
    0x20000302   0x080252f2   0x00000002   PAD
    0x20000304        -       0x00000050   Zero   RW         1676    .bss.prvCheckForValidListAndQueue.xStaticTimerQueue  timers.o
    0x20000354        -       0x00000002   Zero   RW         1673    .bss.prvSampleTimeNow.xLastTime  timers.o
    0x20000356   0x080252f2   0x00000002   PAD
    0x20000358        -       0x00000004   Zero   RW         1586    .bss.pxCurrentTCB   tasks.o
    0x2000035c        -       0x00000004   Zero   RW         1671    .bss.pxCurrentTimerList  timers.o
    0x20000360        -       0x00000004   Zero   RW         1594    .bss.pxDelayedTaskList  tasks.o
    0x20000364        -       0x00000004   Zero   RW         1882    .bss.pxEnd          heap_4.o
    0x20000368        -       0x00000004   Zero   RW         1595    .bss.pxOverflowDelayedTaskList  tasks.o
    0x2000036c        -       0x00000004   Zero   RW         1672    .bss.pxOverflowTimerList  timers.o
    0x20000370        -       0x00000460   Zero   RW         1597    .bss.pxReadyTasksLists  tasks.o
    0x200007d0        -       0x00000004   Zero   RW          173    .bss.readRfidTaskHandle  main.o
    0x200007d4        -       0x00000004   Zero   RW          170    .bss.readUartSemHandle  main.o
    0x200007d8        -       0x00000004   Zero   RW          174    .bss.readUartTaskHandle  main.o
    0x200007dc        -       0x00000004   Zero   RW          169    .bss.readWeightSemHandle  main.o
    0x200007e0        -       0x00000004   Zero   RW          172    .bss.readWeightTaskHandle  main.o
    0x200007e4        -       0x00000008   Zero   RW          111    .bss.receiveBuffer  uartcallback.o
    0x200007ec        -       0x00000001   Zero   RW           91    .bss.receiveStage   rfid.o
    0x200007ed        -       0x00000001   Zero   RW          113    .bss.rfidMsgReceived  uartcallback.o
    0x200007ee        -       0x00000002   Zero   RW           16    .bss.secondsCounter  app.o
    0x200007f0        -       0x000000fb   Zero   RW           51    .bss.sendBuffer     esp.o
    0x200008eb   0x080252f2   0x00000001   PAD
    0x200008ec        -       0x00000004   Zero   RW          168    .bss.sendMsgSemHandle  main.o
    0x200008f0        -       0x00000004   Zero   RW          171    .bss.sendMsgTaskHandle  main.o
    0x200008f4        -       0x0000001e   Zero   RW           95    .bss.tagsBuffer     rfid.o
    0x20000912        -       0x00000001   Zero   RW           14    .bss.timeSynchronization  app.o
    0x20000913   0x080252f2   0x00000001   PAD
    0x20000914        -       0x00000004   Zero   RW           15    .bss.timestamp      app.o
    0x20000918        -       0x00003c00   Zero   RW         1889    .bss.ucHeap         heap_4.o
    0x20004518        -       0x00000001   Zero   RW         1247    .bss.ucMaxSysCallPriority  port.o
    0x20004519   0x080252f2   0x00000003   PAD
    0x2000451c        -       0x00000004   Zero   RW         1248    .bss.ulMaxPRIGROUPValue  port.o
    0x20004520        -       0x00000004   Zero   RW          657    .bss.uwTick         stm32f4xx_hal.o
    0x20004524        -       0x00000004   Zero   RW         1590    .bss.uxCurrentNumberOfTasks  tasks.o
    0x20004528        -       0x00000004   Zero   RW         1589    .bss.uxDeletedTasksWaitingCleanUp  tasks.o
    0x2000452c        -       0x00000004   Zero   RW         1592    .bss.uxSchedulerSuspended  tasks.o
    0x20004530        -       0x00000004   Zero   RW         1587    .bss.uxTaskNumber   tasks.o
    0x20004534        -       0x00000004   Zero   RW         1598    .bss.uxTopReadyPriority  tasks.o
    0x20004538        -       0x00000200   Zero   RW         1855    .bss.vApplicationGetIdleTaskMemory.Idle_Stack  cmsis_os2.o
    0x20004738        -       0x0000005c   Zero   RW         1854    .bss.vApplicationGetIdleTaskMemory.Idle_TCB  cmsis_os2.o
    0x20004794        -       0x00000400   Zero   RW         1857    .bss.vApplicationGetTimerTaskMemory.Timer_Stack  cmsis_os2.o
    0x20004b94        -       0x0000005c   Zero   RW         1856    .bss.vApplicationGetTimerTaskMemory.Timer_TCB  cmsis_os2.o
    0x20004bf0        -       0x00000004   Zero   RW           52    .bss.weight         esp.o
    0x20004bf4        -       0x000000f0   Zero   RW          131    .bss.weightBuffer   adc.o
    0x20004ce4        -       0x00000001   Zero   RW          129    .bss.weightBufferReady  adc.o
    0x20004ce5        -       0x00000001   Zero   RW          126    .bss.weightIndex    adc.o
    0x20004ce6   0x080252f2   0x00000002   PAD
    0x20004ce8        -       0x00000014   Zero   RW         1674    .bss.xActiveTimerList1  timers.o
    0x20004cfc        -       0x00000014   Zero   RW         1675    .bss.xActiveTimerList2  timers.o
    0x20004d10        -       0x00000001   Zero   RW         1883    .bss.xBlockAllocatedBit  heap_4.o
    0x20004d11   0x080252f2   0x00000003   PAD
    0x20004d14        -       0x00000014   Zero   RW         1605    .bss.xDelayedTaskList1  tasks.o
    0x20004d28        -       0x00000014   Zero   RW         1606    .bss.xDelayedTaskList2  tasks.o
    0x20004d3c        -       0x00000004   Zero   RW         1884    .bss.xFreeBytesRemaining  heap_4.o
    0x20004d40        -       0x00000004   Zero   RW         1600    .bss.xIdleTaskHandle  tasks.o
    0x20004d44        -       0x00000004   Zero   RW         1886    .bss.xMinimumEverFreeBytesRemaining  heap_4.o
    0x20004d48        -       0x00000002   Zero   RW         1601    .bss.xNextTaskUnblockTime  tasks.o
    0x20004d4a   0x080252f2   0x00000002   PAD
    0x20004d4c        -       0x00000004   Zero   RW         1604    .bss.xNumOfOverflows  tasks.o
    0x20004d50        -       0x00000004   Zero   RW         1887    .bss.xNumberOfSuccessfulAllocations  heap_4.o
    0x20004d54        -       0x00000004   Zero   RW         1888    .bss.xNumberOfSuccessfulFrees  heap_4.o
    0x20004d58        -       0x00000002   Zero   RW         1603    .bss.xPendedTicks   tasks.o
    0x20004d5a   0x080252f2   0x00000002   PAD
    0x20004d5c        -       0x00000014   Zero   RW         1599    .bss.xPendingReadyList  tasks.o
    0x20004d70        -       0x00000040   Zero   RW         1395    .bss.xQueueRegistry  queue.o
    0x20004db0        -       0x00000004   Zero   RW         1591    .bss.xSchedulerRunning  tasks.o
    0x20004db4        -       0x00000008   Zero   RW         1885    .bss.xStart         heap_4.o
    0x20004dbc        -       0x00000014   Zero   RW         1596    .bss.xSuspendedTaskList  tasks.o
    0x20004dd0        -       0x00000014   Zero   RW         1588    .bss.xTasksWaitingTermination  tasks.o
    0x20004de4        -       0x00000002   Zero   RW         1593    .bss.xTickCount     tasks.o
    0x20004de6   0x080252f2   0x00000002   PAD
    0x20004de8        -       0x00000004   Zero   RW         1669    .bss.xTimerQueue    timers.o
    0x20004dec        -       0x00000004   Zero   RW         1670    .bss.xTimerTaskHandle  timers.o
    0x20004df0        -       0x00000004   Zero   RW         1602    .bss.xYieldPending  tasks.o
    0x20004df4   0x080252f2   0x00000004   PAD
    0x20004df8        -       0x00000200   Zero   RW            2    HEAP                startup_stm32f407xx.o
    0x20004ff8        -       0x00000400   Zero   RW            1    STACK               startup_stm32f407xx.o


    Execution Region RW_IRAM2 (Exec base: 0x2001c000, Load base: 0x080252f8, Size: 0x00000000, Max: 0x00004000, ABSOLUTE)

    **** No section assigned to this execution region ****


==============================================================================

Image component sizes


      Code (inc. data)   RO Data    RW Data    ZI Data      Debug   Object Name

       226          0          0          1        267       1979   adc.o
       120          0          0          0          8       1029   app.o
        16          0          0          0          0       1336   appinit.o
       806          0          0          0       1724      42749   cmsis_os2.o
       558          0          0         59        256       3226   esp.o
       676          0          0          0      15389       4775   heap_4.o
       508          0          0          0          0       5324   hx711.o
       152          0          0          0          0       2192   list.o
       942          0        282          0        248      11858   main.o
       892         16          0          4          5       3977   port.o
      2914          0          0          0         64      22735   queue.o
       750          0          0          1        139       5505   rfid.o
        64         26        392          0       1536        824   startup_stm32f407xx.o
       138          0          0          5          4       7268   stm32f4xx_hal.o
       244          0          0          0          0      10715   stm32f4xx_hal_cortex.o
       164          0          0          0          0       9260   stm32f4xx_hal_dma.o
       446          0          0          0          0       5181   stm32f4xx_hal_gpio.o
       100          0          0          0          0       1630   stm32f4xx_hal_iwdg.o
       354          0          0          0          0       8777   stm32f4xx_hal_msp.o
      1440          0          0          0          0       7332   stm32f4xx_hal_rcc.o
       290          0          0          0          0       4370   stm32f4xx_hal_rcc_ex.o
       920          0          0          0          0      44830   stm32f4xx_hal_tim.o
       188          0          0          0          0      19222   stm32f4xx_hal_tim_ex.o
       162          0          0          0         72       7148   stm32f4xx_hal_timebase_tim.o
      1466          0          0          0          0      24721   stm32f4xx_hal_uart.o
        76          0          0          0          0       2326   stm32f4xx_it.o
        26          0         24          4          0       2624   system_stm32f4xx.o
      3022          8          0          0       1274      29979   tasks.o
      1190         26          0          0        298      14669   timers.o
       344          0          0          0         10       4159   uartcallback.o

    ----------------------------------------------------------------------
     19424         88        734         76      21324     311720   Object Totals
         0          0         32          0          0          0   (incl. Generated)
       230         12          4          2         30          0   (incl. Padding)

    ----------------------------------------------------------------------

      Code (inc. data)   RO Data    RW Data    ZI Data      Debug   Library Member Name

         8          0          0          0          0         68   __main.o
         0          0          0          0          0          0   __rtentry.o
        12          0          0          0          0          0   __rtentry2.o
         6          0          0          0          0          0   __rtentry4.o
        52          8          0          0          0          0   __scatter.o
        26          0          0          0          0          0   __scatter_copy.o
        28          0          0          0          0          0   __scatter_zi.o
        16          0          0          0          0         68   aeabi_memset4.o
        18          0          0          0          0         80   exit.o
         6          0          0          0          0        152   heapauxi.o
         0          0          0          0          0          0   indicate_semi.o
         2          0          0          0          0          0   libinit.o
         6          0          0          0          0          0   libinit2.o
         2          0          0          0          0          0   libshutdown.o
         2          0          0          0          0          0   libshutdown2.o
         8          4          0          0         96         68   libspace.o
       116          0          0          0          0         84   llsdiv.o
       240          0          0          0          0        100   lludivv7m.o
        78          0          0          0          0         80   rt_memclr_w.o
       138          0          0          0          0         68   rt_memcpy_v6.o
       100          0          0          0          0         80   rt_memcpy_w.o
         2          0          0          0          0          0   rtexit.o
        10          0          0          0          0          0   rtexit2.o
        12          4          0          0          0         68   sys_exit.o
        74          0          0          0          0         80   sys_stackheap_outer.o
         2          0          0          0          0         68   use_no_semi.o
        26          0          0          0          0        116   fpinit.o

    ----------------------------------------------------------------------
       998         16          0          0         96       1180   Library Totals
         8          0          0          0          0          0   (incl. Padding)

    ----------------------------------------------------------------------

      Code (inc. data)   RO Data    RW Data    ZI Data      Debug   Library Name

       964         16          0          0         96       1064   c_w.l
        26          0          0          0          0        116   fz_wm.l

    ----------------------------------------------------------------------
       998         16          0          0         96       1180   Library Totals

    ----------------------------------------------------------------------

==============================================================================


      Code (inc. data)   RO Data    RW Data    ZI Data      Debug   

     20422        104        734         76      21420     311872   Grand Totals
     20422        104        734         76      21420     311872   ELF Image Totals
     20422        104        734         76          0          0   ROM Totals

==============================================================================

    Total RO  Size (Code + RO Data)                21156 (  20.66kB)
    Total RW  Size (RW Data + ZI Data)             21496 (  20.99kB)
    Total ROM Size (Code + RO Data + RW Data)      21232 (  20.73kB)

==============================================================================

